Archive member included to satisfy reference by file (symbol)

C:/ProgramData/KMC/SOLID/SDK/2.0/solid-os/core/lib/armv7aLaiv/CT_\libsolid_cs.a(solid_cs_asm.o)
                              C:/Users/admin/Documents/SOLID-IDE/Projects/lwip_server/Debug_tasan/exeClang_SOLID/lwip_server/lwip_server_all.o (exit)
C:/ProgramData/KMC/SOLID/SDK/2.0/solid-os/core/lib/armv7aLaiv/CT_\libsolid_cs.a(solid_cs_main.o)
                              C:/ProgramData/KMC/SOLID/SDK/2.0/solid-os/core/lib/armv7aLaiv/CT_\libsolid_cs.a(solid_cs_asm.o) (solid_cs_main)
C:/ProgramData/KMC/SOLID/SDK/2.0/solid-os/core/lib/armv7aLaiv/CT_\libsolid_cs.a(kmc_trace_mem_dummy.o)
                              C:/ProgramData/KMC/SOLID/SDK/2.0/solid-os/core/lib/armv7aLaiv/CT_\libsolid_cs.a(solid_cs_main.o) (SOLID_kmc_trace_init)
C:/ProgramData/KMC/SOLID/SDK/2.0/solid-os/core/lib/armv7aLaiv/CT_\libsolid_cs.a(solid_cs_event.o)
                              C:/ProgramData/KMC/SOLID/SDK/2.0/solid-os/core/lib/armv7aLaiv/CT_\libsolid_cs.a(solid_cs_main.o) (SOLID_CS_EventNotify)
C:/ProgramData/KMC/SOLID/SDK/2.0/solid-os/core/lib/armv7aLaiv/CT_\libsolid_cs.a(solid_debugger.o)
                              C:/ProgramData/KMC/SOLID/SDK/2.0/solid-os/core/lib/armv7aLaiv/CT_\libsolid_cs.a(solid_cs_event.o) (SOLID_DBG_EventNotify)
C:/ProgramData/KMC/SOLID/SDK/2.0/solid-os/core/lib/armv7aLaiv/CT_\libsolid_cs.a(solid_dmac.o)
                              C:/ProgramData/KMC/SOLID/SDK/2.0/solid-os/core/lib/armv7aLaiv/CT_\libsolid_cs.a(solid_cs_main.o) (SOLID_DMAC_Init)
C:/ProgramData/KMC/SOLID/SDK/2.0/solid-os/core/lib/armv7aLaiv/CT_\libsolid_cs.a(solid_exception.o)
                              C:/ProgramData/KMC/SOLID/SDK/2.0/solid-os/core/lib/armv7aLaiv/CT_\libsolid_cs.a(solid_cs_main.o) (SOLID_Exception_Init)
C:/ProgramData/KMC/SOLID/SDK/2.0/solid-os/core/lib/armv7aLaiv/CT_\libsolid_cs.a(solid_fs_base.o)
                              C:/ProgramData/KMC/SOLID/SDK/2.0/solid-os/core/lib/armv7aLaiv/CT_\libsolid_cs.a(solid_cs_main.o) (SOLID_FS_Init)
C:/ProgramData/KMC/SOLID/SDK/2.0/solid-os/core/lib/armv7aLaiv/CT_\libsolid_cs.a(solid_fs_mem.o)
                              C:/ProgramData/KMC/SOLID/SDK/2.0/solid-os/core/lib/armv7aLaiv/CT_\libsolid_cs.a(solid_cs_main.o) (SOLID_FS_MEM_Init)
C:/ProgramData/KMC/SOLID/SDK/2.0/solid-os/core/lib/armv7aLaiv/CT_\libsolid_cs.a(solid_fs_vlink.o)
                              C:/ProgramData/KMC/SOLID/SDK/2.0/solid-os/core/lib/armv7aLaiv/CT_\libsolid_cs.a(solid_cs_main.o) (SOLID_FS_VLink_Init)
C:/ProgramData/KMC/SOLID/SDK/2.0/solid-os/core/lib/armv7aLaiv/CT_\libsolid_cs.a(solid_intc.o)
                              C:/ProgramData/KMC/SOLID/SDK/2.0/solid-os/core/lib/armv7aLaiv/CT_\libsolid_cs.a(solid_cs_main.o) (SOLID_INTC_Init)
C:/ProgramData/KMC/SOLID/SDK/2.0/solid-os/core/lib/armv7aLaiv/CT_\libsolid_cs.a(solid_iores.o)
                              C:/ProgramData/KMC/SOLID/SDK/2.0/solid-os/core/lib/armv7aLaiv/CT_\libsolid_cs.a(solid_intc.o) (SOLID_IORES_GetInfo)
C:/ProgramData/KMC/SOLID/SDK/2.0/solid-os/core/lib/armv7aLaiv/CT_\libsolid_cs.a(solid_loader.o)
                              C:/ProgramData/KMC/SOLID/SDK/2.0/solid-os/core/lib/armv7aLaiv/CT_\libsolid_cs.a(solid_cs_main.o) (SOLID_LDR_Init)
C:/ProgramData/KMC/SOLID/SDK/2.0/solid-os/core/lib/armv7aLaiv/CT_\libsolid_cs.a(solid_loader_fixed.o)
                              C:/ProgramData/KMC/SOLID/SDK/2.0/solid-os/core/lib/armv7aLaiv/CT_\libsolid_cs.a(solid_loader.o) (SOLID_LDR_FixedSymbol_Init)
C:/ProgramData/KMC/SOLID/SDK/2.0/solid-os/core/lib/armv7aLaiv/CT_\libsolid_cs.a(solid_log.o)
                              C:/ProgramData/KMC/SOLID/SDK/2.0/solid-os/core/lib/armv7aLaiv/CT_\libsolid_cs.a(solid_cs_main.o) (SOLID_LOG_Init)
C:/ProgramData/KMC/SOLID/SDK/2.0/solid-os/core/lib/armv7aLaiv/CT_\libsolid_cs.a(solid_malloc.o)
                              C:/ProgramData/KMC/SOLID/SDK/2.0/solid-os/core/lib/armv7aLaiv/CT_\libsolid_cs.a(solid_dmac.o) (SOLID_free)
C:/ProgramData/KMC/SOLID/SDK/2.0/solid-os/core/lib/armv7aLaiv/CT_\libsolid_cs.a(solid_mem.o)
                              C:/ProgramData/KMC/SOLID/SDK/2.0/solid-os/core/lib/armv7aLaiv/CT_\libsolid_cs.a(solid_loader.o) (SOLID_MEM_Alloc)
C:/ProgramData/KMC/SOLID/SDK/2.0/solid-os/core/lib/armv7aLaiv/CT_\libsolid_cs.a(solid_mem_cache.o)
                              C:/ProgramData/KMC/SOLID/SDK/2.0/solid-os/core/lib/armv7aLaiv/CT_\libsolid_cs.a(solid_mem.o) (_ZN3kmg5solid5CACHE10InvDStrictEmj)
C:/ProgramData/KMC/SOLID/SDK/2.0/solid-os/core/lib/armv7aLaiv/CT_\libsolid_cs.a(solid_mutex.o)
                              C:/ProgramData/KMC/SOLID/SDK/2.0/solid-os/core/lib/armv7aLaiv/CT_\libsolid_cs.a(solid_log.o) (SOLID_EnterCriticalSection)
C:/ProgramData/KMC/SOLID/SDK/2.0/solid-os/core/lib/armv7aLaiv/CT_\libsolid_cs.a(solid_rtc.o)
                              C:/ProgramData/KMC/SOLID/SDK/2.0/solid-os/core/lib/armv7aLaiv/CT_\libsolid_cs.a(solid_loader_fixed.o) (SOLID_RTC_ReadTime)
[...]
Memory Configuration

Name             Origin             Length             Attributes
*default*        0x00000000         0xffffffff

Linker script and memory map

LOAD C:/Users/admin/Documents/SOLID-IDE/Projects/lwip_server/Debug_tasan/exeClang_SOLID/lwip_server/lwip_server_all.o
START GROUP
LOAD C:/ProgramData/KMC/SOLID/SDK/2.0/solid-os/core/lib/armv7aLaiv/CT_\libsolid_cs.a
LOAD C:/ProgramData/KMC/SOLID/SDK/2.0/solid-os/net/lwIP/lib/armv7aLaiv/CT_\libnet.a
LOAD C:/ProgramData/KMC/SOLID/SDK/2.0/solid-os/rtos/toppers_asp3/lib/armv7aLaiv/CT__\libkernel.a
LOAD C:/Users/admin/Documents/SOLID-IDE/Projects/lwip_server/Debug_tasan/exeClang_SOLID/\libbsp.a
LOAD C:/Users/admin/Documents/SOLID-IDE/Projects/lwip_server/Debug_tasan/exeClang_SOLID/\libjcu.a
LOAD C:/Users/admin/Documents/SOLID-IDE/Projects/lwip_server/Debug_tasan/exeClang_SOLID/\liblcd.a
LOAD C:/Users/admin/Documents/SOLID-IDE/Projects/lwip_server/Debug_tasan/exeClang_SOLID/\libospl.a
LOAD C:/Users/admin/Documents/SOLID-IDE/Projects/lwip_server/Debug_tasan/exeClang_SOLID/\libriic.a
LOAD C:/Users/admin/Documents/SOLID-IDE/Projects/lwip_server/Debug_tasan/exeClang_SOLID/\libvdc5.a
END GROUP
LOAD C:/GCC4/ARM/s002/lib/armv7aLaiv\libcompiler_rt.a
LOAD C:/GCC4/ARM/s002/lib/armv7aLaiv\libstdc++.a
LOAD C:/GCC4/ARM/s002/lib/armv7aLaiv\libm.a
START GROUP
LOAD C:/GCC4/ARM/s002/lib/armv7aLaiv/libgcc.a
LOAD C:/GCC4/ARM/s002/lib/armv7aLaiv/libc.a
END GROUP
                0xf8000000                _smm_AddressSanitizer_MonitoringAddress = 0xf8000000
                0x00800000                _smm_AddressSanitizer_MonitoringSize = 0x800000
                0x20600000                _smm_AddressSanitizer_ShadowMemoryPhysicalAddress = 0x20600000
                0x40000000                _smm_AddressSanitizer_ShadowMemoryVirtualAddress = 0x40000000
                0x21000000                _smm_AddressSanitizer_ShadowMemoryOffset = 0x21000000
                0x20100000                _smm_RAM_PhysicalAddress = 0x20100000
                0x00180000                _smm_RAM_Size = 0x180000
                0x20280000                _smm_TRACE_POINT_PhysicalAddress = 0x20280000
                0xf5000000                _smm_TRACE_POINT_VirtualAddress = 0xf5000000
                0x00100000                _smm_TRACE_POINT_Size = 0x100000
                0x20380000                _smm_JPEG_PhysicalAddress = 0x20380000
                0xf6000000                _smm_JPEG_VirtualAddress = 0xf6000000
                0x00018000                _smm_JPEG_Size = 0x18000
                0x20398000                _smm_JPEG_READ_BUF_PhysicalAddress = 0x20398000
                0xf6018000                _smm_JPEG_READ_BUF_VirtualAddress = 0xf6018000
                0x000e8000                _smm_JPEG_READ_BUF_Size = 0xe8000
                0x20480000                _smm_FRAME_PhysicalAddress = 0x20480000
                0xf6100000                _smm_FRAME_VirtualAddress = 0xf6100000
                0x00180000                _smm_FRAME_Size = 0x180000
                0x20700000                _smm_MEMFS_PhysicalAddress = 0x20700000
                0xf7000000                _smm_MEMFS_VirtualAddress = 0xf7000000
                0x00100000                _smm_MEMFS_Size = 0x100000
                0x20800000                _smm_SOLID_PhysicalAddress = 0x20800000
                0xf8000000                _smm_SOLID_VirtualAddress = 0xf8000000
                0x00200000                _smm_SOLID_Size = 0x200000
                0xe8000000                _smm_SLV3_PhysicalAddress = 0xe8000000
                0xf0000000                _smm_SLV3_VirtualAddress = 0xf0000000
                0x00020000                _smm_SLV3_Size = 0x20000
                0xe8030000                _smm_SLV2_PhysicalAddress = 0xe8030000
                0xf0030000                _smm_SLV2_VirtualAddress = 0xf0030000
                0x00020000                _smm_SLV2_Size = 0x20000
                0xe8100000                _smm_SLV5_PhysicalAddress = 0xe8100000
                0xf0100000                _smm_SLV5_VirtualAddress = 0xf0100000
                0x00040000                _smm_SLV5_Size = 0x40000
                0xe8200000                _smm_SLV4_PhysicalAddress = 0xe8200000
                0xf0200000                _smm_SLV4_VirtualAddress = 0xf0200000
                0x00015800                _smm_SLV4_Size = 0x15800
                0xf0000000                _smm_CA9_PhysicalAddress = 0xf0000000
                0xf1000000                _smm_CA9_VirtualAddress = 0xf1000000
                0x00002000                _smm_CA9_Size = 0x2000
                0xfc000000                _smm_SLV6_PhysicalAddress = 0xfc000000
                0xf1100000                _smm_SLV6_VirtualAddress = 0xf1100000
                0x00080000                _smm_SLV6_Size = 0x80000
                0xfcfe0000                _smm_SLV1_PhysicalAddress = 0xfcfe0000
                0xf1200000                _smm_SLV1_VirtualAddress = 0xf1200000
                0x00010000                _smm_SLV1_Size = 0x10000
                0xfcff0000                _smm_SLV0_PhysicalAddress = 0xfcff0000
                0xf1210000                _smm_SLV0_VirtualAddress = 0xf1210000
                0x00010000                _smm_SLV0_Size = 0x10000
                0xfa000000                _smm_IOAREA_VirtualAddress = 0xfa000000
                0x01000000                _smm_IOAREA_Size = 0x1000000
                0xf8300000                _smm_OSSTACK_VirtualAddress = 0xf8300000
                0x00300000                _smm_OSSTACK_Size = 0x300000
                0xf8700000                _smm_SOLID_HEAP_VirtualAddress = 0xf8700000
                0x00080000                _smm_SOLID_HEAP_Size = 0x80000
                0xf8000000                . = _smm_SOLID_VirtualAddress
                0xf8000000                _solid_start = .
                0xf8010000                . = (. + 0x10000)

.text           0xf8010000    0x7c998
                0xf8010000                _solid_text_start = .
 *(.head)
 .head          0xf8010000       0xa0 C:/ProgramData/KMC/SOLID/SDK/2.0/solid-os/core/lib/armv7aLaiv/CT_\libsolid_cs.a(solid_cs_asm.o)
                0xf8010000                solid_header
 *(.solid_vector)
 .solid_vector  0xf80100a0      0x1f8 C:/ProgramData/KMC/SOLID/SDK/2.0/solid-os/core/lib/armv7aLaiv/CT_\libsolid_cs.a(solid_cs_asm.o)
                0xf80100a0                solid_vector
                0xf801028c                exit
 *(.text .stub .text.* .gnu.linkonce.t.*)
 .text          0xf8010298      0x46c C:/Users/admin/Documents/SOLID-IDE/Projects/lwip_server/Debug_tasan/exeClang_SOLID/lwip_server/lwip_server_all.o
                0xf8010298                IMPL_MEM_GetConfig
                0xf801035c                _kernel_call_inirtn
                0xf8010380                _kernel_call_terrtn
                0xf80103bc                root_task
 .text          0xf8010704       0x90 C:/ProgramData/KMC/SOLID/SDK/2.0/solid-os/core/lib/armv7aLaiv/CT_\libsolid_cs.a(solid_cs_asm.o)
                0xf8010704                solid_start
 .text          0xf8010794      0x2c0 C:/ProgramData/KMC/SOLID/SDK/2.0/solid-os/core/lib/armv7aLaiv/CT_\libsolid_cs.a(solid_cs_main.o)
                0xf8010794                _kmc_cpp_ctors
                0xf8010800                _kmc_cpp_dtors
                0xf801089c                solid_cs_main
 .text          0xf8010a54        0x4 C:/ProgramData/KMC/SOLID/SDK/2.0/solid-os/core/lib/armv7aLaiv/CT_\libsolid_cs.a(kmc_trace_mem_dummy.o)
                0xf8010a54                SOLID_kmc_trace_init
 .text          0xf8010a58      0x448 C:/ProgramData/KMC/SOLID/SDK/2.0/solid-os/core/lib/armv7aLaiv/CT_\libsolid_cs.a(solid_cs_event.o)
                0xf8010a58                SOLID_CS_EventNotify
                0xf8010dc4                SOLID_CS_InitError
 .text          0xf8010ea0       0xd0 C:/ProgramData/KMC/SOLID/SDK/2.0/solid-os/core/lib/armv7aLaiv/CT_\libsolid_cs.a(solid_debugger.o)
                0xf8010ea0                SOLID_DBG_IsInDebugger
                0xf8010ebc                SOLID_DBG_EventNotify
 .text          0xf8010f70     0x1920 C:/ProgramData/KMC/SOLID/SDK/2.0/solid-os/core/lib/armv7aLaiv/CT_\libsolid_cs.a(solid_dmac.o)
                0xf8010f70                _ZN3kmg5solid4dmac7ChannelD2Ev
                0xf8010f70                _ZN3kmg5solid4dmac7ChannelD1Ev
                0xf8010fa4                _ZN3kmg5solid4dmac7Channel16ClearTransactionEv
                0xf8011088                _ZN3kmg5solid4dmac7Channel4InitEi
                0xf80110d8                _ZN3kmg5solid4dmac7Channel5AllocEv
                0xf80111f8                _ZN3kmg5solid4dmac7Channel4FreeEv
                0xf80112e0                _ZN3kmg5solid4dmac7Channel11GetBufStateEPi
                0xf8011348                _ZN3kmg5solid4dmac7Channel11SetBufStateEi
                0xf80113bc                _ZN3kmg5solid4dmac7Channel14AddTransactionEP24_SOLID_DMAC_TRANSACTION_
                0xf8011590                _ZN3kmg5solid4dmac7Channel10ClearTrashEv
                0xf80115f4                _ZN3kmg5solid4dmac7Channel14GetTransactionEPP24_SOLID_DMAC_TRANSACTION_
                0xf801165c                _ZN3kmg5solid4dmac7Channel5StartEv
                0xf8011840                SOLID_DMAC_MaintBuffer
                0xf801198c                _ZN3kmg5solid4dmac7Channel5AbortEv
                0xf8011a4c                _ZN3kmg5solid4dmac7Channel11SetCallbackEPFvPviiP24_SOLID_DMAC_TRANSACTION_ES3_
                0xf8011ab0                _ZN3kmg5solid4dmac7Channel6NotifyEi
                0xf8011e08                _ZN3kmg5solid4dmac7Channel5TrashEP24_SOLID_DMAC_TRANSACTION_
                0xf8011ed4                _ZN3kmg5solid4dmac10Controller4InitEv
                0xf8012084                _ZN3kmg5solid4dmac10Controller7GetInfoEv
                0xf80120d4                _ZN3kmg5solid4dmac10Controller10GetChannelEi
                0xf8012154                SOLID_DMAC_Init
                0xf8012168                SOLID_DMAC_GetInfo
                0xf80121d4                SOLID_DMAC_Alloc
                0xf8012244                SOLID_DMAC_Free
                0xf80122b4                SOLID_DMAC_SetBufState
                0xf8012324                SOLID_DMAC_GetBufState
                0xf8012394                SOLID_DMAC_AddTransaction
                0xf8012428                SOLID_DMAC_GetTransaction
                0xf80124bc                SOLID_DMAC_ClearTransaction
                0xf8012550                SOLID_DMAC_Start
                0xf80125e4                SOLID_DMAC_Abort
                0xf8012678                SOLID_DMAC_IsFinished
                0xf801270c                SOLID_DMAC_SetCallback
                0xf80127b0                SOLID_DMAC_Notify
                0xf8012810                SOLID_DMAC_GetConfigIdx
 .text._ZN3kmg5solid4dmac10ControllerC2Ev
                0xf8012890       0x2c C:/ProgramData/KMC/SOLID/SDK/2.0/solid-os/core/lib/armv7aLaiv/CT_\libsolid_cs.a(solid_dmac.o)
                0xf8012890                _ZN3kmg5solid4dmac10ControllerC2Ev
 .text._ZN3kmg5solid4dmac10ControllerD2Ev
                0xf80128bc       0x1c C:/ProgramData/KMC/SOLID/SDK/2.0/solid-os/core/lib/armv7aLaiv/CT_\libsolid_cs.a(solid_dmac.o)
                0xf80128bc                _ZN3kmg5solid4dmac10ControllerD2Ev
 .text._ZN3kmg5solid4dmac7ChannelnaEjRKSt9nothrow_t
                0xf80128d8       0x30 C:/ProgramData/KMC/SOLID/SDK/2.0/solid-os/core/lib/armv7aLaiv/CT_\libsolid_cs.a(solid_dmac.o)
                0xf80128d8                _ZN3kmg5solid4dmac7ChannelnaEjRKSt9nothrow_t
 .text._ZN3kmg5solid4dmac7ChannelC2Ev
                0xf8012908       0x1c C:/ProgramData/KMC/SOLID/SDK/2.0/solid-os/core/lib/armv7aLaiv/CT_\libsolid_cs.a(solid_dmac.o)
                0xf8012908                _ZN3kmg5solid4dmac7ChannelC2Ev
 .text._ZN3kmg5solid4dmac7Channel6IsUsedEv
                0xf8012924       0x28 C:/ProgramData/KMC/SOLID/SDK/2.0/solid-os/core/lib/armv7aLaiv/CT_\libsolid_cs.a(solid_dmac.o)
                0xf8012924                _ZN3kmg5solid4dmac7Channel6IsUsedEv
 .text._ZN3kmg5solid4dmac7Channel10IsFinishedEv
                0xf801294c       0x28 C:/ProgramData/KMC/SOLID/SDK/2.0/solid-os/core/lib/armv7aLaiv/CT_\libsolid_cs.a(solid_dmac.o)
                0xf801294c                _ZN3kmg5solid4dmac7Channel10IsFinishedEv
 .text._ZN3kmg5solid4dmac10ControllerD0Ev
                0xf8012974       0x30 C:/ProgramData/KMC/SOLID/SDK/2.0/solid-os/core/lib/armv7aLaiv/CT_\libsolid_cs.a(solid_dmac.o)
                0xf8012974                _ZN3kmg5solid4dmac10ControllerD0Ev
 .text          0xf80129a4      0x218 C:/ProgramData/KMC/SOLID/SDK/2.0/solid-os/core/lib/armv7aLaiv/CT_\libsolid_cs.a(solid_exception.o)
                0xf80129a4                SOLID_Exception_Init
                0xf8012a10                SOLID_Register_Stack_Check
 .text          0xf8012bbc     0x227c C:/ProgramData/KMC/SOLID/SDK/2.0/solid-os/core/lib/armv7aLaiv/CT_\libsolid_cs.a(solid_fs_base.o)
                0xf8012bbc                _ZN5solid2fs7FileSys4InitEv
                0xf8012be0                _ZN5solid2fs7FileSys8RegisterEP18_SOLID_FS_HANDLER_
                0xf8012da8                _ZN5solid2fs7FileSys10UnRegisterEP18_SOLID_FS_HANDLER_
                0xf8012e8c                _ZN5solid2fs7FileSys11FindHandlerEPKc
                0xf8012f2c                _ZN5solid2fs7FileSys11EnumHandlerEPKcP18_SOLID_FS_HANDLER_
                0xf8013040                _ZN5solid2fs13sysfs_opendirEPKcPPv
                0xf8013184                _ZN5solid2fs14sysfs_closedirEPv
                0xf80131cc                _ZN5solid2fs13sysfs_readdirEPvP6dirent
                0xf8013310                _ZN5solid2fs10sysfs_InitEv
                0xf80133ac                _ZN5solid2fs11DescStocker4InitEv
                0xf80133d8                _ZN5solid2fs11DescStocker9AllocDescEi
                0xf8013478                _ZN5solid2fs11DescStocker8FreeDescEi
                0xf80134e8                _ZN5solid2fs11DescStocker7GetDescEi
                0xf8013594                SOLID_FS_Init
                0xf80135b8                SOLID_FS_Register
                0xf80135f4                SOLID_FS_UnRegister
                0xf8013630                SOLID_FS_Open
                0xf801384c                SOLID_FS_Lseek
                0xf8013ba4                SOLID_FS_Close
                0xf8013ca4                SOLID_FS_Read
                0xf8013e2c                SOLID_FS_Write
                0xf8013fb4                SOLID_FS_Sync
                0xf801409c                SOLID_FS_Ftell
                0xf80141a4                SOLID_FS_Feof
                0xf80142ac                SOLID_FS_Fsize
                0xf80143b4                SOLID_FS_Truncate
                0xf801449c                SOLID_FS_OpenDir
                0xf8014644                SOLID_FS_CloseDir
                0xf8014744                SOLID_FS_ReadDir
                0xf801484c                SOLID_FS_Stat
                0xf8014938                SOLID_FS_Unlink
                0xf8014a00                SOLID_FS_Rename
                0xf8014b9c                SOLID_FS_Chmod
                0xf8014c78                SOLID_FS_Utime
                0xf8014d60                SOLID_FS_Mkdir
 .text._ZN5solid2fs7FileSysC2Ev
                0xf8014e38       0x1c C:/ProgramData/KMC/SOLID/SDK/2.0/solid-os/core/lib/armv7aLaiv/CT_\libsolid_cs.a(solid_fs_base.o)
                0xf8014e38                _ZN5solid2fs7FileSysC2Ev
 .text._ZN5solid2fs7FileSysD2Ev
                0xf8014e54       0x1c C:/ProgramData/KMC/SOLID/SDK/2.0/solid-os/core/lib/armv7aLaiv/CT_\libsolid_cs.a(solid_fs_base.o)
                0xf8014e54                _ZN5solid2fs7FileSysD2Ev
 .text._ZN5solid2fs11DescStockerC2Ev
                0xf8014e70       0x1c C:/ProgramData/KMC/SOLID/SDK/2.0/solid-os/core/lib/armv7aLaiv/CT_\libsolid_cs.a(solid_fs_base.o)
                0xf8014e70                _ZN5solid2fs11DescStockerC2Ev
 .text._ZN5solid2fs11DescStockerD2Ev
                0xf8014e8c       0x1c C:/ProgramData/KMC/SOLID/SDK/2.0/solid-os/core/lib/armv7aLaiv/CT_\libsolid_cs.a(solid_fs_base.o)
                0xf8014e8c                _ZN5solid2fs11DescStockerD2Ev
 .text          0xf8014ea8      0x540 C:/ProgramData/KMC/SOLID/SDK/2.0/solid-os/core/lib/armv7aLaiv/CT_\libsolid_cs.a(solid_fs_mem.o)
                0xf8014ea8                SOLID_FS_MEM_Init
 .text          0xf80153e8      0x7e4 C:/ProgramData/KMC/SOLID/SDK/2.0/solid-os/core/lib/armv7aLaiv/CT_\libsolid_cs.a(solid_fs_vlink.o)
                0xf80153e8                SOLID_FS_VLink_Init
 .text          0xf8015bcc     0x1f80 C:/ProgramData/KMC/SOLID/SDK/2.0/solid-os/core/lib/armv7aLaiv/CT_\libsolid_cs.a(solid_intc.o)
                0xf8015bcc                _ZN3kmg5solid19InterruptController4InitEv
                0xf801603c                _ZN3kmg5solid19InterruptController7CheckIOEv
                0xf801612c                _ZN3kmg5solid19InterruptController9NotifyIrqEPvP19_SOLID_CPU_CONTEXT_
                0xf8016174                _ZN3kmg5solid19InterruptController6EnableEb
                0xf8016208                _ZN3kmg5solid19InterruptController15SetPriorityMaskEi
                0xf801625c                _ZN3kmg5solid19InterruptController6SetBPREi
                0xf80162a0                _ZN3kmg5solid19InterruptController10GetArchVerEv
                0xf80162d4                _ZN3kmg5solid19InterruptController15GetPriorityMaskEv
                0xf8016304                _ZN3kmg5solid19InterruptController8RegisterEP20_SOLID_INTC_HANDLER_i
                0xf80164a0                _ZN3kmg5solid19InterruptController15SetPriorityImplEii
                0xf80164f8                _ZN3kmg5solid19InterruptController16SetTargetProcessEic
                0xf801658c                _ZN3kmg5solid19InterruptController13SetConfigImplEii
                0xf8016644                _ZN3kmg5solid19InterruptController8RegisterEP20_SOLID_INTC_HANDLER_
                0xf8016680                _ZN3kmg5solid19InterruptController10UnRegisterEP20_SOLID_INTC_HANDLER_
                0xf8016734                _ZN3kmg5solid19InterruptController10DisableIntEi
                0xf80167b0                _ZN3kmg5solid19InterruptController7CallSGIEim
                0xf801686c                _ZN3kmg5solid19InterruptController10ProcessIrqEP19_SOLID_CPU_CONTEXT_
                0xf8016a04                _ZN3kmg5solid19InterruptController9EnableIntEi
                0xf8016a80                _ZN3kmg5solid19InterruptController11SetPriorityEii
                0xf8016b50                _ZN3kmg5solid19InterruptController11GetPriorityEiPi
                0xf8016c08                _ZN3kmg5solid19InterruptController15GetPriorityImplEi
                0xf8016c48                _ZN3kmg5solid19InterruptController20SetTargetProcessImplEii
                0xf8016ca0                _ZN3kmg5solid19InterruptController16GetTargetProcessEiPc
                0xf8016d48                _ZN3kmg5solid19InterruptController20GetTargetProcessImplEi
                0xf8016d88                _ZN3kmg5solid19InterruptController6GetBPREv
                0xf8016db8                _ZN3kmg5solid19InterruptController9SetConfigEii
                0xf8016e4c                _ZN3kmg5solid19InterruptController9GetConfigEiPi
                0xf8016ef4                _ZN3kmg5solid19InterruptController13GetConfigImplEi
                0xf8016f70                _ZN3kmg5solid19InterruptController9IsEnabledEi
                0xf8016fe8                _ZN3kmg5solid19InterruptController9IsPendingEi
                0xf8017060                _ZN3kmg5solid19InterruptController8IsActiveEi
                0xf80170d8                _ZN3kmg5solid19InterruptController7DisableEi
                0xf8017188                _ZN3kmg5solid19InterruptController6EnableEi
                0xf8017238                _ZN3kmg5solid19InterruptController9GetStatusEiPm
                0xf8017358                _ZN3kmg5solid19InterruptController7SetHookEP17_SOLID_INTC_HOOK_S3_
                0xf80173ac                _ZN3kmg5solid19InterruptController12ClearPendingEi
                0xf80174f8                SOLID_INTC_Init
                0xf801750c                SOLID_INTC_Register
                0xf8017548                SOLID_INTC_UnRegister
                0xf8017584                SOLID_INTC_CallSGI
                0xf80175d0                SOLID_INTC_Disable
                0xf801760c                SOLID_INTC_Enable
                0xf8017648                SOLID_INTC_GetStatus
                0xf8017694                SOLID_INTC_SetPriorityMask
                0xf80176dc                SOLID_INTC_GetPriorityMask
                0xf8017714                SOLID_INTC_GetPriorityLevel
                0xf8017728                SOLID_INTC_GetMinIntNo
                0xf801773c                SOLID_INTC_GetMaxIntNo
                0xf8017750                SOLID_INTC_GetIntPriority
                0xf801779c                SOLID_INTC_SetIntPriority
                0xf80177e8                SOLID_INTC_GetIntConfig
                0xf8017834                SOLID_INTC_SetIntConfig
                0xf8017880                SOLID_INTC_ClearPending
                0xf80178bc                SOLID_INTC_SetHook
                0xf8017908                test_unlock_cpu
                0xf8017934                test_restore_cpu
                0xf8017954                MyIntCallBack
                0xf8017a24                SOLID_INTC_Test
 .text._ZN3kmg5solid19InterruptControllerC2Ev
                0xf8017b4c       0x1c C:/ProgramData/KMC/SOLID/SDK/2.0/solid-os/core/lib/armv7aLaiv/CT_\libsolid_cs.a(solid_intc.o)
                0xf8017b4c                _ZN3kmg5solid19InterruptControllerC2Ev
 .text._ZN3kmg5solid19InterruptControllerD2Ev
                0xf8017b68       0x1c C:/ProgramData/KMC/SOLID/SDK/2.0/solid-os/core/lib/armv7aLaiv/CT_\libsolid_cs.a(solid_intc.o)
                0xf8017b68                _ZN3kmg5solid19InterruptControllerD2Ev
 .text._ZNK3kmg5solid19InterruptController16GetPriorityShiftEv
                0xf8017b84       0x24 C:/ProgramData/KMC/SOLID/SDK/2.0/solid-os/core/lib/armv7aLaiv/CT_\libsolid_cs.a(solid_intc.o)
                0xf8017b84                _ZNK3kmg5solid19InterruptController16GetPriorityShiftEv
 .text._ZNK3kmg5solid19InterruptController16GetPriorityLevelEv
                0xf8017ba8       0x24 C:/ProgramData/KMC/SOLID/SDK/2.0/solid-os/core/lib/armv7aLaiv/CT_\libsolid_cs.a(solid_intc.o)
                0xf8017ba8                _ZNK3kmg5solid19InterruptController16GetPriorityLevelEv
 .text._ZNK3kmg5solid19InterruptController11GetMinIntNoEv
                0xf8017bcc       0x24 C:/ProgramData/KMC/SOLID/SDK/2.0/solid-os/core/lib/armv7aLaiv/CT_\libsolid_cs.a(solid_intc.o)
                0xf8017bcc                _ZNK3kmg5solid19InterruptController11GetMinIntNoEv
 .text._ZNK3kmg5solid19InterruptController11GetMaxIntNoEv
                0xf8017bf0       0x24 C:/ProgramData/KMC/SOLID/SDK/2.0/solid-os/core/lib/armv7aLaiv/CT_\libsolid_cs.a(solid_intc.o)
                0xf8017bf0                _ZNK3kmg5solid19InterruptController11GetMaxIntNoEv
 .text          0xf8017c14      0xf6c C:/ProgramData/KMC/SOLID/SDK/2.0/solid-os/core/lib/armv7aLaiv/CT_\libsolid_cs.a(solid_iores.o)
                0xf8017c58                _ZN3kmg5solid5iores9IOManagerC2Ev
                0xf8017c58                _ZN3kmg5solid5iores9IOManagerC1Ev
                0xf8017c84                _ZN3kmg5solid5iores9IOManagerD1Ev
                0xf8017c84                _ZN3kmg5solid5iores9IOManagerD2Ev
                0xf8017d6c                _ZN3kmg5solid5iores9IOManagerD0Ev
                0xf8017da4                _ZN3kmg5solid5iores9IOManager4InitEv
                0xf8017e08                _ZN3kmg5solid5iores9IOManager8RegisterEP21_SOLID_IORES_REGINFO_b
                0xf8017fb0                _ZN3kmg5solid5iores9IOManager8FindNodeEPKc
                0xf801809c                _ZN3kmg5solid5iores9IOManager7FindMapEmjb
                0xf8018460                _ZN3kmg5solid5iores9IOManager8CalcHashEPKc
                0xf801858c                _ZN3kmg5solid5iores9IOManager3UseEPKc
                0xf80186f4                _ZN3kmg5solid5iores9IOManager5UnuseEPKc
                0xf80187c0                _ZN3kmg5solid5iores9IOManager9CheckInfoEPKc
                0xf8018828                _ZN3kmg5solid5iores9IOManager7GetInfoEPKcP18_SOLID_IORES_INFO_
                0xf801896c                SOLID_IORES_Init
                0xf8018a30                SOLID_IORES_Use
                0xf8018a6c                SOLID_IORES_Register
                0xf8018ab0                SOLID_IORES_CheckInfo
                0xf8018aec                SOLID_IORES_Unuse
                0xf8018b28                SOLID_IORES_GetInfo
 .text          0xf8018b80     0x4294 C:/ProgramData/KMC/SOLID/SDK/2.0/solid-os/core/lib/armv7aLaiv/CT_\libsolid_cs.a(solid_loader.o)
                0xf8018b80                _ZN3kmg5solid3elf8InitHeapEv
                0xf8018ba8                _ZN3kmg5solid3elf15DuplicateStringEPKc
                0xf8018c48                _ZN3kmg5solid3elf10FreeStringEPKc
                0xf8018d08                _ZNK3kmg5solid3elf10LinkObject7GetNextEv
                0xf8018d28                _ZN3kmg5solid3elf10LinkObject7GetFromEi
                0xf8018dc0                _ZN3kmg5solid3elf10LinkObject7AddTailEPS2_
                0xf8018e20                _ZN3kmg5solid3elf10LinkObject6RemoveEPS2_
                0xf8018e9c                _ZN3kmg5solid3elf7SectionC2EPNS1_9ELFObjectE
                0xf8018e9c                _ZN3kmg5solid3elf7SectionC1EPNS1_9ELFObjectE
                0xf8018ef8                _ZN3kmg5solid3elf7SectionD1Ev
                0xf8018ef8                _ZN3kmg5solid3elf7SectionD2Ev
                0xf8018f24                _ZN3kmg5solid3elf7SectionD0Ev
                0xf8018f5c                _ZN3kmg5solid3elf7Section4ReadEij
                0xf801903c                _ZN3kmg5solid3elf7Section4LoadEi
                0xf8019438                _ZN3kmg5solid3elf9ELFObject10NotifyNoteEPKcm
                0xf80194a8                _ZN3kmg5solid3elf9ELFObject10NotifyNoteEPKcS4_
                0xf801951c                _ZN3kmg5solid3elf7Section10SetMemAttrEv
                0xf8019628                _ZN3kmg5solid3elf7Section10GetMemAttrEv
                0xf80196c4                _ZN3kmg5solid3elf7Section10GetAlignedERmRj
                0xf8019768                _ZN3kmg5solid3elf7Section6UnloadEv
                0xf80197f0                _ZN3kmg5solid3elf7Section8DoImportEi
                0xf8019b7c                _ZN3kmg5solid3elf9ELFObject10GetSectionEi
                0xf8019bb4                _ZN3kmg5solid3elf7Section8GetEntryEimPv
                0xf8019c1c                _ZN3kmg5solid3elf7Section10ReadStringEimPvj
                0xf8019cf0                _ZN3kmg5solid3elf13SymbolManager7GetAddrEPKcPmPb
                0xf8019dd8                _ZN3kmg5solid3elf9ELFObject20RegisterRelocateInfoEPNS1_12RelocateInfoE
                0xf8019e50                _ZN3kmg5solid3elf12RelocateInfo10DoRelocateEmPNS1_9ELFObjectE
                0xf801a404                _ZN3kmg5solid3elf7Section8DoExportEi
                0xf801a5c0                _ZN3kmg5solid3elf13SymbolManager9AddSymbolEPKcmb
                0xf801a728                _ZN3kmg5solid3elf7Section12ReadFileDataEimPvj
                0xf801a874                _ZN3kmg5solid3elf7Section9IsInSpaceEm
                0xf801a918                _ZN3kmg5solid3elf7SegmentC2EPNS1_9ELFObjectE
                0xf801a918                _ZN3kmg5solid3elf7SegmentC1EPNS1_9ELFObjectE
                0xf801a974                _ZN3kmg5solid3elf7SegmentD1Ev
                0xf801a974                _ZN3kmg5solid3elf7SegmentD2Ev
                0xf801a9a0                _ZN3kmg5solid3elf7SegmentD0Ev
                0xf801a9d8                _ZN3kmg5solid3elf7Segment4ReadEij
                0xf801aab8                _ZN3kmg5solid3elf7Segment4LoadEi
                0xf801acf8                _ZN3kmg5solid3elf7Segment6UnloadEv
                0xf801ad80                _ZN3kmg5solid3elf7Segment10GetMemAttrEv
                0xf801ae08                _ZN3kmg5solid3elf7Segment10GetAlignedERmRj
                0xf801ae98                _ZN3kmg5solid3elf9ELFObjectC2EPKc
                0xf801ae98                _ZN3kmg5solid3elf9ELFObjectC1EPKc
                0xf801af10                _ZN3kmg5solid3elf9ELFObjectD1Ev
                0xf801af10                _ZN3kmg5solid3elf9ELFObjectD2Ev
                0xf801afd8                _ZN3kmg5solid3elf9ELFObjectD0Ev
                0xf801b010                _ZNK3kmg5solid3elf9ELFObject7GetNameEv
                0xf801b030                _ZNK3kmg5solid3elf9ELFObject7GetPathEv
                0xf801b050                _ZNK3kmg5solid3elf9ELFObject10GetObjPathEv
                0xf801b0a4                _ZN3kmg5solid3elf9ELFObject4LoadEPKc
                0xf801b700                _ZN3kmg5solid3elf9ELFObject22CheckOverlappedSectionEv
                0xf801b840                _ZN3kmg5solid3elf9ELFObject10SetMemAttrEv
                0xf801b8c4                _ZN3kmg5solid3elf9ELFObject22CheckOverlappedSegmentEv
                0xf801ba04                _ZN3kmg5solid3elf9ELFObject6UnloadEv
                0xf801bb04                _ZN3kmg5solid3elf9ELFObject7CanExecEPm
                0xf801bbd0                _ZN3kmg5solid3elf9ELFObject18GetUnresolvedCountEv
                0xf801bc34                _ZN3kmg5solid3elf9ELFObject21CheckUnresolvedSymbolEv
                0xf801bdac                _ZN3kmg5solid3elf9ELFObject13IsSameSectionEmm
                0xf801be4c                _ZN3kmg5solid3elf11LoadManager4InitEv
                0xf801be70                _ZN3kmg5solid3elf11LoadManager4LoadEPKcS4_
                0xf801c054                _ZN3kmg5solid3elf11LoadManager10FindObjectEPKc
                0xf801c0e4                _ZN3kmg5solid3elf11LoadManager21CheckUnresolvedSymbolEv
                0xf801c138                _ZN3kmg5solid3elf11LoadManager6UnLoadEPKc
                0xf801c280                _ZN3kmg5solid3elf11LoadManager7CanExecEPKcPm
                0xf801c320                _ZN3kmg5solid3elf11LoadManager15CheckUnresolvedEv
                0xf801c38c                _ZN3kmg5solid3elf12RelocateInfoC2EiimPKc
                0xf801c38c                _ZN3kmg5solid3elf12RelocateInfoC1EiimPKc
                0xf801c420                _ZN3kmg5solid3elf12RelocateInfoD1Ev
                0xf801c420                _ZN3kmg5solid3elf12RelocateInfoD2Ev
                0xf801c46c                _ZN3kmg5solid3elf12RelocateInfoD0Ev
                0xf801c4a4                _ZN3kmg5solid3elf12RelocateInfo14CheckVeneerARMEmPNS1_9ELFObjectEi
                0xf801c5f4                _ZN3kmg5solid3elf12RelocateInfo17CheckVeneerThumb2EmPNS1_9ELFObjectEi
                0xf801c7f0                _ZN3kmg5solid3elf6SymbolC1EPKcmb
                0xf801c7f0                _ZN3kmg5solid3elf6SymbolC2EPKcmb
                0xf801c8bc                _ZN3kmg5solid3elf6Symbol8CalcHashEPKc
                0xf801c94c                _ZN3kmg5solid3elf6SymbolD1Ev
                0xf801c94c                _ZN3kmg5solid3elf6SymbolD2Ev
                0xf801c9b0                _ZN3kmg5solid3elf6SymbolD0Ev
                0xf801c9e8                _ZN3kmg5solid3elf6Symbol11CheckNotifyEv
                0xf801ca3c                _ZN3kmg5solid3elf13SymbolManager4InitEv
                0xf801ca68                _ZN3kmg5solid3elf13SymbolManager10FindSymbolEPKc
                0xf801cb38                _ZN3kmg5solid3elf13SymbolManager9DelSymbolEPKc
                0xf801cc4c                SOLID_LDR_Init
                0xf801cc74                SOLID_LDR_GetAddr
                0xf801ccc8                SOLID_LDR_LoadFile
                0xf801cd14                SOLID_LDR_CanExec
                0xf801cd60                SOLID_LDR_UnLoad
                0xf801cd9c                SOLID_LDR_RegisterSymbol
                0xf801cdf0                SOLID_LDR_CheckUnresolved
 .text._ZN3kmg5solid3elf13SymbolManagerC2Ev
                0xf801ce14       0x1c C:/ProgramData/KMC/SOLID/SDK/2.0/solid-os/core/lib/armv7aLaiv/CT_\libsolid_cs.a(solid_loader.o)
                0xf801ce14                _ZN3kmg5solid3elf13SymbolManagerC2Ev
 .text._ZN3kmg5solid3elf13SymbolManagerD2Ev
                0xf801ce30       0x1c C:/ProgramData/KMC/SOLID/SDK/2.0/solid-os/core/lib/armv7aLaiv/CT_\libsolid_cs.a(solid_loader.o)
                0xf801ce30                _ZN3kmg5solid3elf13SymbolManagerD2Ev
 .text._ZN3kmg5solid3elf11LoadManagerC2Ev
                0xf801ce4c       0x2c C:/ProgramData/KMC/SOLID/SDK/2.0/solid-os/core/lib/armv7aLaiv/CT_\libsolid_cs.a(solid_loader.o)
                0xf801ce4c                _ZN3kmg5solid3elf11LoadManagerC2Ev
 .text._ZN3kmg5solid3elf11LoadManagerD2Ev
                0xf801ce78       0x1c C:/ProgramData/KMC/SOLID/SDK/2.0/solid-os/core/lib/armv7aLaiv/CT_\libsolid_cs.a(solid_loader.o)
                0xf801ce78                _ZN3kmg5solid3elf11LoadManagerD2Ev
 .text._ZN3kmg5solid3elf10LinkObjectC2Ev
                0xf801ce94       0x34 C:/ProgramData/KMC/SOLID/SDK/2.0/solid-os/core/lib/armv7aLaiv/CT_\libsolid_cs.a(solid_loader.o)
                0xf801ce94                _ZN3kmg5solid3elf10LinkObjectC2Ev
 .text._ZN3kmg5solid3elf7SectiondlEPv
                0xf801cec8       0x34 C:/ProgramData/KMC/SOLID/SDK/2.0/solid-os/core/lib/armv7aLaiv/CT_\libsolid_cs.a(solid_loader.o)
                0xf801cec8                _ZN3kmg5solid3elf7SectiondlEPv
 .text._ZN3kmg5solid3elf12RelocateInfonwEjRKSt9nothrow_t
                0xf801cefc       0x3c C:/ProgramData/KMC/SOLID/SDK/2.0/solid-os/core/lib/armv7aLaiv/CT_\libsolid_cs.a(solid_loader.o)
                0xf801cefc                _ZN3kmg5solid3elf12RelocateInfonwEjRKSt9nothrow_t
 .text._ZN3kmg5solid3elf7SegmentdlEPv
                0xf801cf38       0x34 C:/ProgramData/KMC/SOLID/SDK/2.0/solid-os/core/lib/armv7aLaiv/CT_\libsolid_cs.a(solid_loader.o)
                0xf801cf38                _ZN3kmg5solid3elf7SegmentdlEPv
 .text._ZN3kmg5solid3elf9ELFObjectdlEPv
                0xf801cf6c       0x34 C:/ProgramData/KMC/SOLID/SDK/2.0/solid-os/core/lib/armv7aLaiv/CT_\libsolid_cs.a(solid_loader.o)
                0xf801cf6c                _ZN3kmg5solid3elf9ELFObjectdlEPv
 .text._ZN3kmg5solid3elf7SectionnwEjRKSt9nothrow_t
                0xf801cfa0       0x3c C:/ProgramData/KMC/SOLID/SDK/2.0/solid-os/core/lib/armv7aLaiv/CT_\libsolid_cs.a(solid_loader.o)
                0xf801cfa0                _ZN3kmg5solid3elf7SectionnwEjRKSt9nothrow_t
 .text._ZN3kmg5solid3elf10LinkObject7SetNextEPS2_
                0xf801cfdc       0x30 C:/ProgramData/KMC/SOLID/SDK/2.0/solid-os/core/lib/armv7aLaiv/CT_\libsolid_cs.a(solid_loader.o)
                0xf801cfdc                _ZN3kmg5solid3elf10LinkObject7SetNextEPS2_
 .text._ZN3kmg5solid3elf7SegmentnwEjRKSt9nothrow_t
                0xf801d00c       0x3c C:/ProgramData/KMC/SOLID/SDK/2.0/solid-os/core/lib/armv7aLaiv/CT_\libsolid_cs.a(solid_loader.o)
                0xf801d00c                _ZN3kmg5solid3elf7SegmentnwEjRKSt9nothrow_t
 .text._ZN3kmg5solid3elf12RelocateInfo7GetNameEv
                0xf801d048       0x20 C:/ProgramData/KMC/SOLID/SDK/2.0/solid-os/core/lib/armv7aLaiv/CT_\libsolid_cs.a(solid_loader.o)
                0xf801d048                _ZN3kmg5solid3elf12RelocateInfo7GetNameEv
 .text._ZN3kmg5solid3elf9ELFObjectnwEjRKSt9nothrow_t
                0xf801d068       0x3c C:/ProgramData/KMC/SOLID/SDK/2.0/solid-os/core/lib/armv7aLaiv/CT_\libsolid_cs.a(solid_loader.o)
                0xf801d068                _ZN3kmg5solid3elf9ELFObjectnwEjRKSt9nothrow_t
 .text._ZN3kmg5solid3elf12RelocateInfodlEPv
                0xf801d0a4       0x34 C:/ProgramData/KMC/SOLID/SDK/2.0/solid-os/core/lib/armv7aLaiv/CT_\libsolid_cs.a(solid_loader.o)
                0xf801d0a4                _ZN3kmg5solid3elf12RelocateInfodlEPv
 .text._ZN3kmg5solid3elf6SymboldlEPv
                0xf801d0d8       0x34 C:/ProgramData/KMC/SOLID/SDK/2.0/solid-os/core/lib/armv7aLaiv/CT_\libsolid_cs.a(solid_loader.o)
                0xf801d0d8                _ZN3kmg5solid3elf6SymboldlEPv
 .text._ZN3kmg5solid3elf6Symbol10GetAddressEv
                0xf801d10c       0x20 C:/ProgramData/KMC/SOLID/SDK/2.0/solid-os/core/lib/armv7aLaiv/CT_\libsolid_cs.a(solid_loader.o)
                0xf801d10c                _ZN3kmg5solid3elf6Symbol10GetAddressEv
 .text._ZN3kmg5solid3elf6Symbol13ChangeAddressEm
                0xf801d12c       0x30 C:/ProgramData/KMC/SOLID/SDK/2.0/solid-os/core/lib/armv7aLaiv/CT_\libsolid_cs.a(solid_loader.o)
                0xf801d12c                _ZN3kmg5solid3elf6Symbol13ChangeAddressEm
 .text._ZN3kmg5solid3elf6SymbolnwEjRKSt9nothrow_t
                0xf801d15c       0x3c C:/ProgramData/KMC/SOLID/SDK/2.0/solid-os/core/lib/armv7aLaiv/CT_\libsolid_cs.a(solid_loader.o)
                0xf801d15c                _ZN3kmg5solid3elf6SymbolnwEjRKSt9nothrow_t
 .text._ZN3kmg5solid3elf6Symbol7GetHashEv
                0xf801d198       0x20 C:/ProgramData/KMC/SOLID/SDK/2.0/solid-os/core/lib/armv7aLaiv/CT_\libsolid_cs.a(solid_loader.o)
                0xf801d198                _ZN3kmg5solid3elf6Symbol7GetHashEv
 .text._ZN3kmg5solid3elf6Symbol7GetNameEv
                0xf801d1b8       0x20 C:/ProgramData/KMC/SOLID/SDK/2.0/solid-os/core/lib/armv7aLaiv/CT_\libsolid_cs.a(solid_loader.o)
                0xf801d1b8                _ZN3kmg5solid3elf6Symbol7GetNameEv
 .text._ZN3kmg5solid3elf11LoadManagerD0Ev
                0xf801d1d8       0x30 C:/ProgramData/KMC/SOLID/SDK/2.0/solid-os/core/lib/armv7aLaiv/CT_\libsolid_cs.a(solid_loader.o)
                0xf801d1d8                _ZN3kmg5solid3elf11LoadManagerD0Ev
 .text._ZN3kmg5solid3elf10LinkObjectD2Ev
                0xf801d208       0x1c C:/ProgramData/KMC/SOLID/SDK/2.0/solid-os/core/lib/armv7aLaiv/CT_\libsolid_cs.a(solid_loader.o)
                0xf801d208                _ZN3kmg5solid3elf10LinkObjectD2Ev
 .text._ZN3kmg5solid3elf10LinkObjectD0Ev
                0xf801d224       0x30 C:/ProgramData/KMC/SOLID/SDK/2.0/solid-os/core/lib/armv7aLaiv/CT_\libsolid_cs.a(solid_loader.o)
                0xf801d224                _ZN3kmg5solid3elf10LinkObjectD0Ev
 .text._ZN3kmg5solid3elf10LinkObjectdlEPv
                0xf801d254       0x34 C:/ProgramData/KMC/SOLID/SDK/2.0/solid-os/core/lib/armv7aLaiv/CT_\libsolid_cs.a(solid_loader.o)
                0xf801d254                _ZN3kmg5solid3elf10LinkObjectdlEPv
 .text          0xf801d288       0x5c C:/ProgramData/KMC/SOLID/SDK/2.0/solid-os/core/lib/armv7aLaiv/CT_\libsolid_cs.a(solid_loader_fixed.o)
                0xf801d288                SOLID_LDR_FixedSymbol_Init
 .text          0xf801d2e4      0x474 C:/ProgramData/KMC/SOLID/SDK/2.0/solid-os/core/lib/armv7aLaiv/CT_\libsolid_cs.a(solid_log.o)
                0xf801d2e4                SOLID_LOG_Init
                0xf801d300                SOLID_LOG_SetMode
                0xf801d564                SOLID_LOG_PutChar
                0xf801d5a8                SOLID_LOG_puts
                0xf801d5fc                SOLID_LOG_write
                0xf801d650                SOLID_LOG_printf
                0xf801d6a4                SOLID_LOG_vprintf
 .text          0xf801d758      0x8b0 C:/ProgramData/KMC/SOLID/SDK/2.0/solid-os/core/lib/armv7aLaiv/CT_\libsolid_cs.a(solid_malloc.o)
                0xf801d758                SOLID_init_memory_pool
                0xf801d810                SOLID_malloc
                0xf801d89c                SOLID_free
                0xf801d8f4                SOLID_realloc
                0xf801d990                SOLID_calloc
                0xf801da2c                SOLID_mallinfo
                0xf801dc28                SOLID_heap_create
                0xf801dc98                SOLID_heap_destroy
                0xf801dce8                SOLID_heap_alloc
                0xf801dd80                SOLID_heap_align
                0xf801de38                SOLID_heap_free
                0xf801deb8                SOLID_heap_mallinfo
 .text          0xf801e008     0x2210 C:/ProgramData/KMC/SOLID/SDK/2.0/solid-os/core/lib/armv7aLaiv/CT_\libsolid_cs.a(solid_mem.o)
                0xf801e1ac                _ZN3kmg5solid7Align4KERmRj
                0xf801e248                _ZN3kmg5solid9MemoryMap4InitEv
                0xf801e2b8                _ZN3kmg5solid9MemoryMap7AddAreaEmjmPKc
                0xf801e424                _ZN3kmg5solid9MemoryMap9AllocAreaEmPKcb
                0xf801e6a8                _ZN3kmg5solid9MemoryMap9FindPAIdxEPKc
                0xf801e758                _ZN3kmg5solid9MemoryMap13ReserveVAAreaEmjPKc
                0xf801e878                _ZN3kmg5solid9MemoryMap11GetAreaInfoEPKcRmRj
                0xf801e94c                _ZN3kmg5solid9MemoryMap9FindVAIdxEPKc
                0xf801e9fc                _ZN3kmg5solid9MemoryMap8FindAreaEmPPKc
                0xf801eb1c                _ZN3kmg5solid9MemoryMap12InitHeapAreaEv
                0xf801ec84                _ZN3kmg5solid9MemoryMap9AllocHeapEjPm
                0xf801ed94                _ZN3kmg5solid9MemoryMap8FreeHeapEm
                0xf801ee20                SOLID_MEM_Init
                0xf801f0a0                SOLID_MEM_Init_L2C
                0xf801f0b4                SOLID_MEM_Alloc
                0xf801f1ec                SOLID_MEM_AllocFlat
                0xf801f2c4                SOLID_MEM_IsFlat
                0xf801f3b0                SOLID_MEM_VA2PA
                0xf801f414                SOLID_MEM_Realloc
                0xf801f51c                SOLID_MEM_Free
                0xf801f62c                SOLID_MEM_Map
                0xf801f694                SOLID_MEM_Unmap
                0xf801f6e8                SOLID_MEM_IsValid
                0xf801f734                SOLID_MEM_GetAttr
                0xf801f798                SOLID_MEM_SetAttr
                0xf801f7f4                SOLID_MEM_GetAddress
                0xf801f850                SOLID_MEM_GetAreaName
                0xf801f89c                SOLID_MEM_CACHE_InvalidateCode
                0xf801f8e8                SOLID_MEM_CACHE_InvalidateCodeStrict
                0xf801f934                SOLID_MEM_CACHE_Invalidate
                0xf801f980                SOLID_MEM_CACHE_InvalidateStrict
                0xf801f9cc                SOLID_MEM_CACHE_Clean
                0xf801fa18                SOLID_MEM_CACHE_CleanStrict
                0xf801fa64                SOLID_MEM_CACHE_CleanAll
                0xf801fa78                SOLID_MEM_CACHE_Flush
                0xf801fac4                SOLID_MEM_CACHE_FlushStrict
                0xf801fb10                SOLID_MEM_CACHE_FlushAll
                0xf801fb24                SOLID_MEM_AllocIO
                0xf801fc6c                SOLID_MEM_FreeIO
                0xf801fce4                SOLID_MEM_CheckIO
                0xf801fde0                SOLID_MEM_AllocHeap
                0xf801fe2c                SOLID_MEM_FreeHeap
                0xf801fe68                SOLID_MEM_SetStackMode
                0xf801feac                SOLID_MEM_AllocStack
                0xf801fef8                SOLID_MEM_FreeStack
                0xf801ff34                SOLID_MEM_AllocPA
                0xf801ff90                SOLID_MEM_RamAccessTest
 .text._ZN3kmg5solid5CACHEC2Ev
                0xf8020218       0x1c C:/ProgramData/KMC/SOLID/SDK/2.0/solid-os/core/lib/armv7aLaiv/CT_\libsolid_cs.a(solid_mem.o)
                0xf8020218                _ZN3kmg5solid5CACHEC2Ev
 .text._ZN3kmg5solid5CACHED2Ev
                0xf8020234       0x1c C:/ProgramData/KMC/SOLID/SDK/2.0/solid-os/core/lib/armv7aLaiv/CT_\libsolid_cs.a(solid_mem.o)
                0xf8020234                _ZN3kmg5solid5CACHED2Ev
 .text._ZN3kmg5solid3MMUC2Ev
                0xf8020250       0x1c C:/ProgramData/KMC/SOLID/SDK/2.0/solid-os/core/lib/armv7aLaiv/CT_\libsolid_cs.a(solid_mem.o)
                0xf8020250                _ZN3kmg5solid3MMUC2Ev
 .text._ZN3kmg5solid3MMUD2Ev
                0xf802026c       0x1c C:/ProgramData/KMC/SOLID/SDK/2.0/solid-os/core/lib/armv7aLaiv/CT_\libsolid_cs.a(solid_mem.o)
                0xf802026c                _ZN3kmg5solid3MMUD2Ev
 .text._ZN3kmg5solid10MemManagerImEC2Ev
                0xf8020288       0x2c C:/ProgramData/KMC/SOLID/SDK/2.0/solid-os/core/lib/armv7aLaiv/CT_\libsolid_cs.a(solid_mem.o)
                0xf8020288                _ZN3kmg5solid10MemManagerImEC2Ev
 .text._ZN3kmg5solid10MemManagerImED2Ev
                0xf80202b4       0x1c C:/ProgramData/KMC/SOLID/SDK/2.0/solid-os/core/lib/armv7aLaiv/CT_\libsolid_cs.a(solid_mem.o)
                0xf80202b4                _ZN3kmg5solid10MemManagerImED2Ev
 .text._ZN3kmg5solid12StackManagerImEC2Ev
                0xf80202d0       0x40 C:/ProgramData/KMC/SOLID/SDK/2.0/solid-os/core/lib/armv7aLaiv/CT_\libsolid_cs.a(solid_mem.o)
                0xf80202d0                _ZN3kmg5solid12StackManagerImEC2Ev
 .text._ZN3kmg5solid12StackManagerImED2Ev
                0xf8020310       0x2c C:/ProgramData/KMC/SOLID/SDK/2.0/solid-os/core/lib/armv7aLaiv/CT_\libsolid_cs.a(solid_mem.o)
                0xf8020310                _ZN3kmg5solid12StackManagerImED2Ev
 .text._ZN3kmg5solid9MemoryMapC2Ev
                0xf802033c       0x1c C:/ProgramData/KMC/SOLID/SDK/2.0/solid-os/core/lib/armv7aLaiv/CT_\libsolid_cs.a(solid_mem.o)
                0xf802033c                _ZN3kmg5solid9MemoryMapC2Ev
 .text._ZN3kmg5solid9MemoryMapD2Ev
                0xf8020358       0x1c C:/ProgramData/KMC/SOLID/SDK/2.0/solid-os/core/lib/armv7aLaiv/CT_\libsolid_cs.a(solid_mem.o)
                0xf8020358                _ZN3kmg5solid9MemoryMapD2Ev
 .text._ZN3kmg5solid10MemManagerImE11AddFreeAreaEmj
                0xf8020374       0x9c C:/ProgramData/KMC/SOLID/SDK/2.0/solid-os/core/lib/armv7aLaiv/CT_\libsolid_cs.a(solid_mem.o)
                0xf8020374                _ZN3kmg5solid10MemManagerImE11AddFreeAreaEmj
 .text._ZN3kmg5solid10MemManagerImE10RemoveAreaEmj
                0xf8020410       0xf4 C:/ProgramData/KMC/SOLID/SDK/2.0/solid-os/core/lib/armv7aLaiv/CT_\libsolid_cs.a(solid_mem.o)
                0xf8020410                _ZN3kmg5solid10MemManagerImE10RemoveAreaEmj
 .text._ZN3kmg5solid10MemManagerImE5AllocEjPmPjb
                0xf8020504      0x24c C:/ProgramData/KMC/SOLID/SDK/2.0/solid-os/core/lib/armv7aLaiv/CT_\libsolid_cs.a(solid_mem.o)
                0xf8020504                _ZN3kmg5solid10MemManagerImE5AllocEjPmPjb
 .text._ZN3kmg5solid10MemManagerImE4FreeEmPj
                0xf8020750       0xe4 C:/ProgramData/KMC/SOLID/SDK/2.0/solid-os/core/lib/armv7aLaiv/CT_\libsolid_cs.a(solid_mem.o)
                0xf8020750                _ZN3kmg5solid10MemManagerImE4FreeEmPj
 .text._ZN3kmg5solid10MemManagerImE4InitEv
                0xf8020834       0xcc C:/ProgramData/KMC/SOLID/SDK/2.0/solid-os/core/lib/armv7aLaiv/CT_\libsolid_cs.a(solid_mem.o)
                0xf8020834                _ZN3kmg5solid10MemManagerImE4InitEv
 .text._ZN3kmg5solid12StackManagerImE4InitEv
                0xf8020900       0x48 C:/ProgramData/KMC/SOLID/SDK/2.0/solid-os/core/lib/armv7aLaiv/CT_\libsolid_cs.a(solid_mem.o)
                0xf8020900                _ZN3kmg5solid12StackManagerImE4InitEv
 .text._ZN3kmg5solid10MemManagerImE7GetUsedEv
                0xf8020948       0x20 C:/ProgramData/KMC/SOLID/SDK/2.0/solid-os/core/lib/armv7aLaiv/CT_\libsolid_cs.a(solid_mem.o)
                0xf8020948                _ZN3kmg5solid10MemManagerImE7GetUsedEv
 .text._ZN3kmg5solid12StackManagerImE7SetModeEb
                0xf8020968       0x74 C:/ProgramData/KMC/SOLID/SDK/2.0/solid-os/core/lib/armv7aLaiv/CT_\libsolid_cs.a(solid_mem.o)
                0xf8020968                _ZN3kmg5solid12StackManagerImE7SetModeEb
 .text._ZN3kmg5solid12StackManagerImE5AllocEjPm
                0xf80209dc      0x1c4 C:/ProgramData/KMC/SOLID/SDK/2.0/solid-os/core/lib/armv7aLaiv/CT_\libsolid_cs.a(solid_mem.o)
                0xf80209dc                _ZN3kmg5solid12StackManagerImE5AllocEjPm
 .text._ZN3kmg5solid12StackManagerImE4FreeEm
                0xf8020ba0      0x15c C:/ProgramData/KMC/SOLID/SDK/2.0/solid-os/core/lib/armv7aLaiv/CT_\libsolid_cs.a(solid_mem.o)
                0xf8020ba0                _ZN3kmg5solid12StackManagerImE4FreeEm
 .text._ZN3kmg5solid10MemManagerImE12AllocAlignedEjmPm
                0xf8020cfc      0x298 C:/ProgramData/KMC/SOLID/SDK/2.0/solid-os/core/lib/armv7aLaiv/CT_\libsolid_cs.a(solid_mem.o)
                0xf8020cfc                _ZN3kmg5solid10MemManagerImE12AllocAlignedEjmPm
 .text._ZN3kmg5solid10MemManagerImED0Ev
                0xf8020f94       0x30 C:/ProgramData/KMC/SOLID/SDK/2.0/solid-os/core/lib/armv7aLaiv/CT_\libsolid_cs.a(solid_mem.o)
                0xf8020f94                _ZN3kmg5solid10MemManagerImED0Ev
 .text._ZN3kmg5solid12StackManagerImED0Ev
                0xf8020fc4       0x30 C:/ProgramData/KMC/SOLID/SDK/2.0/solid-os/core/lib/armv7aLaiv/CT_\libsolid_cs.a(solid_mem.o)
                0xf8020fc4                _ZN3kmg5solid12StackManagerImED0Ev
 .text._ZN3kmg5solid10MemManagerImE10AllocChunkEv
                0xf8020ff4       0x64 C:/ProgramData/KMC/SOLID/SDK/2.0/solid-os/core/lib/armv7aLaiv/CT_\libsolid_cs.a(solid_mem.o)
                0xf8020ff4                _ZN3kmg5solid10MemManagerImE10AllocChunkEv
 .text._ZN3kmg5solid10MemManagerImE8AddChunkERPNS0_15SOLID_MEM_CHUNKImEES5_b
                0xf8021058      0x18c C:/ProgramData/KMC/SOLID/SDK/2.0/solid-os/core/lib/armv7aLaiv/CT_\libsolid_cs.a(solid_mem.o)
                0xf8021058                _ZN3kmg5solid10MemManagerImE8AddChunkERPNS0_15SOLID_MEM_CHUNKImEES5_b
 .text._ZN3kmg5solid10MemManagerImE9FreeChunkEPNS0_15SOLID_MEM_CHUNKImEE
                0xf80211e4       0x9c C:/ProgramData/KMC/SOLID/SDK/2.0/solid-os/core/lib/armv7aLaiv/CT_\libsolid_cs.a(solid_mem.o)
                0xf80211e4                _ZN3kmg5solid10MemManagerImE9FreeChunkEPNS0_15SOLID_MEM_CHUNKImEE
 .text._ZN3kmg5solid10MemManagerImE11RemoveChunkERPNS0_15SOLID_MEM_CHUNKImEES5_S5_
                0xf8021280       0x78 C:/ProgramData/KMC/SOLID/SDK/2.0/solid-os/core/lib/armv7aLaiv/CT_\libsolid_cs.a(solid_mem.o)
                0xf8021280                _ZN3kmg5solid10MemManagerImE11RemoveChunkERPNS0_15SOLID_MEM_CHUNKImEES5_S5_
 .text._ZN3kmg5solid12StackManagerImE8IsInUsedEmj
                0xf80212f8      0x148 C:/ProgramData/KMC/SOLID/SDK/2.0/solid-os/core/lib/armv7aLaiv/CT_\libsolid_cs.a(solid_mem.o)
                0xf80212f8                _ZN3kmg5solid12StackManagerImE8IsInUsedEmj
 .text          0xf8021440     0x136c C:/ProgramData/KMC/SOLID/SDK/2.0/solid-os/core/lib/armv7aLaiv/CT_\libsolid_cs.a(solid_mem_cache.o)
                0xf8021440                _ZN3kmg5solid5CACHE4InitEv
                0xf80216f4                _ZN3kmg5solid5CACHE12EnableCachesEb
                0xf8021760                _ZN3kmg5solid5CACHE7InitL2CEv
                0xf80217b8                _ZN3kmg5solid5CACHE7Init2ndEv
                0xf80217d0                _ZN3kmg5solid5CACHE4InvIEv
                0xf8021938                _ZN3kmg5solid5CACHE4InvIEmj
                0xf80219a8                _ZN3kmg5solid5CACHE10InvIStrictEmj
                0xf8021af4                _ZN3kmg5solid5CACHE4InvDEmj
                0xf8021ca8                _ZN3kmg5solid5CACHE5FlushEmj
                0xf8021d18                _ZN3kmg5solid5CACHE10InvDStrictEmj
                0xf8021f88                _ZN3kmg5solid5CACHE5CleanEv
                0xf80221b4                _ZN3kmg5solid5CACHE5CleanEmj
                0xf8022224                _ZN3kmg5solid5CACHE11CleanStrictEmj
                0xf80223cc                _ZN3kmg5solid5CACHE5FlushEv
                0xf80224f4                _ZN3kmg5solid5CACHE11FlushStrictEmj
 .text          0xf80227ac      0x198 C:/ProgramData/KMC/SOLID/SDK/2.0/solid-os/core/lib/armv7aLaiv/CT_\libsolid_cs.a(solid_mutex.o)
                0xf80227ac                SOLID_InitializeCriticalSection
                0xf80227f0                SOLID_EnterCriticalSection
                0xf8022860                SOLID_TryEnterCriticalSection
                0xf80228b4                SOLID_LeaveCriticalSection
 .text          0xf8022944      0x1ac C:/ProgramData/KMC/SOLID/SDK/2.0/solid-os/core/lib/armv7aLaiv/CT_\libsolid_cs.a(solid_rtc.o)
                0xf8022944                SOLID_RTC_Init
                0xf8022960                SOLID_RTC_ReadTime
                0xf80229b4                SOLID_RTC_SetTime
 .text          0xf8022af0     0x1754 C:/ProgramData/KMC/SOLID/SDK/2.0/solid-os/core/lib/armv7aLaiv/CT_\libsolid_cs.a(solid_timer.o)
                0xf8022b2c                _ZN3kmg5solid9TickCount4InitEP17_IMPL_TIMER_INFO_
                0xf8022ba4                _ZN3kmg5solid9TickCount14GetCurrentTickEv
                0xf8022be8                _ZN3kmg5solid9TickCount12CalcNextTickEm
                0xf8022c48                _ZN3kmg5solid9TickCount6ToTickEm
                0xf8022cac                _ZN3kmg5solid9TickCount6ToUsecEy
                0xf8022d1c                _ZN3kmg5solid9TickCount10UpdateTickEv
                0xf8022d80                _ZN3kmg5solid9TickCount7SuspendEv
                0xf8022d98                _ZN3kmg5solid9TickCount6ResumeEv
                0xf8022dec                _ZN3kmg5solid5Timer12CallBackFuncEPvP19_SOLID_CPU_CONTEXT_
                0xf8022e2c                _ZN3kmg5solid5Timer11NotifyTimerEP19_SOLID_CPU_CONTEXT_
                0xf80230e8                _ZN3kmg5solid5Timer4InitEv
                0xf8023794                SOLID_TIMER_GetCurrentTick
                0xf80237a8                SOLID_TIMER_WaitNsec
                0xf80238a8                _ZN3kmg5solid5Timer7ToTicksEy
                0xf802391c                _ZN3kmg5solid5Timer8SetTimerEy
                0xf8023aa0                _ZN3kmg5solid5Timer10SetMaxTimeEv
                0xf8023ae0                _ZN3kmg5solid5Timer8RegisterEP21_SOLID_TIMER_HANDLER_
                0xf8023c30                _ZN3kmg5solid5Timer8AddQueueEP21_SOLID_TIMER_HANDLER_
                0xf8023dd0                _ZN3kmg5solid5Timer10UnRegisterEP21_SOLID_TIMER_HANDLER_
                0xf8023f7c                _ZN3kmg5solid5Timer7SuspendEv
                0xf8023fb8                _ZN3kmg5solid5Timer6ResumeEv
                0xf8023ff8                SOLID_TIMER_Init
                0xf802400c                SOLID_TIMER_ToUsec
                0xf802405c                SOLID_TIMER_RegisterTimer
                0xf8024098                SOLID_TIMER_UnRegisterTimer
                0xf80240d4                SOLID_TIMER_GetTicksPerSec
                0xf80240e8                SOLID_TIMER_GetMaxTicks
                0xf80241b0                SOLID_TIMER_GetMaxTimerTime
                0xf802420c                SOLID_TIMER_Suspend
                0xf8024220                SOLID_TIMER_Resume
 .text._ZN3kmg5solid9TickCountC2Ev
                0xf8024244       0x1c C:/ProgramData/KMC/SOLID/SDK/2.0/solid-os/core/lib/armv7aLaiv/CT_\libsolid_cs.a(solid_timer.o)
                0xf8024244                _ZN3kmg5solid9TickCountC2Ev
 .text._ZN3kmg5solid9TickCountD2Ev
                0xf8024260       0x1c C:/ProgramData/KMC/SOLID/SDK/2.0/solid-os/core/lib/armv7aLaiv/CT_\libsolid_cs.a(solid_timer.o)
                0xf8024260                _ZN3kmg5solid9TickCountD2Ev
 .text._ZN3kmg5solid5TimerC2Ev
                0xf802427c       0x1c C:/ProgramData/KMC/SOLID/SDK/2.0/solid-os/core/lib/armv7aLaiv/CT_\libsolid_cs.a(solid_timer.o)
                0xf802427c                _ZN3kmg5solid5TimerC2Ev
 .text._ZN3kmg5solid5TimerD2Ev
                0xf8024298       0x1c C:/ProgramData/KMC/SOLID/SDK/2.0/solid-os/core/lib/armv7aLaiv/CT_\libsolid_cs.a(solid_timer.o)
                0xf8024298                _ZN3kmg5solid5TimerD2Ev
 .text._ZNK3kmg5solid9TickCount14GetTicksPerSecEv
                0xf80242b4       0x20 C:/ProgramData/KMC/SOLID/SDK/2.0/solid-os/core/lib/armv7aLaiv/CT_\libsolid_cs.a(solid_timer.o)
                0xf80242b4                _ZNK3kmg5solid9TickCount14GetTicksPerSecEv
 .text._ZNK3kmg5solid5Timer14GetTicksPerSecEv
                0xf80242d4       0x20 C:/ProgramData/KMC/SOLID/SDK/2.0/solid-os/core/lib/armv7aLaiv/CT_\libsolid_cs.a(solid_timer.o)
                0xf80242d4                _ZNK3kmg5solid5Timer14GetTicksPerSecEv
 .text._ZNK3kmg5solid5Timer11GetMaxTicksEv
                0xf80242f4       0x20 C:/ProgramData/KMC/SOLID/SDK/2.0/solid-os/core/lib/armv7aLaiv/CT_\libsolid_cs.a(solid_timer.o)
                0xf80242f4                _ZNK3kmg5solid5Timer11GetMaxTicksEv
 .text          0xf8024314      0x720 C:/ProgramData/KMC/SOLID/SDK/2.0/solid-os/core/lib/armv7aLaiv/CT_\libsolid_cs.a(solid_vector.o)
                0xf8024314                SOLID_VECTOR_Init
                0xf80243dc                SOLID_VECTOR_Register
                0xf8024470                SOLID_VECTOR_UnRegister
                0xf8024588                SOLID_VECTOR_Notify
                0xf8024650                SOLID_VECTOR_IsInInterrupt
                0xf8024668                SOLID_SVC_Register
                0xf8024928                SOLID_SVC_UnRegister
 .text          0xf8024a34      0x2a4 C:/ProgramData/KMC/SOLID/SDK/2.0/solid-os/core/lib/armv7aLaiv/CT_\libsolid_cs.a(solid_vlink.o)
                0xf8024a34                SOLID_VLINK_IsAvailable
                0xf8024a74                SOLID_VLINK_WriteConsole
                0xf8024aac                SOLID_VLINK_Init
                0xf8024b7c                SOLID_VLINK_GetCwd
 .text          0xf8024cd8     0x2d70 C:/ProgramData/KMC/SOLID/SDK/2.0/solid-os/core/lib/armv7aLaiv/CT_\libsolid_cs.a(tasan.o)
                0xf8024cd8                asan_report_error
                0xf8024ec0                asan_report
                0xf8024f40                asan_enabled
                0xf8024f50                __asan_report_load1_noabort
                0xf8024f84                __asan_report_load2_noabort
                0xf8024fb8                __asan_report_load4_noabort
                0xf8024fec                __asan_report_load8_noabort
                0xf8025020                __asan_report_load16_noabort
                0xf8025054                __asan_report_store1_noabort
                0xf8025084                __asan_report_store2_noabort
                0xf80250c0                __asan_report_store4_noabort
                0xf80250fc                __asan_report_store8_noabort
                0xf8025138                __asan_report_store16_noabort
                0xf8025174                asan_check_double_free
                0xf8025398                __asan_load1
                0xf8025490                __asan_load1_noabort
                0xf8025588                __asan_store1
                0xf802567c                __asan_store1_noabort
                0xf8025770                __asan_load2
                0xf8025868                __asan_load2_noabort
                0xf8025960                __asan_store2
                0xf8025a58                __asan_store2_noabort
                0xf8025b50                __asan_load4
                0xf8025c48                __asan_load4_noabort
                0xf8025d40                __asan_store4
                0xf8025e38                __asan_store4_noabort
                0xf8025f30                __asan_load8
                0xf8026028                __asan_load8_noabort
                0xf8026120                __asan_store8
                0xf8026218                __asan_store8_noabort
                0xf8026310                __asan_load16
                0xf8026408                __asan_load16_noabort
                0xf8026500                __asan_store16
                0xf80265f8                __asan_store16_noabort
                0xf80266f0                __asan_loadN
                0xf80267f4                __asan_loadN_noalign
                0xf80268f8                __asan_loadN_noabort
                0xf80269fc                __asan_storeN
                0xf8026b00                __asan_storeN_noalign
                0xf8026c04                __asan_storeN_noabort
                0xf8026d08                asan_poison_shadow
                0xf8026dec                asan_unpoison_shadow
                0xf8026ec0                __asan_register_globals
                0xf8026fcc                __asan_unregister_globals
                0xf8026ff0                tasan_init
                0xf80270b0                __asan_handle_no_return
                0xf80270b4                __asan_init_v5
                0xf80270b8                __asan_init
                0xf80270bc                __asan_version_mismatch_check_v8
                0xf80270c0                __asan_before_dynamic_init
                0xf80270d8                __asan_after_dynamic_init
                0xf80270dc                asan_set_report_handler
 .text          0xf8027a48      0x220 C:/ProgramData/KMC/SOLID/SDK/2.0/solid-os/core/lib/armv7aLaiv/CT_\libsolid_cs.a(tasan_interceptors.o)
                0xf8027a48                __wrap_memcpy
                0xf8027ab8                __wrap_memset
                0xf8027b1c                __wrap_memmove
                0xf8027b8c                __wrap_memcmp
                0xf8027bfc                __wrap_strcpy
 .text          0xf8027c68     0x1d0c C:/ProgramData/KMC/SOLID/SDK/2.0/solid-os/core/lib/armv7aLaiv/CT_\libsolid_cs.a(solid_mem_mmu.o)
                0xf8027c68                _ZN3kmg5solid3MMU4InitEv
                0xf802801c                _ZN3kmg5solid3MMU11Free2ndPageEi
                0xf8028090                _ZN3kmg5solid3MMU5UnmapEmjb
                0xf80282a8                _ZN3kmg5solid3MMU9IsSectionEi
                0xf80282f0                _ZN3kmg5solid3MMU6IsPageEi
                0xf8028330                _ZN3kmg5solid3MMU6ExpandEi
                0xf80284e0                _ZN3kmg5solid3MMU15Allocate2ndPageEv
                0xf80285c4                _ZN3kmg5solid3MMU6ReductEi
                0xf8028638                _ZN3kmg5solid3MMU13Get2ndPageIdxEi
                0xf80286bc                _ZN3kmg5solid3MMU3MapEmjmb
                0xf80289ac                _ZN3kmg5solid3MMU7IsValidEmj
                0xf8028bb4                _ZN3kmg5solid3MMU9IsInvalidEmj
                0xf8028dbc                _ZN3kmg5solid3MMU9CheckAreaEmRbRjj
                0xf802909c                _ZN3kmg5solid3MMU5VA2PAEmPm
                0xf80291d0                _ZN3kmg5solid3MMU7GetAttrEmPi
                0xf802940c                _ZN3kmg5solid3MMU7SetAttrEmi
                0xf80296c4                _ZN3kmg5solid3MMU7SetAttrEmji
 .text          0xf8029974      0x4e8 C:/ProgramData/KMC/SOLID/SDK/2.0/solid-os/core/lib/armv7aLaiv/CT_\libsolid_cs.a(kmc_evttracker_core.o)
                0xf8029974                __kmc_toppers_event_log_init
                0xf8029b44                __kmc_toppers_event_logI
                0xf8029cc8                __kmc_toppers_event_set_int_mask
                0xf8029cf0                __kmc_toppers_event_clear_int_mask
                0xf8029d18                __kmc_log_inh_enter
                0xf8029de8                __kmc_log_inh_leave
 .text          0xf8029e5c     0x95d0 C:/ProgramData/KMC/SOLID/SDK/2.0/solid-os/core/lib/armv7aLaiv/CT_\libsolid_cs.a(dlmalloc.o)
                0xf8029e5c                create_mspace
                0xf802a210                create_mspace_with_base
                0xf802a344                mspace_track_large_chunks
                0xf802a3ac                destroy_mspace
                0xf802a470                mspace_malloc
                0xf802c6d8                mspace_free
                0xf802e3f0                mspace_calloc
                0xf802e524                mspace_realloc
                0xf802f1cc                mspace_realloc_in_place
                0xf802f2c8                mspace_memalign
                0xf802f704                mspace_independent_calloc
                0xf802fba4                mspace_independent_comalloc
                0xf802fc0c                mspace_bulk_free
                0xf802fe60                mspace_inspect_all
                0xf8030104                mspace_trim
                0xf8030150                mspace_malloc_stats
                0xf80303ec                mspace_footprint
                0xf8030424                mspace_max_footprint
                0xf803045c                mspace_footprint_limit
                0xf80304c4                mspace_set_footprint_limit
                0xf8030574                mspace_mallinfo
                0xf8030848                mspace_usable_size
                0xf80308cc                mspace_mallopt
 .text          0xf803342c       0x30 C:/ProgramData/KMC/SOLID/SDK/2.0/solid-os/core/lib/armv7aLaiv/CT_\libsolid_cs.a(solid_asan.o)
                0xf803342c                SOLID_ASAN_Enabled
                0xf8033438                SOLID_ASAN_RegisterReporter
 .text          0xf803345c        0x0 C:/ProgramData/KMC/SOLID/SDK/2.0/solid-os/core/lib/armv7aLaiv/CT_\libsolid_cs.a(solid_cs_args.o)
 .text          0xf803345c     0x1198 C:/ProgramData/KMC/SOLID/SDK/2.0/solid-os/net/lwIP/lib/armv7aLaiv/CT_\libnet.a(sys_arch.o)
                0xf8033474                sys_init
                0xf8033478                sys_setup_OSresource
                0xf80336e0                sys_start_daemon
                0xf8033758                sys_thread_new
                0xf80338c4                lwip_daemon_thread
                0xf803399c                sys_arch_protect
                0xf80339c0                sys_arch_unprotect
                0xf80339e4                sys_sem_new
                0xf8033b58                sys_sem_signal
                0xf8033c0c                sys_arch_sem_wait
                0xf8033d8c                sys_now
                0xf8033da8                sys_sem_free
                0xf8033dd8                sys_sem_valid
                0xf8033e84                sys_sem_set_invalid
                0xf8033ea8                sys_mbox_new
                0xf8033f80                sys_mbox_post
                0xf8034044                sys_mbox_trypost
                0xf8034134                sys_arch_mbox_fetch
                0xf80342e8                sys_arch_mbox_tryfetch
                0xf80343b8                sys_mbox_free
                0xf80343e8                sys_mbox_valid
                0xf8034494                sys_mbox_set_invalid
                0xf80344b8                lwip_thread_task
 .text          0xf80345f4     0x4f7c C:/ProgramData/KMC/SOLID/SDK/2.0/solid-os/net/lwIP/lib/armv7aLaiv/CT_\libnet.a(sockets.o)
                0xf80345f4                lwip_socket_thread_init
                0xf80345f8                lwip_socket_thread_cleanup
                0xf80345fc                lwip_accept
                0xf8035230                lwip_bind
                0xf803541c                lwip_close
                0xf8035568                lwip_connect
                0xf8035818                lwip_listen
                0xf80359fc                lwip_recvfrom
                0xf8036088                lwip_read
                0xf80360e0                lwip_recv
                0xf8036144                lwip_send
                0xf80362d4                lwip_sendto
                0xf80365a8                lwip_sendmsg
                0xf8036c24                lwip_socket
                0xf8036df4                lwip_write
                0xf8036e40                lwip_writev
                0xf8036eb8                lwip_select
                0xf8037cd4                lwip_shutdown
                0xf8037efc                lwip_getpeername
                0xf80380f4                lwip_getsockname
                0xf8038140                lwip_getsockopt
                0xf8038b08                lwip_setsockopt
                0xf8039230                lwip_ioctl
                0xf80393a4                lwip_fcntl
 .text          0xf8039570      0x74c C:/ProgramData/KMC/SOLID/SDK/2.0/solid-os/net/lwIP/lib/armv7aLaiv/CT_\libnet.a(tcpip.o)
                0xf8039570                tcpip_inpkt
                0xf8039664                tcpip_input
                0xf80396dc                tcpip_callback_with_block
                0xf80397ec                tcpip_send_msg_wait_sem
                0xf8039858                tcpip_api_call
                0xf80398b8                tcpip_callbackmsg_new
                0xf803993c                tcpip_callbackmsg_delete
                0xf8039974                tcpip_trycallback
                0xf80399c4                tcpip_init
                0xf8039c04                pbuf_free_callback
                0xf8039c78                mem_free_callback
 .text          0xf8039cbc      0x4f0 C:/ProgramData/KMC/SOLID/SDK/2.0/solid-os/net/lwIP/lib/armv7aLaiv/CT_\libnet.a(def.o)
                0xf8039cbc                lwip_htons
                0xf8039cdc                lwip_htonl
                0xf8039d10                lwip_strnstr
                0xf8039e38                lwip_stricmp
                0xf8039f2c                lwip_strnicmp
                0xf803a064                lwip_itoa
 .text          0xf803a1ac       0x44 C:/ProgramData/KMC/SOLID/SDK/2.0/solid-os/net/lwIP/lib/armv7aLaiv/CT_\libnet.a(init.o)
                0xf803a1ac                lwip_init
 .text          0xf803a1f0      0xee8 C:/ProgramData/KMC/SOLID/SDK/2.0/solid-os/net/lwIP/lib/armv7aLaiv/CT_\libnet.a(ip4.o)
                0xf803a1f0                ip4_route
                0xf803a41c                ip4_input
                0xf803ab80                ip4_output_if
                0xf803ac5c                ip4_output_if_src
                0xf803afe8                ip4_output
 .text          0xf803b0d8      0x914 C:/ProgramData/KMC/SOLID/SDK/2.0/solid-os/net/lwIP/lib/armv7aLaiv/CT_\libnet.a(ip4_addr.o)
                0xf803b0d8                ip4_addr_isbroadcast_u32
                0xf803b1d4                ip4_addr_netmask_valid
                0xf803b29c                ipaddr_addr
                0xf803b2f0                ip4addr_aton
                0xf803b7e0                ip4addr_ntoa
                0xf803b818                ip4addr_ntoa_r
 .text          0xf803b9ec     0x155c C:/ProgramData/KMC/SOLID/SDK/2.0/solid-os/net/lwIP/lib/armv7aLaiv/CT_\libnet.a(ip4_frag.o)
                0xf803b9ec                ip_reass_tmr
                0xf803bcc8                ip4_reass
                0xf803ca10                ip4_frag
 .text          0xf803cf48      0xddc C:/ProgramData/KMC/SOLID/SDK/2.0/solid-os/net/lwIP/lib/armv7aLaiv/CT_\libnet.a(mem.o)
                0xf803cf48                mem_init
                0xf803d018                mem_free
                0xf803d3f4                mem_trim
                0xf803d824                mem_malloc
                0xf803dcb8                mem_calloc
 .text          0xf803dd24      0x49c C:/ProgramData/KMC/SOLID/SDK/2.0/solid-os/net/lwIP/lib/armv7aLaiv/CT_\libnet.a(memp.o)
                0xf803dd24                memp_init_pool
                0xf803ddf4                memp_init
                0xf803de6c                memp_malloc_pool
                0xf803dfd8                memp_malloc
                0xf803e040                memp_free_pool
                0xf803e14c                memp_free
 .text          0xf803e1c0      0x9f8 C:/ProgramData/KMC/SOLID/SDK/2.0/solid-os/net/lwIP/lib/armv7aLaiv/CT_\libnet.a(netif.o)
                0xf803e1c0                netif_init
                0xf803e1c4                netif_input
                0xf803e22c                netif_add
                0xf803e3c4                netif_set_addr
                0xf803e478                netif_set_ipaddr
                0xf803e594                netif_set_netmask
                0xf803e5f8                netif_set_gw
                0xf803e65c                netif_remove
                0xf803e7e8                netif_set_down
                0xf803e878                netif_set_default
                0xf803e8c0                netif_find
                0xf803ea30                netif_set_up
                0xf803eac4                netif_set_status_callback
                0xf803eb08                netif_set_link_up
                0xf803eb78                netif_set_link_down
 .text          0xf803ebb8     0x23f0 C:/ProgramData/KMC/SOLID/SDK/2.0/solid-os/net/lwIP/lib/armv7aLaiv/CT_\libnet.a(pbuf.o)
                0xf803ebb8                pbuf_alloc
                0xf803f1c8                pbuf_free
                0xf803f418                pbuf_alloced_custom
                0xf803f5d0                pbuf_realloc
                0xf803f820                pbuf_header
                0xf803fabc                pbuf_header_force
                0xf803faf8                pbuf_clen
                0xf803fb4c                pbuf_ref
                0xf803fbc4                pbuf_cat
                0xf803fccc                pbuf_chain
                0xf803fd10                pbuf_dechain
                0xf803fe34                pbuf_copy
                0xf804011c                pbuf_copy_partial
                0xf8040324                pbuf_split_64k
                0xf80404f0                pbuf_skip
                0xf8040614                pbuf_take
                0xf804080c                pbuf_take_at
                0xf8040974                pbuf_coalesce
                0xf8040a38                pbuf_get_at
                0xf8040a9c                pbuf_try_get_at
                0xf8040b2c                pbuf_put_at
                0xf8040bb4                pbuf_memcmp
                0xf8040d34                pbuf_memfind
                0xf8040e24                pbuf_strstr
 .text          0xf8040fa8       0x18 C:/ProgramData/KMC/SOLID/SDK/2.0/solid-os/net/lwIP/lib/armv7aLaiv/CT_\libnet.a(stats.o)
                0xf8040fa8                stats_init
 .text          0xf8040fc0     0x36dc C:/ProgramData/KMC/SOLID/SDK/2.0/solid-os/net/lwIP/lib/armv7aLaiv/CT_\libnet.a(tcp.o)
                0xf8040fc0                tcp_init
                0xf8040fc4                tcp_tmr
                0xf8040ff8                tcp_fasttmr
                0xf8041190                tcp_slowtmr
                0xf8041c3c                tcp_close
                0xf8042068                tcp_shutdown
                0xf80421a4                tcp_abandon
                0xf8042484                tcp_pcb_remove
                0xf8042648                tcp_segs_free
                0xf8042698                tcp_abort
                0xf80426c4                tcp_bind
                0xf8042a80                tcp_listen_with_backlog
                0xf8042abc                tcp_listen_with_backlog_and_err
                0xf8042d68                tcp_update_rcv_ann_wnd
                0xf8042e7c                tcp_recved
                0xf8042fb0                tcp_connect
                0xf804339c                tcp_next_iss
                0xf80433d8                tcp_eff_send_mss_impl
                0xf8043498                tcp_pcb_purge
                0xf8043758                tcp_process_refused_data
                0xf804398c                tcp_txnow
                0xf80439f8                tcp_recv_null
                0xf8043a9c                tcp_seg_free
                0xf8043b00                tcp_setprio
                0xf8043b30                tcp_seg_copy
                0xf8043ba8                tcp_alloc
                0xf8044130                tcp_new
                0xf8044140                tcp_new_ip_type
                0xf804416c                tcp_arg
                0xf80441b0                tcp_recv
                0xf8044214                tcp_sent
                0xf8044278                tcp_err
                0xf80442dc                tcp_accept
                0xf804433c                tcp_poll
                0xf80443a8                tcp_netif_ip_addr_changed
                0xf8044554                tcp_debug_state_str
 .text          0xf804469c     0x4594 C:/ProgramData/KMC/SOLID/SDK/2.0/solid-os/net/lwIP/lib/armv7aLaiv/CT_\libnet.a(tcp_in.o)
                0xf804469c                tcp_input
                0xf8046b14                tcp_trigger_input_pcb_close
 .text          0xf8048c30     0x2fd0 C:/ProgramData/KMC/SOLID/SDK/2.0/solid-os/net/lwIP/lib/armv7aLaiv/CT_\libnet.a(tcp_out.o)
                0xf8048c30                tcp_send_fin
                0xf8048d1c                tcp_enqueue_flags
                0xf80490cc                tcp_write
                0xf804a3d4                tcp_send_empty_ack
                0xf804a718                tcp_output
                0xf804b250                tcp_rst
                0xf804b414                tcp_rexmit_rto
                0xf804b514                tcp_rexmit
                0xf804b668                tcp_rexmit_fast
                0xf804b770                tcp_keepalive
                0xf804b8f4                tcp_zero_window_probe
 .text          0xf804bc00      0x834 C:/ProgramData/KMC/SOLID/SDK/2.0/solid-os/net/lwIP/lib/armv7aLaiv/CT_\libnet.a(timeouts.o)
                0xf804bc00                tcp_timer_needed
                0xf804bc78                sys_timeout
                0xf804bf90                sys_timeouts_init
                0xf804c050                sys_untimeout
                0xf804c18c                sys_restart_timeouts
                0xf804c1a4                sys_timeouts_mbox_fetch
 .text          0xf804c434     0x1388 C:/ProgramData/KMC/SOLID/SDK/2.0/solid-os/net/lwIP/lib/armv7aLaiv/CT_\libnet.a(udp.o)
                0xf804c434                udp_init
                0xf804c438                udp_input
                0xf804ca6c                udp_send
                0xf804cad0                udp_sendto
                0xf804cbd0                udp_sendto_if
                0xf804ccfc                udp_sendto_if_src
                0xf804cffc                udp_bind
                0xf804d358                udp_connect
                0xf804d4f4                udp_disconnect
                0xf804d530                udp_recv
                0xf804d57c                udp_remove
                0xf804d654                udp_new
                0xf804d6bc                udp_new_ip_type
                0xf804d6e4                udp_netif_ip_addr_changed
 .text          0xf804d7bc      0x3f4 C:/ProgramData/KMC/SOLID/SDK/2.0/solid-os/net/lwIP/lib/armv7aLaiv/CT_\libnet.a(ethernet.o)
                0xf804d7bc                ethernet_input
                0xf804da74                ethernet_output
 .text          0xf804dbb0      0x508 C:/ProgramData/KMC/SOLID/SDK/2.0/solid-os/net/lwIP/lib/armv7aLaiv/CT_\libnet.a(solid_net_if.o)
                0xf804dbb0                SOLID_NET_start_network
                0xf804dc5c                SOLID_NET_IF_Init
                0xf804dd6c                SOLID_NET_IF_GetAdapter
                0xf804dd8c                SOLID_NET_IF_Test
 .text          0xf804e0b8       0x5c C:/ProgramData/KMC/SOLID/SDK/2.0/solid-os/net/lwIP/lib/armv7aLaiv/CT_\libnet.a(solid_net_registerapi.o)
                0xf804e0b8                SOLID_NET_RegisterAPIs
 .text          0xf804e114      0x908 C:/ProgramData/KMC/SOLID/SDK/2.0/solid-os/net/lwIP/lib/armv7aLaiv/CT_\libnet.a(impl_net_stack.o)
                0xf804e114                IMPL_NET_STACK_Init
                0xf804e118                IMPL_NET_STACK_Start
                0xf804e150                IMPL_NET_STACK_AddInterface
                0xf804e6d0                IMPL_NET_STACK_InputPacket
                0xf804e784                IMPL_NET_STACK_DriveProcess
                0xf804e788                IMPL_NET_STACK_SetLinkUp
                0xf804e7d8                IMPL_NET_STACK_SetLinkDown
                0xf804ea10                IMPL_NET_STACK_GetPacketBufferOps
 .text          0xf804ea1c       0xa4 C:/ProgramData/KMC/SOLID/SDK/2.0/solid-os/net/lwIP/lib/armv7aLaiv/CT_\libnet.a(impl_net_stack_errno.o)
                0xf804ea1c                IMPL_NET_STACK_strerror
 .text          0xf804eac0      0x25c C:/ProgramData/KMC/SOLID/SDK/2.0/solid-os/net/lwIP/lib/armv7aLaiv/CT_\libnet.a(ethernetif.o)
                0xf804eac0                ethernetif_init
 .text          0xf804ed1c     0x120c C:/ProgramData/KMC/SOLID/SDK/2.0/solid-os/net/lwIP/lib/armv7aLaiv/CT_\libnet.a(api_lib.o)
                0xf804ed1c                netconn_new_with_proto_and_callback
                0xf804eef4                netconn_delete
                0xf804ef84                netconn_getaddr
                0xf804f074                netconn_bind
                0xf804f128                netconn_connect
                0xf804f1dc                netconn_disconnect
                0xf804f248                netconn_listen_with_backlog
                0xf804f2c0                netconn_accept
                0xf804f48c                netconn_recv_tcp_pbuf
                0xf804f884                netconn_recv
                0xf804f9fc                netconn_sendto
                0xf804fab4                netconn_send
                0xf804fb3c                netconn_write_partly
                0xf804fcec                netconn_close
                0xf804fda0                netconn_shutdown
                0xf804fe04                netconn_gethostbyname
 .text          0xf804ff28     0x3a64 C:/ProgramData/KMC/SOLID/SDK/2.0/solid-os/net/lwIP/lib/armv7aLaiv/CT_\libnet.a(api_msg.o)
                0xf804ff28                lwip_netconn_do_newconn
                0xf8050154                netconn_alloc
                0xf80502cc                netconn_free
                0xf8050374                lwip_netconn_do_delconn
                0xf8050f24                lwip_netconn_do_bind
                0xf8051098                lwip_netconn_do_connect
                0xf8051684                lwip_netconn_do_disconnect
                0xf8051750                lwip_netconn_do_listen
                0xf8051ccc                lwip_netconn_do_send
                0xf8051e50                lwip_netconn_do_recv
                0xf8051f90                lwip_netconn_do_write
                0xf80528ac                lwip_netconn_do_getaddr
                0xf8052b24                lwip_netconn_do_close
                0xf8052d90                lwip_netconn_do_gethostbyname
 .text          0xf805398c       0xcc C:/ProgramData/KMC/SOLID/SDK/2.0/solid-os/net/lwIP/lib/armv7aLaiv/CT_\libnet.a(err.o)
                0xf805398c                err_to_errno
                0xf80539f0                lwip_strerr
 .text          0xf8053a58      0x5b8 C:/ProgramData/KMC/SOLID/SDK/2.0/solid-os/net/lwIP/lib/armv7aLaiv/CT_\libnet.a(netbuf.o)
                0xf8053a58                netbuf_new
                0xf8053aa4                netbuf_delete
                0xf8053b1c                netbuf_alloc
                0xf8053c18                netbuf_free
                0xf8053c90                netbuf_ref
                0xf8053da0                netbuf_chain
                0xf8053e30                netbuf_data
                0xf8053f28                netbuf_next
                0xf8053fcc                netbuf_first
 .text          0xf8054010      0x768 C:/ProgramData/KMC/SOLID/SDK/2.0/solid-os/net/lwIP/lib/armv7aLaiv/CT_\libnet.a(netdb.o)
                0xf8054010                lwip_gethostbyname
                0xf8054114                lwip_gethostbyname_r
                0xf8054330                lwip_freeaddrinfo
                0xf8054384                lwip_getaddrinfo
 .text          0xf8054778     0x1ac4 C:/ProgramData/KMC/SOLID/SDK/2.0/solid-os/net/lwIP/lib/armv7aLaiv/CT_\libnet.a(dns.o)
                0xf8054778                dns_init
                0xf8054794                dns_setserver
                0xf8054818                dns_getserver
                0xf805486c                dns_tmr
                0xf80548c8                dns_gethostbyname
                0xf8054928                dns_gethostbyname_addrtype
 .text          0xf805623c      0x874 C:/ProgramData/KMC/SOLID/SDK/2.0/solid-os/net/lwIP/lib/armv7aLaiv/CT_\libnet.a(inet_chksum.o)
                0xf805623c                lwip_standard_chksum
                0xf8056384                inet_chksum_pseudo
                0xf80565bc                ip_chksum_pseudo
                0xf8056628                inet_chksum_pseudo_partial
                0xf8056900                ip_chksum_pseudo_partial
                0xf8056980                inet_chksum
                0xf80569bc                inet_chksum_pbuf
 .text          0xf8056ab0        0x0 C:/ProgramData/KMC/SOLID/SDK/2.0/solid-os/net/lwIP/lib/armv7aLaiv/CT_\libnet.a(ip.o)
 .text          0xf8056ab0     0x3a64 C:/ProgramData/KMC/SOLID/SDK/2.0/solid-os/net/lwIP/lib/armv7aLaiv/CT_\libnet.a(dhcp.o)
                0xf8056ab0                dhcp_coarse_tmr
                0xf8056c24                dhcp_release
                0xf80571fc                dhcp_fine_tmr
                0xf8057444                dhcp_set_struct
                0xf80574dc                dhcp_cleanup
                0xf8057544                dhcp_start
                0xf80578f0                dhcp_stop
                0xf80579a4                dhcp_inform
                0xf8058294                dhcp_network_changed
                0xf8058578                dhcp_arp_reply
                0xf80587c8                dhcp_renew
                0xf8058a1c                dhcp_supplied_address
 .text          0xf805a514     0x1d94 C:/ProgramData/KMC/SOLID/SDK/2.0/solid-os/net/lwIP/lib/armv7aLaiv/CT_\libnet.a(etharp.o)
                0xf805a514                etharp_tmr
                0xf805a80c                etharp_request
                0xf805a850                etharp_add_static_entry
                0xf805ab48                etharp_remove_static_entry
                0xf805b098                etharp_cleanup_netif
                0xf805b144                etharp_find_addr
                0xf805b278                etharp_get_entry
                0xf805b3ac                etharp_input
                0xf805b860                etharp_output
                0xf805bd74                etharp_query
 .text          0xf805c2a8      0x808 C:/ProgramData/KMC/SOLID/SDK/2.0/solid-os/net/lwIP/lib/armv7aLaiv/CT_\libnet.a(icmp.o)
                0xf805c2a8                icmp_input
                0xf805c860                icmp_dest_unreach
                0xf805ca68                icmp_time_exceeded
 .text          0xf805cab0     0x16ac C:/ProgramData/KMC/SOLID/SDK/2.0/solid-os/rtos/toppers_asp3/lib/armv7aLaiv/CT__\libkernel.a(dataqueue.o)
                0xf805cac8                _kernel_initialize_dataqueue
                0xf805cd30                _kernel_enqueue_data
                0xf805cdb8                _kernel_force_enqueue_data
                0xf805ce70                _kernel_dequeue_data
                0xf805cefc                _kernel_send_data
                0xf805d0dc                _kernel_force_send_data
                0xf805d158                _kernel_receive_data
                0xf805d24c                snd_dtq
                0xf805d42c                psnd_dtq
                0xf805d554                tsnd_dtq
                0xf805d774                fsnd_dtq
                0xf805d8a8                rcv_dtq
                0xf805db38                prcv_dtq
                0xf805dc58                trcv_dtq
                0xf805dec0                ini_dtq
                0xf805dfdc                ref_dtq
 .text          0xf805e15c      0xba8 C:/ProgramData/KMC/SOLID/SDK/2.0/solid-os/rtos/toppers_asp3/lib/armv7aLaiv/CT__\libkernel.a(interrupt.o)
                0xf805e174                _kernel_initialize_isr
                0xf805e718                _kernel_call_isr
                0xf805e7e4                _kernel_initialize_interrupt
                0xf805e924                dis_int
                0xf805ea04                ena_int
                0xf805ead8                chg_ipm
                0xf805ec80                get_ipm
 .text          0xf805ed04      0x470 C:/ProgramData/KMC/SOLID/SDK/2.0/solid-os/rtos/toppers_asp3/lib/armv7aLaiv/CT__\libkernel.a(vasyslog.o)
                0xf805ed1c                syslog
 .text          0xf805f174      0xae4 C:/ProgramData/KMC/SOLID/SDK/2.0/solid-os/rtos/toppers_asp3/lib/armv7aLaiv/CT__\libkernel.a(semaphore.o)
                0xf805f18c                _kernel_initialize_semaphore
                0xf805f248                sig_sem
                0xf805f518                wai_sem
                0xf805f684                pol_sem
                0xf805f778                twai_sem
                0xf805f964                ini_sem
                0xf805fa68                ref_sem
 .text          0xf805fc58      0x274 C:/ProgramData/KMC/SOLID/SDK/2.0/solid-os/rtos/toppers_asp3/lib/armv7aLaiv/CT__\libkernel.a(startup.o)
                0xf805fc70                sta_ker
                0xf805fcc0                _kernel_initialize_kmm
                0xf805fcfc                ext_ker
                0xf805fd54                _kernel_exit_kernel
                0xf805fe18                _kernel_kernel_malloc
                0xf805fe78                _kernel_kernel_free
 .text          0xf805fecc      0x850 C:/ProgramData/KMC/SOLID/SDK/2.0/solid-os/rtos/toppers_asp3/lib/armv7aLaiv/CT__\libkernel.a(sys_manage.o)
                0xf805fee4                rot_rdq
                0xf8060050                get_tid
                0xf806010c                get_lod
                0xf8060258                get_nth
                0xf80603ec                loc_cpu
                0xf8060420                unl_cpu
                0xf8060454                dis_dsp
                0xf80604c8                ena_dsp
                0xf80605fc                sns_ctx
                0xf8060620                sns_loc
                0xf8060644                sns_dsp
                0xf8060670                sns_dpn
                0xf80606e0                sns_ker
 .text          0xf806071c      0xeac C:/ProgramData/KMC/SOLID/SDK/2.0/solid-os/rtos/toppers_asp3/lib/armv7aLaiv/CT__\libkernel.a(task.o)
                0xf8060734                _kernel_initialize_task
                0xf8060a64                _kernel_make_dormant
                0xf8060ae4                _kernel_make_active
                0xf8060b6c                _kernel_search_schedtsk
                0xf8060bac                _kernel_make_runnable
                0xf8060cf0                _kernel_make_non_runnable
                0xf8060f9c                _kernel_change_priority
                0xf806123c                _kernel_rotate_ready_queue
                0xf8061384                _kernel_task_terminate
 .text          0xf80615c8       0x18 C:/ProgramData/KMC/SOLID/SDK/2.0/solid-os/rtos/toppers_asp3/lib/armv7aLaiv/CT__\libkernel.a(taskhook.o)
 .text          0xf80615e0      0xa38 C:/ProgramData/KMC/SOLID/SDK/2.0/solid-os/rtos/toppers_asp3/lib/armv7aLaiv/CT__\libkernel.a(task_manage.o)
                0xf80615f8                act_tsk
                0xf80617e0                can_act
                0xf80618e4                get_tst
                0xf8061ab4                chg_pri
                0xf8061dd0                get_pri
                0xf8061f00                get_inf
 .text          0xf8062018      0xc34 C:/ProgramData/KMC/SOLID/SDK/2.0/solid-os/rtos/toppers_asp3/lib/armv7aLaiv/CT__\libkernel.a(time_event.o)
                0xf8062030                _kernel_initialize_tmevt
                0xf8062170                _kernel_tmevt_up
                0xf8062234                _kernel_tmevt_down
                0xf8062348                _kernel_update_current_evttim
                0xf8062438                _kernel_set_hrt_event
                0xf8062520                _kernel_tmevtb_register
                0xf80625ac                _kernel_tmevtb_enqueue
                0xf8062654                _kernel_tmevtb_dequeue
                0xf80627f4                _kernel_check_adjtim
                0xf80628f8                _kernel_tmevt_lefttim
                0xf8062978                _kernel_signal_time
 .text          0xf8062c4c      0x848 C:/ProgramData/KMC/SOLID/SDK/2.0/solid-os/rtos/toppers_asp3/lib/armv7aLaiv/CT__\libkernel.a(wait.o)
                0xf8062c64                _kernel_make_wait_tmout
                0xf8062df0                _kernel_wait_tmout
                0xf8062e60                _kernel_wait_complete
                0xf8062fec                _kernel_wait_tmout_ok
                0xf8063054                _kernel_wobj_make_wait
                0xf806315c                _kernel_wobj_make_wait_tmout