Archive member included to satisfy reference by file (symbol)

C:/ProgramData/KMC/SOLID/SDK/2.0/solid-os/core/lib/armv7aLaiv/GR_\libsolid_cs.a(solid_cs_asm.o)
                              (solid_start)
C:/ProgramData/KMC/SOLID/SDK/2.0/solid-os/core/lib/armv7aLaiv/GR_\libsolid_cs.a(solid_cs_main.o)
                              C:/ProgramData/KMC/SOLID/SDK/2.0/solid-os/core/lib/armv7aLaiv/GR_\libsolid_cs.a(solid_cs_asm.o) (solid_cs_main)
C:/ProgramData/KMC/SOLID/SDK/2.0/solid-os/core/lib/armv7aLaiv/GR_\libsolid_cs.a(kmc_trace_mem_dummy.o)
                              C:/ProgramData/KMC/SOLID/SDK/2.0/solid-os/core/lib/armv7aLaiv/GR_\libsolid_cs.a(solid_cs_main.o) (SOLID_kmc_trace_init)
C:/ProgramData/KMC/SOLID/SDK/2.0/solid-os/core/lib/armv7aLaiv/GR_\libsolid_cs.a(solid_cs_event.o)
                              C:/ProgramData/KMC/SOLID/SDK/2.0/solid-os/core/lib/armv7aLaiv/GR_\libsolid_cs.a(solid_cs_main.o) (SOLID_CS_EventNotify)
C:/ProgramData/KMC/SOLID/SDK/2.0/solid-os/core/lib/armv7aLaiv/GR_\libsolid_cs.a(solid_debugger.o)
                              C:/ProgramData/KMC/SOLID/SDK/2.0/solid-os/core/lib/armv7aLaiv/GR_\libsolid_cs.a(solid_cs_event.o) (SOLID_DBG_EventNotify)
C:/ProgramData/KMC/SOLID/SDK/2.0/solid-os/core/lib/armv7aLaiv/GR_\libsolid_cs.a(solid_dmac.o)
                              C:/ProgramData/KMC/SOLID/SDK/2.0/solid-os/core/lib/armv7aLaiv/GR_\libsolid_cs.a(solid_cs_main.o) (SOLID_DMAC_Init)
C:/ProgramData/KMC/SOLID/SDK/2.0/solid-os/core/lib/armv7aLaiv/GR_\libsolid_cs.a(solid_exception.o)
                              C:/ProgramData/KMC/SOLID/SDK/2.0/solid-os/core/lib/armv7aLaiv/GR_\libsolid_cs.a(solid_cs_main.o) (SOLID_Exception_Init)
C:/ProgramData/KMC/SOLID/SDK/2.0/solid-os/core/lib/armv7aLaiv/GR_\libsolid_cs.a(solid_fs_base.o)
                              C:/ProgramData/KMC/SOLID/SDK/2.0/solid-os/core/lib/armv7aLaiv/GR_\libsolid_cs.a(solid_cs_main.o) (SOLID_FS_Init)
C:/ProgramData/KMC/SOLID/SDK/2.0/solid-os/core/lib/armv7aLaiv/GR_\libsolid_cs.a(solid_fs_mem.o)
                              C:/ProgramData/KMC/SOLID/SDK/2.0/solid-os/core/lib/armv7aLaiv/GR_\libsolid_cs.a(solid_cs_main.o) (SOLID_FS_MEM_Init)
C:/ProgramData/KMC/SOLID/SDK/2.0/solid-os/core/lib/armv7aLaiv/GR_\libsolid_cs.a(solid_fs_vlink.o)
                              C:/ProgramData/KMC/SOLID/SDK/2.0/solid-os/core/lib/armv7aLaiv/GR_\libsolid_cs.a(solid_cs_main.o) (SOLID_FS_VLink_Init)
C:/ProgramData/KMC/SOLID/SDK/2.0/solid-os/core/lib/armv7aLaiv/GR_\libsolid_cs.a(solid_intc.o)
                              C:/ProgramData/KMC/SOLID/SDK/2.0/solid-os/core/lib/armv7aLaiv/GR_\libsolid_cs.a(solid_cs_main.o) (SOLID_INTC_Init)
C:/ProgramData/KMC/SOLID/SDK/2.0/solid-os/core/lib/armv7aLaiv/GR_\libsolid_cs.a(solid_iores.o)
                              C:/ProgramData/KMC/SOLID/SDK/2.0/solid-os/core/lib/armv7aLaiv/GR_\libsolid_cs.a(solid_cs_main.o) (SOLID_IORES_Init)
C:/ProgramData/KMC/SOLID/SDK/2.0/solid-os/core/lib/armv7aLaiv/GR_\libsolid_cs.a(solid_loader.o)
                              C:/ProgramData/KMC/SOLID/SDK/2.0/solid-os/core/lib/armv7aLaiv/GR_\libsolid_cs.a(solid_cs_main.o) (SOLID_LDR_Init)
C:/ProgramData/KMC/SOLID/SDK/2.0/solid-os/core/lib/armv7aLaiv/GR_\libsolid_cs.a(solid_loader_fixed.o)
                              C:/ProgramData/KMC/SOLID/SDK/2.0/solid-os/core/lib/armv7aLaiv/GR_\libsolid_cs.a(solid_loader.o) (SOLID_LDR_FixedSymbol_Init)
C:/ProgramData/KMC/SOLID/SDK/2.0/solid-os/core/lib/armv7aLaiv/GR_\libsolid_cs.a(solid_log.o)
                              C:/ProgramData/KMC/SOLID/SDK/2.0/solid-os/core/lib/armv7aLaiv/GR_\libsolid_cs.a(solid_cs_main.o) (SOLID_LOG_Init)
C:/ProgramData/KMC/SOLID/SDK/2.0/solid-os/core/lib/armv7aLaiv/GR_\libsolid_cs.a(solid_malloc.o)
                              C:/ProgramData/KMC/SOLID/SDK/2.0/solid-os/core/lib/armv7aLaiv/GR_\libsolid_cs.a(solid_cs_main.o) (SOLID_init_memory_pool)
C:/ProgramData/KMC/SOLID/SDK/2.0/solid-os/core/lib/armv7aLaiv/GR_\libsolid_cs.a(solid_mem.o)
                              C:/ProgramData/KMC/SOLID/SDK/2.0/solid-os/core/lib/armv7aLaiv/GR_\libsolid_cs.a(solid_loader.o) (_ZN3kmg5solid7Align4KERmRj)
C:/ProgramData/KMC/SOLID/SDK/2.0/solid-os/core/lib/armv7aLaiv/GR_\libsolid_cs.a(solid_mem_cache.o)
                              C:/ProgramData/KMC/SOLID/SDK/2.0/solid-os/core/lib/armv7aLaiv/GR_\libsolid_cs.a(solid_mem.o) (_ZN3kmg5solid5CACHE4InitEv)
C:/ProgramData/KMC/SOLID/SDK/2.0/solid-os/core/lib/armv7aLaiv/GR_\libsolid_cs.a(solid_mutex.o)
                              C:/ProgramData/KMC/SOLID/SDK/2.0/solid-os/core/lib/armv7aLaiv/GR_\libsolid_cs.a(solid_malloc.o) (SOLID_InitializeCriticalSection)
C:/ProgramData/KMC/SOLID/SDK/2.0/solid-os/core/lib/armv7aLaiv/GR_\libsolid_cs.a(solid_rtc.o)
                              C:/ProgramData/KMC/SOLID/SDK/2.0/solid-os/core/lib/armv7aLaiv/GR_\libsolid_cs.a(solid_loader_fixed.o) (SOLID_RTC_ReadTime)
[...]
Memory Configuration

Name             Origin             Length             Attributes
*default*        0x00000000         0xffffffff

Linker script and memory map

LOAD C:/Users/admin/Documents/SOLID-IDE/Projects/cpptest/Release/exeGCC_SOLID/cpptest/cpptest_all.o
START GROUP
LOAD C:/ProgramData/KMC/SOLID/SDK/2.0/solid-os/core/lib/armv7aLaiv/GR_\libsolid_cs.a
LOAD C:/Users/admin/Documents/SOLID-IDE/Projects/cpptest/Release/exeGCC_SOLID/\libnet.a
LOAD C:/ProgramData/KMC/SOLID/SDK/2.0/solid-os/rtos/toppers_asp3/lib/armv7aLaiv/GR__\libkernel.a
LOAD C:/Users/admin/Documents/SOLID-IDE/Projects/cpptest/Release/exeGCC_SOLID/\libbsp.a
LOAD C:/Users/admin/Documents/SOLID-IDE/Projects/cpptest/Release/exeGCC_SOLID/\libjcu.a
LOAD C:/Users/admin/Documents/SOLID-IDE/Projects/cpptest/Release/exeGCC_SOLID/\liblcd.a
LOAD C:/Users/admin/Documents/SOLID-IDE/Projects/cpptest/Release/exeGCC_SOLID/\libospl.a
LOAD C:/Users/admin/Documents/SOLID-IDE/Projects/cpptest/Release/exeGCC_SOLID/\libriic.a
LOAD C:/Users/admin/Documents/SOLID-IDE/Projects/cpptest/Release/exeGCC_SOLID/\libvdc5.a
END GROUP
LOAD C:/GCC4/ARM/s002/lib/armv7aLaiv\libstdc++.a
LOAD C:/GCC4/ARM/s002/lib/armv7aLaiv\libm.a
START GROUP
LOAD C:/GCC4/ARM/s002/lib/armv7aLaiv/libgcc.a
LOAD C:/GCC4/ARM/s002/lib/armv7aLaiv/libc.a
END GROUP
                0xf8000000                _smm_AddressSanitizer_MonitoringAddress = 0xf8000000
                0x00800000                _smm_AddressSanitizer_MonitoringSize = 0x800000
                0x20600000                _smm_AddressSanitizer_ShadowMemoryPhysicalAddress = 0x20600000
                0x40000000                _smm_AddressSanitizer_ShadowMemoryVirtualAddress = 0x40000000
                0x21000000                _smm_AddressSanitizer_ShadowMemoryOffset = 0x21000000
                0x20100000                _smm_RAM_PhysicalAddress = 0x20100000
                0x00180000                _smm_RAM_Size = 0x180000
                0x20280000                _smm_TRACE_POINT_PhysicalAddress = 0x20280000
                0xf5000000                _smm_TRACE_POINT_VirtualAddress = 0xf5000000
                0x00100000                _smm_TRACE_POINT_Size = 0x100000
                0x20380000                _smm_JPEG_PhysicalAddress = 0x20380000
                0xf6000000                _smm_JPEG_VirtualAddress = 0xf6000000
                0x00018000                _smm_JPEG_Size = 0x18000
                0x20398000                _smm_JPEG_READ_BUF_PhysicalAddress = 0x20398000
                0xf6018000                _smm_JPEG_READ_BUF_VirtualAddress = 0xf6018000
                0x000e8000                _smm_JPEG_READ_BUF_Size = 0xe8000
                0x20480000                _smm_FRAME_PhysicalAddress = 0x20480000
                0xf6100000                _smm_FRAME_VirtualAddress = 0xf6100000
                0x00180000                _smm_FRAME_Size = 0x180000
                0x20700000                _smm_MEMFS_PhysicalAddress = 0x20700000
                0xf7000000                _smm_MEMFS_VirtualAddress = 0xf7000000
                0x00100000                _smm_MEMFS_Size = 0x100000
                0x20800000                _smm_SOLID_PhysicalAddress = 0x20800000
                0xf8000000                _smm_SOLID_VirtualAddress = 0xf8000000
                0x00200000                _smm_SOLID_Size = 0x200000
                0xe8000000                _smm_SLV3_PhysicalAddress = 0xe8000000
                0xf0000000                _smm_SLV3_VirtualAddress = 0xf0000000
                0x00020000                _smm_SLV3_Size = 0x20000
                0xe8030000                _smm_SLV2_PhysicalAddress = 0xe8030000
                0xf0030000                _smm_SLV2_VirtualAddress = 0xf0030000
                0x00020000                _smm_SLV2_Size = 0x20000
                0xe8100000                _smm_SLV5_PhysicalAddress = 0xe8100000
                0xf0100000                _smm_SLV5_VirtualAddress = 0xf0100000
                0x00040000                _smm_SLV5_Size = 0x40000
                0xe8200000                _smm_SLV4_PhysicalAddress = 0xe8200000
                0xf0200000                _smm_SLV4_VirtualAddress = 0xf0200000
                0x00015800                _smm_SLV4_Size = 0x15800
                0xf0000000                _smm_CA9_PhysicalAddress = 0xf0000000
                0xf1000000                _smm_CA9_VirtualAddress = 0xf1000000
                0x00002000                _smm_CA9_Size = 0x2000
                0xfc000000                _smm_SLV6_PhysicalAddress = 0xfc000000
                0xf1100000                _smm_SLV6_VirtualAddress = 0xf1100000
                0x00080000                _smm_SLV6_Size = 0x80000
                0xfcfe0000                _smm_SLV1_PhysicalAddress = 0xfcfe0000
                0xf1200000                _smm_SLV1_VirtualAddress = 0xf1200000
                0x00010000                _smm_SLV1_Size = 0x10000
                0xfcff0000                _smm_SLV0_PhysicalAddress = 0xfcff0000
                0xf1210000                _smm_SLV0_VirtualAddress = 0xf1210000
                0x00010000                _smm_SLV0_Size = 0x10000
                0xfa000000                _smm_IOAREA_VirtualAddress = 0xfa000000
                0x01000000                _smm_IOAREA_Size = 0x1000000
                0xf8300000                _smm_OSSTACK_VirtualAddress = 0xf8300000
                0x00300000                _smm_OSSTACK_Size = 0x300000
                0xf8700000                _smm_SOLID_HEAP_VirtualAddress = 0xf8700000
                0x00080000                _smm_SOLID_HEAP_Size = 0x80000
                0xf8000000                . = _smm_SOLID_VirtualAddress
                0xf8000000                _solid_start = .
                0xf8010000                . = (. + 0x10000)

.text           0xf8010000    0x43b50
                0xf8010000                _solid_text_start = .
 *(.head)
 .head          0xf8010000       0xa0 C:/ProgramData/KMC/SOLID/SDK/2.0/solid-os/core/lib/armv7aLaiv/GR_\libsolid_cs.a(solid_cs_asm.o)
                0xf8010000                solid_header
 *(.solid_vector)
 .solid_vector  0xf80100a0      0x1f4 C:/ProgramData/KMC/SOLID/SDK/2.0/solid-os/core/lib/armv7aLaiv/GR_\libsolid_cs.a(solid_cs_asm.o)
                0xf80100a0                solid_vector
                0xf801028c                exit
 *(.text .stub .text.* .gnu.linkonce.t.*)
 .text          0xf8010294       0x68 C:/Users/admin/Documents/SOLID-IDE/Projects/cpptest/Release/exeGCC_SOLID/cpptest/cpptest_all.o
                0xf8010294                IMPL_MEM_GetConfig
                0xf80102ac                _Z10hello_taski
                0xf80102b0                _kernel_call_inirtn
                0xf80102cc                _kernel_call_terrtn
                0xf80102d0                root_task
 .text          0xf80102fc       0x90 C:/ProgramData/KMC/SOLID/SDK/2.0/solid-os/core/lib/armv7aLaiv/GR_\libsolid_cs.a(solid_cs_asm.o)
                0xf80102fc                solid_start
 .text          0xf801038c      0x230 C:/ProgramData/KMC/SOLID/SDK/2.0/solid-os/core/lib/armv7aLaiv/GR_\libsolid_cs.a(solid_cs_main.o)
                0xf801038c                _kmc_cpp_ctors
                0xf80103bc                _kmc_cpp_dtors
                0xf8010430                solid_cs_main
 .text          0xf80105bc        0x4 C:/ProgramData/KMC/SOLID/SDK/2.0/solid-os/core/lib/armv7aLaiv/GR_\libsolid_cs.a(kmc_trace_mem_dummy.o)
                0xf80105bc                SOLID_kmc_trace_init
 .text          0xf80105c0      0x1d8 C:/ProgramData/KMC/SOLID/SDK/2.0/solid-os/core/lib/armv7aLaiv/GR_\libsolid_cs.a(solid_cs_event.o)
                0xf80105c0                SOLID_CS_EventNotify
                0xf8010714                SOLID_CS_InitError
 .text          0xf8010798       0x84 C:/ProgramData/KMC/SOLID/SDK/2.0/solid-os/core/lib/armv7aLaiv/GR_\libsolid_cs.a(solid_debugger.o)
                0xf80107e0                SOLID_DBG_IsInDebugger
                0xf80107ec                SOLID_DBG_EventNotify
 .text          0xf801081c      0xd60 C:/ProgramData/KMC/SOLID/SDK/2.0/solid-os/core/lib/armv7aLaiv/GR_\libsolid_cs.a(solid_dmac.o)
                0xf801081c                _ZN3kmg5solid4dmac7Channel4InitEi
                0xf8010844                _ZN3kmg5solid4dmac7Channel11GetBufStateEPi
                0xf801085c                _ZN3kmg5solid4dmac7Channel11SetBufStateEi
                0xf8010870                _ZN3kmg5solid4dmac7Channel14AddTransactionEP24_SOLID_DMAC_TRANSACTION_
                0xf80109a4                _ZN3kmg5solid4dmac7Channel14GetTransactionEPP24_SOLID_DMAC_TRANSACTION_
                0xf80109bc                _ZN3kmg5solid4dmac7Channel16ClearTransactionEv
                0xf8010a5c                _ZN3kmg5solid4dmac7ChannelD2Ev
                0xf8010a5c                _ZN3kmg5solid4dmac7ChannelD1Ev
                0xf8010a70                _ZN3kmg5solid4dmac7Channel5AllocEv
                0xf8010af0                _ZN3kmg5solid4dmac7Channel4FreeEv
                0xf8010b80                _ZN3kmg5solid4dmac7Channel5AbortEv
                0xf8010bf4                _ZN3kmg5solid4dmac7Channel11SetCallbackEPFvPviiP24_SOLID_DMAC_TRANSACTION_ES3_
                0xf8010c18                _ZN3kmg5solid4dmac7Channel6NotifyEi
                0xf8010e50                _ZN3kmg5solid4dmac7Channel5TrashEP24_SOLID_DMAC_TRANSACTION_
                0xf8010e80                _ZN3kmg5solid4dmac7Channel10ClearTrashEv
                0xf8010eac                _ZN3kmg5solid4dmac10Controller4InitEv
                0xf8010f70                _ZN3kmg5solid4dmac10Controller7GetInfoEv
                0xf8010f84                _ZN3kmg5solid4dmac10Controller10GetChannelEi
                0xf8010fb0                SOLID_DMAC_Init
                0xf8010fbc                SOLID_DMAC_GetInfo
                0xf8010ffc                SOLID_DMAC_Alloc
                0xf8011034                SOLID_DMAC_Free
                0xf801106c                SOLID_DMAC_SetBufState
                0xf80110b4                SOLID_DMAC_GetBufState
                0xf8011108                SOLID_DMAC_AddTransaction
                0xf8011158                SOLID_DMAC_GetTransaction
                0xf80111bc                SOLID_DMAC_ClearTransaction
                0xf801120c                SOLID_DMAC_Abort
                0xf801125c                SOLID_DMAC_IsFinished
                0xf80112bc                SOLID_DMAC_SetCallback
                0xf8011330                SOLID_DMAC_Notify
                0xf8011360                SOLID_DMAC_GetConfigIdx
                0xf8011378                SOLID_DMAC_MaintBuffer
                0xf8011444                _ZN3kmg5solid4dmac7Channel5StartEv
                0xf801152c                SOLID_DMAC_Start
 .text._ZN3kmg5solid4dmac10ControllerD2Ev
                0xf801157c        0x4 C:/ProgramData/KMC/SOLID/SDK/2.0/solid-os/core/lib/armv7aLaiv/GR_\libsolid_cs.a(solid_dmac.o)
                0xf801157c                _ZN3kmg5solid4dmac10ControllerD1Ev
                0xf801157c                _ZN3kmg5solid4dmac10ControllerD2Ev
 .text._ZN3kmg5solid4dmac10ControllerD0Ev
                0xf8011580       0x18 C:/ProgramData/KMC/SOLID/SDK/2.0/solid-os/core/lib/armv7aLaiv/GR_\libsolid_cs.a(solid_dmac.o)
                0xf8011580                _ZN3kmg5solid4dmac10ControllerD0Ev
 .text.startup  0xf8011598       0x2c C:/ProgramData/KMC/SOLID/SDK/2.0/solid-os/core/lib/armv7aLaiv/GR_\libsolid_cs.a(solid_dmac.o)
 .text          0xf80115c4      0x18c C:/ProgramData/KMC/SOLID/SDK/2.0/solid-os/core/lib/armv7aLaiv/GR_\libsolid_cs.a(solid_exception.o)
                0xf8011700                SOLID_Exception_Init
                0xf8011740                SOLID_Register_Stack_Check
 .text          0xf8011750     0x101c C:/ProgramData/KMC/SOLID/SDK/2.0/solid-os/core/lib/armv7aLaiv/GR_\libsolid_cs.a(solid_fs_base.o)
                0xf8011750                _ZN5solid2fs14sysfs_closedirEPv
                0xf801176c                _ZN5solid2fs13sysfs_opendirEPKcPPv
                0xf8011810                _ZN5solid2fs7FileSys4InitEv
                0xf801181c                _ZN5solid2fs7FileSys8RegisterEP18_SOLID_FS_HANDLER_
                0xf80118e0                _ZN5solid2fs7FileSys10UnRegisterEP18_SOLID_FS_HANDLER_
                0xf801195c                _ZN5solid2fs7FileSys11FindHandlerEPKc
                0xf80119a0                _ZN5solid2fs7FileSys11EnumHandlerEPKcP18_SOLID_FS_HANDLER_
                0xf80119f8                _ZN5solid2fs13sysfs_readdirEPvP6dirent
                0xf8011aa4                _ZN5solid2fs10sysfs_InitEv
                0xf8011b24                _ZN5solid2fs11DescStocker4InitEv
                0xf8011b30                _ZN5solid2fs11DescStocker9AllocDescEi
                0xf8011b68                _ZN5solid2fs11DescStocker8FreeDescEi
                0xf8011b8c                _ZN5solid2fs11DescStocker7GetDescEi
                0xf8011b9c                SOLID_FS_Init
                0xf8011bc8                SOLID_FS_Register
                0xf8011bd8                SOLID_FS_UnRegister
                0xf8011c60                SOLID_FS_Close
                0xf8011cf0                SOLID_FS_Read
                0xf8011d8c                SOLID_FS_Write
                0xf8011e28                SOLID_FS_Lseek
                0xf8011fa0                SOLID_FS_Open
                0xf80120f4                SOLID_FS_Sync
                0xf801214c                SOLID_FS_Ftell
                0xf80121ac                SOLID_FS_Feof
                0xf801220c                SOLID_FS_Fsize
                0xf801226c                SOLID_FS_Truncate
                0xf80122d8                SOLID_FS_OpenDir
                0xf80123d8                SOLID_FS_CloseDir
                0xf8012468                SOLID_FS_ReadDir
                0xf80124c8                SOLID_FS_Stat
                0xf8012534                SOLID_FS_Unlink
                0xf8012590                SOLID_FS_Rename
                0xf8012640                SOLID_FS_Chmod
                0xf80126a4                SOLID_FS_Utime
                0xf8012710                SOLID_FS_Mkdir
 .text._ZN5solid2fs7FileSysD2Ev
                0xf801276c        0x4 C:/ProgramData/KMC/SOLID/SDK/2.0/solid-os/core/lib/armv7aLaiv/GR_\libsolid_cs.a(solid_fs_base.o)
                0xf801276c                _ZN5solid2fs7FileSysD2Ev
                0xf801276c                _ZN5solid2fs7FileSysD1Ev
 .text._ZN5solid2fs11DescStockerD2Ev
                0xf8012770        0x4 C:/ProgramData/KMC/SOLID/SDK/2.0/solid-os/core/lib/armv7aLaiv/GR_\libsolid_cs.a(solid_fs_base.o)
                0xf8012770                _ZN5solid2fs11DescStockerD1Ev
                0xf8012770                _ZN5solid2fs11DescStockerD2Ev
 .text.startup  0xf8012774       0x40 C:/ProgramData/KMC/SOLID/SDK/2.0/solid-os/core/lib/armv7aLaiv/GR_\libsolid_cs.a(solid_fs_base.o)
 .text          0xf80127b4      0x264 C:/ProgramData/KMC/SOLID/SDK/2.0/solid-os/core/lib/armv7aLaiv/GR_\libsolid_cs.a(solid_fs_mem.o)
                0xf8012970                SOLID_FS_MEM_Init
 .text          0xf8012a18      0x3bc C:/ProgramData/KMC/SOLID/SDK/2.0/solid-os/core/lib/armv7aLaiv/GR_\libsolid_cs.a(solid_fs_vlink.o)
                0xf8012cfc                SOLID_FS_VLink_Init
 .text          0xf8012dd4     0x1408 C:/ProgramData/KMC/SOLID/SDK/2.0/solid-os/core/lib/armv7aLaiv/GR_\libsolid_cs.a(solid_intc.o)
                0xf8012dd4                MyIntCallBack
                0xf8012e80                _ZN3kmg5solid19InterruptController7CheckIOEv
                0xf8012f00                _ZN3kmg5solid19InterruptController4InitEv
                0xf8013198                _ZN3kmg5solid19InterruptController10GetArchVerEv
                0xf80131a8                _ZN3kmg5solid19InterruptController6EnableEb
                0xf80131e0                _ZN3kmg5solid19InterruptController15SetPriorityMaskEi
                0xf80131f4                _ZN3kmg5solid19InterruptController15GetPriorityMaskEv
                0xf8013200                _ZN3kmg5solid19InterruptController8RegisterEP20_SOLID_INTC_HANDLER_i
                0xf801331c                _ZN3kmg5solid19InterruptController8RegisterEP20_SOLID_INTC_HANDLER_
                0xf8013324                _ZN3kmg5solid19InterruptController10UnRegisterEP20_SOLID_INTC_HANDLER_
                0xf80133a8                _ZN3kmg5solid19InterruptController7CallSGIEim
                0xf80133e0                _ZN3kmg5solid19InterruptController10ProcessIrqEP19_SOLID_CPU_CONTEXT_
                0xf801349c                _ZN3kmg5solid19InterruptController9NotifyIrqEPvP19_SOLID_CPU_CONTEXT_
                0xf80134ac                _ZN3kmg5solid19InterruptController9EnableIntEi
                0xf80134e8                _ZN3kmg5solid19InterruptController10DisableIntEi
                0xf8013524                _ZN3kmg5solid19InterruptController11SetPriorityEii
                0xf801358c                _ZN3kmg5solid19InterruptController11GetPriorityEiPi
                0xf80135e8                _ZN3kmg5solid19InterruptController15SetPriorityImplEii
                0xf8013600                _ZN3kmg5solid19InterruptController15GetPriorityImplEi
                0xf8013610                _ZN3kmg5solid19InterruptController16SetTargetProcessEic
                0xf801364c                _ZN3kmg5solid19InterruptController16GetTargetProcessEiPc
                0xf8013694                _ZN3kmg5solid19InterruptController20SetTargetProcessImplEii
                0xf80136ac                _ZN3kmg5solid19InterruptController20GetTargetProcessImplEi
                0xf80136bc                _ZN3kmg5solid19InterruptController6SetBPREi
                0xf80136cc                _ZN3kmg5solid19InterruptController6GetBPREv
                0xf80136d8                _ZN3kmg5solid19InterruptController9SetConfigEii
                0xf801374c                _ZN3kmg5solid19InterruptController9GetConfigEiPi
                0xf80137b8                _ZN3kmg5solid19InterruptController13SetConfigImplEii
                0xf8013808                _ZN3kmg5solid19InterruptController13GetConfigImplEi
                0xf8013844                _ZN3kmg5solid19InterruptController9IsEnabledEi
                0xf801387c                _ZN3kmg5solid19InterruptController9IsPendingEi
                0xf80138b4                _ZN3kmg5solid19InterruptController8IsActiveEi
                0xf80138ec                _ZN3kmg5solid19InterruptController7DisableEi
                0xf8013968                _ZN3kmg5solid19InterruptController6EnableEi
                0xf80139e4                _ZN3kmg5solid19InterruptController9GetStatusEiPm
                0xf8013a94                _ZN3kmg5solid19InterruptController7SetHookEP17_SOLID_INTC_HOOK_S3_
                0xf8013aa8                _ZN3kmg5solid19InterruptController12ClearPendingEi
                0xf8013b08                SOLID_INTC_Init
                0xf8013b14                SOLID_INTC_Register
                0xf8013b28                SOLID_INTC_UnRegister
                0xf8013bb0                SOLID_INTC_CallSGI
                0xf8013bf0                SOLID_INTC_Disable
                0xf8013c78                SOLID_INTC_Enable
                0xf8013d00                SOLID_INTC_GetStatus
                0xf8013d14                SOLID_INTC_SetPriorityMask
                0xf8013d40                SOLID_INTC_GetPriorityMask
                0xf8013d60                SOLID_INTC_GetPriorityLevel
                0xf8013d70                SOLID_INTC_GetMinIntNo
                0xf8013d80                SOLID_INTC_GetMaxIntNo
                0xf8013d90                SOLID_INTC_GetIntPriority
                0xf8013df4                SOLID_INTC_SetIntPriority
                0xf8013e60                SOLID_INTC_GetIntConfig
                0xf8013ed0                SOLID_INTC_SetIntConfig
                0xf8013f4c                SOLID_INTC_ClearPending
                0xf8013f5c                SOLID_INTC_SetHook
                0xf8013f74                test_unlock_cpu
                0xf8013f84                test_restore_cpu
                0xf8013f8c                SOLID_INTC_Test
 .text._ZN3kmg5solid19InterruptControllerD2Ev
                0xf80141dc        0x4 C:/ProgramData/KMC/SOLID/SDK/2.0/solid-os/core/lib/armv7aLaiv/GR_\libsolid_cs.a(solid_intc.o)
                0xf80141dc                _ZN3kmg5solid19InterruptControllerD2Ev
                0xf80141dc                _ZN3kmg5solid19InterruptControllerD1Ev
 .text.startup  0xf80141e0       0x1c C:/ProgramData/KMC/SOLID/SDK/2.0/solid-os/core/lib/armv7aLaiv/GR_\libsolid_cs.a(solid_intc.o)
 .text          0xf80141fc      0x718 C:/ProgramData/KMC/SOLID/SDK/2.0/solid-os/core/lib/armv7aLaiv/GR_\libsolid_cs.a(solid_iores.o)
                0xf80141fc                _ZN3kmg5solid5iores9IOManagerD1Ev
                0xf80141fc                _ZN3kmg5solid5iores9IOManagerD2Ev
                0xf8014258                _ZN3kmg5solid5iores9IOManagerD0Ev
                0xf8014278                _ZN3kmg5solid5iores9IOManagerC1Ev
                0xf8014278                _ZN3kmg5solid5iores9IOManagerC2Ev
                0xf8014288                _ZN3kmg5solid5iores9IOManager4InitEv
                0xf80142c8                _ZN3kmg5solid5iores9IOManager8FindNodeEPKc
                0xf8014374                _ZN3kmg5solid5iores9IOManager7FindMapEmjb
                0xf801451c                _ZN3kmg5solid5iores9IOManager8RegisterEP21_SOLID_IORES_REGINFO_b
                0xf801461c                _ZN3kmg5solid5iores9IOManager3UseEPKc
                0xf80146d0                _ZN3kmg5solid5iores9IOManager5UnuseEPKc
                0xf801472c                _ZN3kmg5solid5iores9IOManager9CheckInfoEPKc
                0xf8014740                _ZN3kmg5solid5iores9IOManager7GetInfoEPKcP18_SOLID_IORES_INFO_
                0xf80147d4                _ZN3kmg5solid5iores9IOManager8CalcHashEPKc
                0xf8014814                SOLID_IORES_Init
                0xf80148ac                SOLID_IORES_Register
                0xf80148c0                SOLID_IORES_CheckInfo
                0xf80148e0                SOLID_IORES_Use
                0xf80148f0                SOLID_IORES_Unuse
                0xf8014900                SOLID_IORES_GetInfo
 .text.startup  0xf8014914       0x2c C:/ProgramData/KMC/SOLID/SDK/2.0/solid-os/core/lib/armv7aLaiv/GR_\libsolid_cs.a(solid_iores.o)
 .text          0xf8014940     0x262c C:/ProgramData/KMC/SOLID/SDK/2.0/solid-os/core/lib/armv7aLaiv/GR_\libsolid_cs.a(solid_loader.o)
                0xf8014940                _ZN3kmg5solid3elf7SectionD1Ev
                0xf8014940                _ZN3kmg5solid3elf7SectionD2Ev
                0xf8014944                _ZN3kmg5solid3elf7SegmentD2Ev
                0xf8014944                _ZN3kmg5solid3elf7SegmentD1Ev
                0xf8014948                _ZN3kmg5solid3elf12RelocateInfoD1Ev
                0xf8014948                _ZN3kmg5solid3elf12RelocateInfoD2Ev
                0xf8014980                _ZN3kmg5solid3elf7SectionD0Ev
                0xf80149a4                _ZN3kmg5solid3elf7SegmentD0Ev
                0xf80149c8                _ZN3kmg5solid3elf12RelocateInfoD0Ev
                0xf8014a0c                _ZN3kmg5solid3elf9ELFObjectD2Ev
                0xf8014a0c                _ZN3kmg5solid3elf9ELFObjectD1Ev
                0xf8014aac                _ZN3kmg5solid3elf9ELFObjectD0Ev
                0xf8014ad4                _ZN3kmg5solid3elf6SymbolD0Ev
                0xf8014bdc                _ZN3kmg5solid3elf6SymbolD2Ev
                0xf8014bdc                _ZN3kmg5solid3elf6SymbolD1Ev
                0xf8014c20                _ZN3kmg5solid3elf8InitHeapEv
                0xf8014c48                _ZN3kmg5solid3elf15DuplicateStringEPKc
                0xf8014ca0                _ZN3kmg5solid3elf10FreeStringEPKc
                0xf8014cb8                _ZNK3kmg5solid3elf10LinkObject7GetNextEv
                0xf8014cc0                _ZN3kmg5solid3elf10LinkObject7GetFromEi
                0xf8014cec                _ZN3kmg5solid3elf10LinkObject7AddTailEPS2_
                0xf8014d08                _ZN3kmg5solid3elf10LinkObject6RemoveEPS2_
                0xf8014d2c                _ZN3kmg5solid3elf7SectionC1EPNS1_9ELFObjectE
                0xf8014d2c                _ZN3kmg5solid3elf7SectionC2EPNS1_9ELFObjectE
                0xf8014d4c                _ZN3kmg5solid3elf7Section4ReadEij
                0xf8014dc0                _ZN3kmg5solid3elf7Section10SetMemAttrEv
                0xf8014e34                _ZN3kmg5solid3elf7Section10GetMemAttrEv
                0xf8014e6c                _ZN3kmg5solid3elf7Section10GetAlignedERmRj
                0xf8014ebc                _ZN3kmg5solid3elf7Section6UnloadEv
                0xf8014ee0                _ZN3kmg5solid3elf7Section12ReadFileDataEimPvj
                0xf8014f8c                _ZN3kmg5solid3elf7Section8GetEntryEimPv
                0xf8014fac                _ZN3kmg5solid3elf7Section10ReadStringEimPvj
                0xf8014fe0                _ZN3kmg5solid3elf7Section9IsInSpaceEm
                0xf8015018                _ZN3kmg5solid3elf7SegmentC2EPNS1_9ELFObjectE
                0xf8015018                _ZN3kmg5solid3elf7SegmentC1EPNS1_9ELFObjectE
                0xf8015038                _ZN3kmg5solid3elf7Segment4ReadEij
                0xf80150ac                _ZN3kmg5solid3elf7Segment4LoadEi
                0xf80151d4                _ZN3kmg5solid3elf7Segment6UnloadEv
                0xf80151f8                _ZN3kmg5solid3elf7Segment10GetMemAttrEv
                0xf8015210                _ZN3kmg5solid3elf7Segment10GetAlignedERmRj
                0xf8015254                _ZN3kmg5solid3elf9ELFObjectC2EPKc
                0xf8015254                _ZN3kmg5solid3elf9ELFObjectC1EPKc
                0xf8015298                _ZNK3kmg5solid3elf9ELFObject7GetNameEv
                0xf80152a0                _ZNK3kmg5solid3elf9ELFObject7GetPathEv
                0xf80152a8                _ZNK3kmg5solid3elf9ELFObject10GetObjPathEv
                0xf80152bc                _ZN3kmg5solid3elf9ELFObject6UnloadEv
                0xf8015354                _ZN3kmg5solid3elf9ELFObject10SetMemAttrEv
                0xf8015388                _ZN3kmg5solid3elf9ELFObject10GetSectionEi
                0xf80153c0                _ZN3kmg5solid3elf9ELFObject20RegisterRelocateInfoEPNS1_12RelocateInfoE
                0xf80153e0                _ZN3kmg5solid3elf9ELFObject7CanExecEPm
                0xf8015430                _ZN3kmg5solid3elf9ELFObject18GetUnresolvedCountEv
                0xf801545c                _ZN3kmg5solid3elf9ELFObject13IsSameSectionEmm
                0xf80154c4                _ZN3kmg5solid3elf9ELFObject10NotifyNoteEPKcm
                0xf80154f0                _ZN3kmg5solid3elf9ELFObject10NotifyNoteEPKcS4_
                0xf8015528                _ZN3kmg5solid3elf7Section4LoadEi
                0xf801575c                _ZN3kmg5solid3elf9ELFObject22CheckOverlappedSectionEv
                0xf80158ac                _ZN3kmg5solid3elf9ELFObject22CheckOverlappedSegmentEv
                0xf80159c0                _ZN3kmg5solid3elf11LoadManager4InitEv
                0xf80159cc                _ZN3kmg5solid3elf11LoadManager6UnLoadEPKc
                0xf8015ae4                _ZN3kmg5solid3elf11LoadManager7CanExecEPKcPm
                0xf8015b48                _ZN3kmg5solid3elf11LoadManager15CheckUnresolvedEv
                0xf8015bac                _ZN3kmg5solid3elf11LoadManager10FindObjectEPKc
                0xf8015bec                _ZN3kmg5solid3elf12RelocateInfoC2EiimPKc
                0xf8015bec                _ZN3kmg5solid3elf12RelocateInfoC1EiimPKc
                0xf8015c28                _ZN3kmg5solid3elf12RelocateInfo14CheckVeneerARMEmPNS1_9ELFObjectEi
                0xf8015c88                _ZN3kmg5solid3elf12RelocateInfo17CheckVeneerThumb2EmPNS1_9ELFObjectEi
                0xf8015d30                _ZN3kmg5solid3elf12RelocateInfo10DoRelocateEmPNS1_9ELFObjectE
                0xf8015fdc                _ZN3kmg5solid3elf6SymbolC1EPKcmb
                0xf8015fdc                _ZN3kmg5solid3elf6SymbolC2EPKcmb
                0xf8016070                _ZN3kmg5solid3elf6Symbol11CheckNotifyEv
                0xf801608c                _ZN3kmg5solid3elf6Symbol8CalcHashEPKc
                0xf80160cc                _ZN3kmg5solid3elf13SymbolManager4InitEv
                0xf80160d8                _ZN3kmg5solid3elf13SymbolManager10FindSymbolEPKc
                0xf8016168                _ZN3kmg5solid3elf13SymbolManager7GetAddrEPKcPmPb
                0xf80161d4                _ZN3kmg5solid3elf9ELFObject21CheckUnresolvedSymbolEv
                0xf8016304                _ZN3kmg5solid3elf11LoadManager21CheckUnresolvedSymbolEv
                0xf801632c                _ZN3kmg5solid3elf7Section8DoImportEi
                0xf80166d0                _ZN3kmg5solid3elf13SymbolManager9AddSymbolEPKcmb
                0xf80168a4                _ZN3kmg5solid3elf7Section8DoExportEi
                0xf80168bc                _ZN3kmg5solid3elf9ELFObject4LoadEPKc
                0xf8016c0c                _ZN3kmg5solid3elf11LoadManager4LoadEPKcS4_
                0xf8016d80                _ZN3kmg5solid3elf13SymbolManager9DelSymbolEPKc
                0xf8016e14                SOLID_LDR_Init
                0xf8016e58                SOLID_LDR_GetAddr
                0xf8016eb0                SOLID_LDR_LoadFile
                0xf8016ec4                SOLID_LDR_CanExec
                0xf8016ed8                SOLID_LDR_UnLoad
                0xf8016ee8                SOLID_LDR_RegisterSymbol
                0xf8016f00                SOLID_LDR_CheckUnresolved
 .text._ZN3kmg5solid3elf11LoadManagerD2Ev
                0xf8016f6c        0x4 C:/ProgramData/KMC/SOLID/SDK/2.0/solid-os/core/lib/armv7aLaiv/GR_\libsolid_cs.a(solid_loader.o)
                0xf8016f6c                _ZN3kmg5solid3elf11LoadManagerD2Ev
                0xf8016f6c                _ZN3kmg5solid3elf11LoadManagerD1Ev
 .text._ZN3kmg5solid3elf13SymbolManagerD2Ev
                0xf8016f70        0x4 C:/ProgramData/KMC/SOLID/SDK/2.0/solid-os/core/lib/armv7aLaiv/GR_\libsolid_cs.a(solid_loader.o)
                0xf8016f70                _ZN3kmg5solid3elf13SymbolManagerD1Ev
                0xf8016f70                _ZN3kmg5solid3elf13SymbolManagerD2Ev
 .text._ZN3kmg5solid3elf11LoadManagerD0Ev
                0xf8016f74       0x18 C:/ProgramData/KMC/SOLID/SDK/2.0/solid-os/core/lib/armv7aLaiv/GR_\libsolid_cs.a(solid_loader.o)
                0xf8016f74                _ZN3kmg5solid3elf11LoadManagerD0Ev
 .text.startup  0xf8016f8c       0x4c C:/ProgramData/KMC/SOLID/SDK/2.0/solid-os/core/lib/armv7aLaiv/GR_\libsolid_cs.a(solid_loader.o)
 .text          0xf8016fd8       0x30 C:/ProgramData/KMC/SOLID/SDK/2.0/solid-os/core/lib/armv7aLaiv/GR_\libsolid_cs.a(solid_loader_fixed.o)
                0xf8016fd8                SOLID_LDR_FixedSymbol_Init
 .text          0xf8017008      0x264 C:/ProgramData/KMC/SOLID/SDK/2.0/solid-os/core/lib/armv7aLaiv/GR_\libsolid_cs.a(solid_log.o)
                0xf8017098                SOLID_LOG_SetMode
                0xf8017144                SOLID_LOG_Init
                0xf8017160                SOLID_LOG_PutChar
                0xf8017190                SOLID_LOG_puts
                0xf80171c0                SOLID_LOG_write
                0xf80171e0                SOLID_LOG_vprintf
                0xf8017240                SOLID_LOG_printf
 .text          0xf801726c      0x4d8 C:/ProgramData/KMC/SOLID/SDK/2.0/solid-os/core/lib/armv7aLaiv/GR_\libsolid_cs.a(solid_malloc.o)
                0xf8017288                SOLID_init_memory_pool
                0xf8017320                SOLID_malloc
                0xf801736c                SOLID_free
                0xf80173a4                SOLID_realloc
                0xf80173f8                SOLID_calloc
                0xf801744c                SOLID_mallinfo
                0xf8017520                SOLID_heap_create
                0xf8017560                SOLID_heap_destroy
                0xf801758c                SOLID_heap_alloc
                0xf80175d8                SOLID_heap_align
                0xf8017640                SOLID_heap_free
                0xf8017680                SOLID_heap_mallinfo
 .text          0xf8017744     0x1334 C:/ProgramData/KMC/SOLID/SDK/2.0/solid-os/core/lib/armv7aLaiv/GR_\libsolid_cs.a(solid_mem.o)
                0xf8017798                _ZN3kmg5solid7Align4KERmRj
                0xf80177dc                _ZN3kmg5solid9MemoryMap4InitEv
                0xf801781c                _ZN3kmg5solid9MemoryMap9AllocAreaEmPKcb
                0xf8017a00                _ZN3kmg5solid9MemoryMap13ReserveVAAreaEmjPKc
                0xf8017a80                _ZN3kmg5solid9MemoryMap11GetAreaInfoEPKcRmRj
                0xf8017b04                _ZN3kmg5solid9MemoryMap8FindAreaEmPPKc
                0xf8017b84                _ZN3kmg5solid9MemoryMap9FindPAIdxEPKc
                0xf8017be0                _ZN3kmg5solid9MemoryMap9FindVAIdxEPKc
                0xf8017c40                SOLID_MEM_Init_L2C
                0xf8017c4c                SOLID_MEM_IsFlat
                0xf8017cdc                SOLID_MEM_Map
                0xf8017d0c                SOLID_MEM_Unmap
                0xf8017d24                SOLID_MEM_IsValid
                0xf8017d40                SOLID_MEM_VA2PA
                0xf8017d60                SOLID_MEM_GetAttr
                0xf8017d80                SOLID_MEM_SetAttr
                0xf8017d98                SOLID_MEM_GetAddress
                0xf8017db0                SOLID_MEM_GetAreaName
                0xf8017e3c                SOLID_MEM_CACHE_InvalidateCode
                0xf8017e50                SOLID_MEM_CACHE_InvalidateCodeStrict
                0xf8017e64                SOLID_MEM_CACHE_Invalidate
                0xf8017e78                SOLID_MEM_CACHE_InvalidateStrict
                0xf8017e8c                SOLID_MEM_CACHE_Clean
                0xf8017ea0                SOLID_MEM_CACHE_CleanStrict
                0xf8017eb4                SOLID_MEM_CACHE_CleanAll
                0xf8017ec0                SOLID_MEM_CACHE_Flush
                0xf8017ed4                SOLID_MEM_CACHE_FlushStrict
                0xf8017ee8                SOLID_MEM_CACHE_FlushAll
                0xf8017ef4                SOLID_MEM_CheckIO
                0xf8017f88                SOLID_MEM_SetStackMode
                0xf8017fc8                SOLID_MEM_RamAccessTest
                0xf80180e4                _ZN3kmg5solid9MemoryMap9AllocHeapEjPm
                0xf8018170                SOLID_MEM_AllocHeap
                0xf8018184                SOLID_MEM_Alloc
                0xf8018264                SOLID_MEM_Realloc
                0xf8018314                SOLID_MEM_AllocFlat
                0xf80183b0                SOLID_MEM_AllocIO
                0xf801845c                SOLID_MEM_AllocPA
                0xf801847c                _ZN3kmg5solid9MemoryMap7AddAreaEmjmPKc
                0xf8018520                _ZN3kmg5solid9MemoryMap12InitHeapAreaEv
                0xf8018630                SOLID_MEM_Init
                0xf8018810                _ZN3kmg5solid9MemoryMap8FreeHeapEm
                0xf8018858                SOLID_MEM_FreeHeap
                0xf8018868                SOLID_MEM_Free
                0xf8018928                SOLID_MEM_FreeIO
                0xf8018970                SOLID_MEM_AllocStack
                0xf8018a60                SOLID_MEM_FreeStack
 .text._ZN3kmg5solid5CACHED2Ev
                0xf8018a78        0x4 C:/ProgramData/KMC/SOLID/SDK/2.0/solid-os/core/lib/armv7aLaiv/GR_\libsolid_cs.a(solid_mem.o)
                0xf8018a78                _ZN3kmg5solid5CACHED2Ev
                0xf8018a78                _ZN3kmg5solid5CACHED1Ev
 .text._ZN3kmg5solid3MMUD2Ev
                0xf8018a7c        0x4 C:/ProgramData/KMC/SOLID/SDK/2.0/solid-os/core/lib/armv7aLaiv/GR_\libsolid_cs.a(solid_mem.o)
                0xf8018a7c                _ZN3kmg5solid3MMUD1Ev
                0xf8018a7c                _ZN3kmg5solid3MMUD2Ev
 .text._ZN3kmg5solid9MemoryMapD2Ev
                0xf8018a80        0x4 C:/ProgramData/KMC/SOLID/SDK/2.0/solid-os/core/lib/armv7aLaiv/GR_\libsolid_cs.a(solid_mem.o)
                0xf8018a80                _ZN3kmg5solid9MemoryMapD1Ev
                0xf8018a80                _ZN3kmg5solid9MemoryMapD2Ev
 .text._ZN3kmg5solid10MemManagerImED2Ev
                0xf8018a84        0x4 C:/ProgramData/KMC/SOLID/SDK/2.0/solid-os/core/lib/armv7aLaiv/GR_\libsolid_cs.a(solid_mem.o)
                0xf8018a84                _ZN3kmg5solid10MemManagerImED2Ev
                0xf8018a84                _ZN3kmg5solid10MemManagerImED1Ev
 .text._ZN3kmg5solid12StackManagerImED2Ev
                0xf8018a88        0x4 C:/ProgramData/KMC/SOLID/SDK/2.0/solid-os/core/lib/armv7aLaiv/GR_\libsolid_cs.a(solid_mem.o)
                0xf8018a88                _ZN3kmg5solid12StackManagerImED2Ev
                0xf8018a88                _ZN3kmg5solid12StackManagerImED1Ev
 .text._ZN3kmg5solid10MemManagerImED0Ev
                0xf8018a8c       0x18 C:/ProgramData/KMC/SOLID/SDK/2.0/solid-os/core/lib/armv7aLaiv/GR_\libsolid_cs.a(solid_mem.o)
                0xf8018a8c                _ZN3kmg5solid10MemManagerImED0Ev
 .text._ZN3kmg5solid12StackManagerImED0Ev
                0xf8018aa4       0x18 C:/ProgramData/KMC/SOLID/SDK/2.0/solid-os/core/lib/armv7aLaiv/GR_\libsolid_cs.a(solid_mem.o)
                0xf8018aa4                _ZN3kmg5solid12StackManagerImED0Ev
 .text._ZN3kmg5solid10MemManagerImE5AllocEjPmPjb
                0xf8018abc      0x23c C:/ProgramData/KMC/SOLID/SDK/2.0/solid-os/core/lib/armv7aLaiv/GR_\libsolid_cs.a(solid_mem.o)
                0xf8018abc                _ZN3kmg5solid10MemManagerImE5AllocEjPmPjb
 .text._ZN3kmg5solid10MemManagerImE4InitEv
                0xf8018cf8       0x5c C:/ProgramData/KMC/SOLID/SDK/2.0/solid-os/core/lib/armv7aLaiv/GR_\libsolid_cs.a(solid_mem.o)
                0xf8018cf8                _ZN3kmg5solid10MemManagerImE4InitEv
 .text._ZN3kmg5solid10MemManagerImE12AllocAlignedEjmPm
                0xf8018d54      0x244 C:/ProgramData/KMC/SOLID/SDK/2.0/solid-os/core/lib/armv7aLaiv/GR_\libsolid_cs.a(solid_mem.o)
                0xf8018d54                _ZN3kmg5solid10MemManagerImE12AllocAlignedEjmPm
 .text._ZN3kmg5solid10MemManagerImE8AddChunkERPNS0_15SOLID_MEM_CHUNKImEES5_b
                0xf8018f98       0xc0 C:/ProgramData/KMC/SOLID/SDK/2.0/solid-os/core/lib/armv7aLaiv/GR_\libsolid_cs.a(solid_mem.o)
                0xf8018f98                _ZN3kmg5solid10MemManagerImE8AddChunkERPNS0_15SOLID_MEM_CHUNKImEES5_b
 .text._ZN3kmg5solid10MemManagerImE11AddFreeAreaEmj
                0xf8019058       0x48 C:/ProgramData/KMC/SOLID/SDK/2.0/solid-os/core/lib/armv7aLaiv/GR_\libsolid_cs.a(solid_mem.o)
                0xf8019058                _ZN3kmg5solid10MemManagerImE11AddFreeAreaEmj
 .text._ZN3kmg5solid10MemManagerImE4FreeEmPj
                0xf80190a0       0x8c C:/ProgramData/KMC/SOLID/SDK/2.0/solid-os/core/lib/armv7aLaiv/GR_\libsolid_cs.a(solid_mem.o)
                0xf80190a0                _ZN3kmg5solid10MemManagerImE4FreeEmPj
 .text._ZN3kmg5solid12StackManagerImE4FreeEm
                0xf801912c      0x160 C:/ProgramData/KMC/SOLID/SDK/2.0/solid-os/core/lib/armv7aLaiv/GR_\libsolid_cs.a(solid_mem.o)
                0xf801912c                _ZN3kmg5solid12StackManagerImE4FreeEm
 .text.startup  0xf801928c       0xdc C:/ProgramData/KMC/SOLID/SDK/2.0/solid-os/core/lib/armv7aLaiv/GR_\libsolid_cs.a(solid_mem.o)
 .text          0xf8019368      0x87c C:/ProgramData/KMC/SOLID/SDK/2.0/solid-os/core/lib/armv7aLaiv/GR_\libsolid_cs.a(solid_mem_cache.o)
                0xf80193d0                _ZN3kmg5solid5CACHE4InitEv
                0xf801956c                _ZN3kmg5solid5CACHE12EnableCachesEb
                0xf80195ac                _ZN3kmg5solid5CACHE7InitL2CEv
                0xf80195d4                _ZN3kmg5solid5CACHE7Init2ndEv
                0xf80195d8                _ZN3kmg5solid5CACHE4InvIEv
                0xf8019604                _ZN3kmg5solid5CACHE10InvIStrictEmj
                0xf8019654                _ZN3kmg5solid5CACHE4InvIEmj
                0xf8019668                _ZN3kmg5solid5CACHE10InvDStrictEmj
                0xf80197bc                _ZN3kmg5solid5CACHE5CleanEv
                0xf80198b4                _ZN3kmg5solid5CACHE11CleanStrictEmj
                0xf801998c                _ZN3kmg5solid5CACHE5CleanEmj
                0xf80199a0                _ZN3kmg5solid5CACHE5FlushEv
                0xf8019a3c                _ZN3kmg5solid5CACHE11FlushStrictEmj
                0xf8019b14                _ZN3kmg5solid5CACHE5FlushEmj
                0xf8019b28                _ZN3kmg5solid5CACHE4InvDEmj
 .text          0xf8019be4       0x64 C:/ProgramData/KMC/SOLID/SDK/2.0/solid-os/core/lib/armv7aLaiv/GR_\libsolid_cs.a(solid_mutex.o)
                0xf8019be4                SOLID_InitializeCriticalSection
                0xf8019bf4                SOLID_TryEnterCriticalSection
                0xf8019c18                SOLID_EnterCriticalSection
                0xf8019c1c                SOLID_LeaveCriticalSection
 .text          0xf8019c48       0x7c C:/ProgramData/KMC/SOLID/SDK/2.0/solid-os/core/lib/armv7aLaiv/GR_\libsolid_cs.a(solid_rtc.o)
                0xf8019c48                SOLID_RTC_Init
                0xf8019c4c                SOLID_RTC_ReadTime
                0xf8019c60                SOLID_RTC_SetTime
 .text          0xf8019cc4      0xbc4 C:/ProgramData/KMC/SOLID/SDK/2.0/solid-os/core/lib/armv7aLaiv/GR_\libsolid_cs.a(solid_timer.o)
                0xf8019cc4                _ZN3kmg5solid9TickCount4InitEP17_IMPL_TIMER_INFO_
                0xf8019cf8                _ZN3kmg5solid9TickCount14GetCurrentTickEv
                0xf8019d10                _ZN3kmg5solid9TickCount12CalcNextTickEm
                0xf8019d5c                _ZN3kmg5solid9TickCount6ToUsecEy
                0xf8019d84                _ZN3kmg5solid9TickCount6ToTickEm
                0xf8019db0                _ZN3kmg5solid9TickCount10UpdateTickEv
                0xf8019de4                _ZN3kmg5solid9TickCount7SuspendEv
                0xf8019de8                _ZN3kmg5solid9TickCount6ResumeEv
                0xf8019dec                _ZN3kmg5solid5Timer7ToTicksEy
                0xf8019e10                _ZN3kmg5solid5Timer8SetTimerEy
                0xf8019ecc                _ZN3kmg5solid5Timer10SetMaxTimeEv
                0xf8019eec                _ZN3kmg5solid5Timer10UnRegisterEP21_SOLID_TIMER_HANDLER_
                0xf8019fb0                _ZN3kmg5solid5Timer8AddQueueEP21_SOLID_TIMER_HANDLER_
                0xf801a064                _ZN3kmg5solid5Timer8RegisterEP21_SOLID_TIMER_HANDLER_
                0xf801a134                _ZN3kmg5solid5Timer11NotifyTimerEP19_SOLID_CPU_CONTEXT_
                0xf801a300                _ZN3kmg5solid5Timer12CallBackFuncEPvP19_SOLID_CPU_CONTEXT_
                0xf801a320                _ZN3kmg5solid5Timer7SuspendEv
                0xf801a334                _ZN3kmg5solid5Timer6ResumeEv
                0xf801a348                SOLID_TIMER_GetCurrentTick
                0xf801a368                SOLID_TIMER_ToUsec
                0xf801a398                SOLID_TIMER_RegisterTimer
                0xf801a3a8                SOLID_TIMER_UnRegisterTimer
                0xf801a3b8                SOLID_TIMER_WaitNsec
                0xf801a468                _ZN3kmg5solid5Timer4InitEv
                0xf801a7c0                SOLID_TIMER_Init
                0xf801a7cc                SOLID_TIMER_GetTicksPerSec
                0xf801a7dc                SOLID_TIMER_GetMaxTicks
                0xf801a824                SOLID_TIMER_GetMaxTimerTime
                0xf801a850                SOLID_TIMER_Suspend
                0xf801a86c                SOLID_TIMER_Resume
 .text._ZN3kmg5solid9TickCountD2Ev
                0xf801a888        0x4 C:/ProgramData/KMC/SOLID/SDK/2.0/solid-os/core/lib/armv7aLaiv/GR_\libsolid_cs.a(solid_timer.o)
                0xf801a888                _ZN3kmg5solid9TickCountD1Ev
                0xf801a888                _ZN3kmg5solid9TickCountD2Ev
 .text._ZN3kmg5solid5TimerD2Ev
                0xf801a88c        0x4 C:/ProgramData/KMC/SOLID/SDK/2.0/solid-os/core/lib/armv7aLaiv/GR_\libsolid_cs.a(solid_timer.o)
                0xf801a88c                _ZN3kmg5solid5TimerD2Ev
                0xf801a88c                _ZN3kmg5solid5TimerD1Ev
 .text.startup  0xf801a890       0x40 C:/ProgramData/KMC/SOLID/SDK/2.0/solid-os/core/lib/armv7aLaiv/GR_\libsolid_cs.a(solid_timer.o)
 .text          0xf801a8d0      0x384 C:/ProgramData/KMC/SOLID/SDK/2.0/solid-os/core/lib/armv7aLaiv/GR_\libsolid_cs.a(solid_vector.o)
                0xf801a950                SOLID_VECTOR_Init
                0xf801a9a4                SOLID_VECTOR_Register
                0xf801a9dc                SOLID_VECTOR_UnRegister
                0xf801aa54                SOLID_VECTOR_Notify
                0xf801aab8                SOLID_VECTOR_IsInInterrupt
                0xf801aad0                SOLID_SVC_Register
                0xf801aba0                SOLID_SVC_UnRegister
 .text          0xf801ac54      0x160 C:/ProgramData/KMC/SOLID/SDK/2.0/solid-os/core/lib/armv7aLaiv/GR_\libsolid_cs.a(solid_vlink.o)
                0xf801acb0                SOLID_VLINK_IsAvailable
                0xf801acc4                SOLID_VLINK_WriteConsole
                0xf801acd0                SOLID_VLINK_Init
                0xf801ad30                SOLID_VLINK_GetCwd
 .text          0xf801adb4      0xf54 C:/ProgramData/KMC/SOLID/SDK/2.0/solid-os/core/lib/armv7aLaiv/GR_\libsolid_cs.a(solid_mem_mmu.o)
                0xf801adb4                _ZN3kmg5solid3MMU9IsSectionEi
                0xf801add0                _ZN3kmg5solid3MMU6IsPageEi
                0xf801adec                _ZN3kmg5solid3MMU6ExpandEi
                0xf801af4c                _ZN3kmg5solid3MMU6ReductEi
                0xf801af90                _ZN3kmg5solid3MMU15Allocate2ndPageEv
                0xf801b01c                _ZN3kmg5solid3MMU11Free2ndPageEi
                0xf801b050                _ZN3kmg5solid3MMU13Get2ndPageIdxEi
                0xf801b07c                _ZN3kmg5solid3MMU3MapEmjmb
                0xf801b258                _ZN3kmg5solid3MMU5UnmapEmjb
                0xf801b404                _ZN3kmg5solid3MMU4InitEv
                0xf801b5e8                _ZN3kmg5solid3MMU7IsValidEmj
                0xf801b6f0                _ZN3kmg5solid3MMU9IsInvalidEmj
                0xf801b7fc                _ZN3kmg5solid3MMU9CheckAreaEmRbRjj
                0xf801b984                _ZN3kmg5solid3MMU5VA2PAEmPm
                0xf801ba18                _ZN3kmg5solid3MMU7GetAttrEmPi
                0xf801bacc                _ZN3kmg5solid3MMU7SetAttrEmi
                0xf801bb98                _ZN3kmg5solid3MMU7SetAttrEmji
 .text          0xf801bd08      0x228 C:/ProgramData/KMC/SOLID/SDK/2.0/solid-os/core/lib/armv7aLaiv/GR_\libsolid_cs.a(kmc_evttracker_core.o)
                0xf801bd08                __kmc_toppers_event_log_init
                0xf801bdf0                __kmc_toppers_event_logI
                0xf801be84                __kmc_toppers_event_set_int_mask
                0xf801be94                __kmc_toppers_event_clear_int_mask
                0xf801bea8                __kmc_log_inh_enter
                0xf801beec                __kmc_log_inh_leave
 .text          0xf801bf30     0x29f4 C:/ProgramData/KMC/SOLID/SDK/2.0/solid-os/core/lib/armv7aLaiv/GR_\libsolid_cs.a(dlmalloc.o)
                0xf801ca20                create_mspace
                0xf801ca4c                create_mspace_with_base
                0xf801cb84                mspace_track_large_chunks
                0xf801cb8c                destroy_mspace
                0xf801cba8                mspace_malloc
                0xf801d8f4                mspace_free
                0xf801dfc0                mspace_calloc
                0xf801e034                mspace_realloc
                0xf801e0e8                mspace_realloc_in_place
                0xf801e148                mspace_memalign
                0xf801e334                mspace_independent_calloc
                0xf801e35c                mspace_independent_comalloc
                0xf801e378                mspace_bulk_free
                0xf801e474                mspace_inspect_all
                0xf801e540                mspace_trim
                0xf801e584                mspace_malloc_stats
                0xf801e698                mspace_footprint
                0xf801e6a0                mspace_max_footprint
                0xf801e6a8                mspace_footprint_limit
                0xf801e6b8                mspace_set_footprint_limit
                0xf801e6e8                mspace_mallinfo
                0xf801e848                mspace_usable_size
                0xf801e880                mspace_mallopt
 .text          0xf801e924        0x8 C:/ProgramData/KMC/SOLID/SDK/2.0/solid-os/core/lib/armv7aLaiv/GR_\libsolid_cs.a(solid_asan.o)
                0xf801e924                SOLID_ASAN_Enabled
                0xf801e928                SOLID_ASAN_RegisterReporter
 .text          0xf801e92c        0x0 C:/ProgramData/KMC/SOLID/SDK/2.0/solid-os/core/lib/armv7aLaiv/GR_\libsolid_cs.a(solid_cs_args.o)
 .text          0xf801e92c        0xc C:/ProgramData/KMC/SOLID/SDK/2.0/solid-os/core/lib/armv7aLaiv/GR_\libsolid_cs.a(tasan.o)
                0xf801e92c                asan_enabled
                0xf801e934                asan_set_report_handler
 .text          0xf801e938      0x6fc C:/Users/admin/Documents/SOLID-IDE/Projects/cpptest/Release/exeGCC_SOLID/\libnet.a(sys_arch.o)
                0xf801e938                lwip_daemon_thread
                0xf801e98c                sys_init
                0xf801e990                sys_setup_OSresource
                0xf801ea8c                sys_arch_protect
                0xf801eaa0                sys_arch_unprotect
                0xf801eaa4                sys_sem_new
                0xf801eb3c                sys_sem_signal
                0xf801eb80                sys_sem_free
                0xf801eb90                sys_sem_valid
                0xf801ebc0                sys_sem_set_invalid
                0xf801ebcc                sys_mbox_new
                0xf801ec14                sys_mbox_post
                0xf801ec58                sys_mbox_trypost
                0xf801eca0                sys_arch_mbox_tryfetch
                0xf801ece4                sys_mbox_free
                0xf801ecf4                sys_mbox_valid
                0xf801ed24                sys_mbox_set_invalid
                0xf801ed30                sys_now
                0xf801ed4c                sys_arch_sem_wait
                0xf801edf4                sys_arch_mbox_fetch
                0xf801eeb4                sys_thread_new
                0xf801ef40                sys_start_daemon
                0xf801ef80                lwip_thread_task
 .text          0xf801f034      0x318 C:/Users/admin/Documents/SOLID-IDE/Projects/cpptest/Release/exeGCC_SOLID/\libnet.a(tcpip.o)
                0xf801f038                tcpip_inpkt
                0xf801f0ac                tcpip_input
                0xf801f0d0                tcpip_callback_with_block
                0xf801f154                tcpip_send_msg_wait_sem
                0xf801f18c                tcpip_api_call
                0xf801f1c8                tcpip_callbackmsg_new
                0xf801f1f4                tcpip_callbackmsg_delete
                0xf801f200                tcpip_trycallback
                0xf801f228                tcpip_init
                0xf801f324                pbuf_free_callback
                0xf801f338                mem_free_callback
 .text          0xf801f34c       0x2c C:/Users/admin/Documents/SOLID-IDE/Projects/cpptest/Release/exeGCC_SOLID/\libnet.a(init.o)
                0xf801f34c                lwip_init
 .text          0xf801f378      0x6b0 C:/Users/admin/Documents/SOLID-IDE/Projects/cpptest/Release/exeGCC_SOLID/\libnet.a(ip4.o)
                0xf801f378                ip4_route
                0xf801f42c                ip4_input
                0xf801f7b8                ip4_output_if_src
                0xf801f94c                ip4_output_if
                0xf801f990                ip4_output
 .text          0xf801fa28      0x3f8 C:/Users/admin/Documents/SOLID-IDE/Projects/cpptest/Release/exeGCC_SOLID/\libnet.a(ip4_addr.o)
                0xf801fa28                ip4_addr_isbroadcast_u32
                0xf801fa80                ip4_addr_netmask_valid
                0xf801fad0                ip4addr_aton
                0xf801fcdc                ipaddr_addr
                0xf801fd00                ip4addr_ntoa_r
                0xf801fe10                ip4addr_ntoa
 .text          0xf801fe20      0xa18 C:/Users/admin/Documents/SOLID-IDE/Projects/cpptest/Release/exeGCC_SOLID/\libnet.a(ip4_frag.o)
                0xf802003c                ip_reass_tmr
                0xf802009c                ip4_reass
                0xf802058c                ip4_frag
 .text          0xf8020838      0x558 C:/Users/admin/Documents/SOLID-IDE/Projects/cpptest/Release/exeGCC_SOLID/\libnet.a(mem.o)
                0xf8020838                mem_init
                0xf80208a0                mem_free
                0xf80209d0                mem_trim
                0xf8020b70                mem_malloc
                0xf8020d5c                mem_calloc
 .text          0xf8020d90      0x1f8 C:/Users/admin/Documents/SOLID-IDE/Projects/cpptest/Release/exeGCC_SOLID/\libnet.a(memp.o)
                0xf8020e04                memp_init_pool
                0xf8020e6c                memp_init
                0xf8020ea8                memp_malloc_pool
                0xf8020ebc                memp_malloc
                0xf8020ee8                memp_free_pool
                0xf8020f2c                memp_free
 .text          0xf8020f88      0x448 C:/Users/admin/Documents/SOLID-IDE/Projects/cpptest/Release/exeGCC_SOLID/\libnet.a(netif.o)
                0xf8020f9c                netif_init
                0xf8020fa0                netif_input
                0xf8020fb4                netif_find
                0xf8021030                netif_set_ipaddr
                0xf80210f8                netif_set_addr
                0xf8021160                netif_add
                0xf80211e8                netif_set_gw
                0xf80211f8                netif_set_netmask
                0xf8021208                netif_set_default
                0xf8021218                netif_set_up
                0xf8021268                netif_set_down
                0xf80212ac                netif_remove
                0xf802136c                netif_set_status_callback
                0xf8021378                netif_set_link_up
                0xf80213bc                netif_set_link_down
 .text          0xf80213d0      0xde0 C:/Users/admin/Documents/SOLID-IDE/Projects/cpptest/Release/exeGCC_SOLID/\libnet.a(pbuf.o)
                0xf8021698                pbuf_alloced_custom
                0xf802172c                pbuf_header
                0xf802174c                pbuf_header_force
                0xf8021768                pbuf_free
                0xf8021818                pbuf_alloc
                0xf80219ec                pbuf_realloc
                0xf8021aac                pbuf_clen
                0xf8021ad8                pbuf_ref
                0xf8021afc                pbuf_cat
                0xf8021b0c                pbuf_chain
                0xf8021b30                pbuf_dechain
                0xf8021b84                pbuf_copy
                0xf8021cd8                pbuf_copy_partial
                0xf8021d7c                pbuf_split_64k
                0xf8021e18                pbuf_skip
                0xf8021e5c                pbuf_take
                0xf8021ee4                pbuf_take_at
                0xf8021f90                pbuf_coalesce
                0xf8021fe0                pbuf_get_at
                0xf8022020                pbuf_try_get_at
                0xf802206c                pbuf_put_at
                0xf80220ac                pbuf_memcmp
                0xf80220d0                pbuf_memfind
                0xf8022150                pbuf_strstr
 .text          0xf80221b0       0x18 C:/Users/admin/Documents/SOLID-IDE/Projects/cpptest/Release/exeGCC_SOLID/\libnet.a(stats.o)
                0xf80221b0                stats_init
 .text          0xf80221c8     0x1954 C:/Users/admin/Documents/SOLID-IDE/Projects/cpptest/Release/exeGCC_SOLID/\libnet.a(tcp.o)
                0xf80222e8                tcp_init
                0xf80222ec                tcp_bind
                0xf80223d8                tcp_listen_with_backlog_and_err
                0xf8022504                tcp_listen_with_backlog
                0xf802250c                tcp_update_rcv_ann_wnd
                0xf8022570                tcp_recved
                0xf8022624                tcp_connect
                0xf8022804                tcp_txnow
                0xf8022850                tcp_seg_free
                0xf802287c                tcp_segs_free
                0xf80228a0                tcp_setprio
                0xf80228a8                tcp_seg_copy
                0xf80228f8                tcp_arg
                0xf8022904                tcp_recv
                0xf8022910                tcp_sent
                0xf802291c                tcp_err
                0xf8022928                tcp_accept
                0xf8022940                tcp_poll
                0xf802294c                tcp_pcb_purge
                0xf80229f4                tcp_slowtmr
                0xf8022eb8                tcp_pcb_remove
                0xf80231f4                tcp_close
                0xf8023210                tcp_recv_null
                0xf8023264                tcp_process_refused_data
                0xf802336c                tcp_fasttmr
                0xf802344c                tcp_tmr
                0xf802347c                tcp_shutdown
                0xf8023520                tcp_abandon
                0xf80236e4                tcp_abort
                0xf80237d0                tcp_alloc
                0xf8023a04                tcp_new
                0xf8023a0c                tcp_new_ip_type
                0xf8023a14                tcp_next_iss
                0xf8023a38                tcp_eff_send_mss_impl
                0xf8023a7c                tcp_netif_ip_addr_changed
                0xf8023b08                tcp_debug_state_str
 .text          0xf8023b1c     0x1d10 C:/Users/admin/Documents/SOLID-IDE/Projects/cpptest/Release/exeGCC_SOLID/\libnet.a(tcp_in.o)
                0xf802498c                tcp_input
                0xf8025814                tcp_trigger_input_pcb_close
 .text          0xf802582c     0x1640 C:/Users/admin/Documents/SOLID-IDE/Projects/cpptest/Release/exeGCC_SOLID/\libnet.a(tcp_out.o)
                0xf8025a8c                tcp_write
                0xf80261ac                tcp_enqueue_flags
                0xf8026310                tcp_send_fin
                0xf8026388                tcp_send_empty_ack
                0xf8026470                tcp_output
                0xf80269a4                tcp_rst
                0xf8026aac                tcp_rexmit_rto
                0xf8026b14                tcp_rexmit
                0xf8026bb0                tcp_rexmit_fast
                0xf8026c24                tcp_keepalive
                0xf8026ce8                tcp_zero_window_probe
 .text          0xf8026e6c      0x3a8 C:/Users/admin/Documents/SOLID-IDE/Projects/cpptest/Release/exeGCC_SOLID/\libnet.a(timeouts.o)
                0xf8026e6c                sys_timeout
                0xf8026f50                tcp_timer_needed
                0xf8027004                sys_timeouts_init
                0xf8027074                sys_untimeout
                0xf80270fc                sys_restart_timeouts
                0xf8027114                sys_timeouts_mbox_fetch
 .text          0xf8027214      0x878 C:/Users/admin/Documents/SOLID-IDE/Projects/cpptest/Release/exeGCC_SOLID/\libnet.a(udp.o)
                0xf8027214                udp_init
                0xf8027218                udp_input
                0xf80274ec                udp_bind
                0xf8027658                udp_sendto_if_src
                0xf80277b8                udp_sendto_if
                0xf8027820                udp_sendto
                0xf8027898                udp_send
                0xf80278b4                udp_connect
                0xf8027960                udp_disconnect
                0xf802797c                udp_recv
                0xf8027988                udp_remove
                0xf80279fc                udp_new
                0xf8027a2c                udp_new_ip_type
                0xf8027a30                udp_netif_ip_addr_changed
 .text          0xf8027a8c      0x1d0 C:/Users/admin/Documents/SOLID-IDE/Projects/cpptest/Release/exeGCC_SOLID/\libnet.a(ethernet.o)
                0xf8027a8c                ethernet_input
                0xf8027bd0                ethernet_output
 .text          0xf8027c5c      0x288 C:/Users/admin/Documents/SOLID-IDE/Projects/cpptest/Release/exeGCC_SOLID/\libnet.a(solid_net_if.o)
                0xf8027e20                SOLID_NET_start_network
                0xf8027e30                SOLID_NET_IF_Init
                0xf8027ed4                SOLID_NET_IF_GetAdapter
                0xf8027ee0                SOLID_NET_IF_Test
 .text          0xf8027ee4       0x30 C:/Users/admin/Documents/SOLID-IDE/Projects/cpptest/Release/exeGCC_SOLID/\libnet.a(solid_net_registerapi.o)
                0xf8027ee4                SOLID_NET_RegisterAPIs
 .text          0xf8027f14      0x4f4 C:/Users/admin/Documents/SOLID-IDE/Projects/cpptest/Release/exeGCC_SOLID/\libnet.a(impl_net_stack.o)
                0xf80280c8                IMPL_NET_STACK_Init
                0xf80280cc                IMPL_NET_STACK_Start
                0xf80280ec                IMPL_NET_STACK_AddInterface
                0xf8028374                IMPL_NET_STACK_InputPacket
                0xf80283d0                IMPL_NET_STACK_DriveProcess
                0xf80283d4                IMPL_NET_STACK_SetLinkUp
                0xf80283e8                IMPL_NET_STACK_SetLinkDown
                0xf80283fc                IMPL_NET_STACK_GetPacketBufferOps
 .text          0xf8028408       0xfc C:/Users/admin/Documents/SOLID-IDE/Projects/cpptest/Release/exeGCC_SOLID/\libnet.a(ethernetif.o)
                0xf8028458                ethernetif_init
 .text          0xf8028504      0x8c8 C:/Users/admin/Documents/SOLID-IDE/Projects/cpptest/Release/exeGCC_SOLID/\libnet.a(api_lib.o)
                0xf80286e4                netconn_new_with_proto_and_callback
                0xf8028788                netconn_delete
                0xf80287ec                netconn_getaddr
                0xf8028864                netconn_bind
                0xf80288cc                netconn_connect
                0xf8028934                netconn_disconnect
                0xf802897c                netconn_listen_with_backlog
                0xf80289c4                netconn_accept
                0xf8028aa4                netconn_recv_tcp_pbuf
                0xf8028ac8                netconn_recv
                0xf8028b7c                netconn_send
                0xf8028bcc                netconn_sendto
                0xf8028bf4                netconn_write_partly
                0xf8028ce8                netconn_close
                0xf8028cf0                netconn_shutdown
                0xf8028d0c                netconn_gethostbyname
 .text          0xf8028dcc     0x1930 C:/Users/admin/Documents/SOLID-IDE/Projects/cpptest/Release/exeGCC_SOLID/\libnet.a(api_msg.o)
                0xf802992c                lwip_netconn_do_newconn
                0xf80299fc                netconn_alloc
                0xf8029ab0                netconn_free
                0xf8029d80                lwip_netconn_do_delconn
                0xf8029ee8                lwip_netconn_do_bind
                0xf8029f8c                lwip_netconn_do_connect
                0xf802a0d0                lwip_netconn_do_disconnect
                0xf802a134                lwip_netconn_do_listen
                0xf802a2c0                lwip_netconn_do_send
                0xf802a36c                lwip_netconn_do_recv
                0xf802a3f8                lwip_netconn_do_write
                0xf802a4cc                lwip_netconn_do_getaddr
                0xf802a5b8                lwip_netconn_do_close
                0xf802a6a0                lwip_netconn_do_gethostbyname
 .text          0xf802a6fc      0x220 C:/Users/admin/Documents/SOLID-IDE/Projects/cpptest/Release/exeGCC_SOLID/\libnet.a(netbuf.o)
                0xf802a6fc                netbuf_new
                0xf802a724                netbuf_delete
                0xf802a75c                netbuf_alloc
                0xf802a7b0                netbuf_free
                0xf802a7dc                netbuf_ref
                0xf802a844                netbuf_chain
                0xf802a880                netbuf_data
                0xf802a8d8                netbuf_next
                0xf802a90c                netbuf_first
 .text          0xf802a91c      0x3b4 C:/Users/admin/Documents/SOLID-IDE/Projects/cpptest/Release/exeGCC_SOLID/\libnet.a(netdb.o)
                0xf802a91c                lwip_gethostbyname
                0xf802a9bc                lwip_gethostbyname_r
                0xf802aadc                lwip_freeaddrinfo
                0xf802ab04                lwip_getaddrinfo
 .text          0xf802acd0     0x24c0 C:/Users/admin/Documents/SOLID-IDE/Projects/cpptest/Release/exeGCC_SOLID/\libnet.a(sockets.o)
                0xf802b2b0                lwip_socket_thread_init
                0xf802b2b4                lwip_socket_thread_cleanup
                0xf802b2b8                lwip_accept
                0xf802b578                lwip_bind
                0xf802b678                lwip_close
                0xf802b748                lwip_connect
                0xf802b880                lwip_listen
                0xf802b94c                lwip_recvfrom
                0xf802bd00                lwip_read
                0xf802bd24                lwip_recv
                0xf802bd44                lwip_sendmsg
                0xf802c078                lwip_sendto
                0xf802c240                lwip_send
                0xf802c318                lwip_socket
                0xf802c404                lwip_write
                0xf802c40c                lwip_writev
                0xf802c448                lwip_select
                0xf802c8c4                lwip_shutdown
                0xf802c9d0                lwip_getpeername
                0xf802c9d8                lwip_getsockname
                0xf802c9e0                lwip_getsockopt
                0xf802cd7c                lwip_setsockopt
                0xf802d008                lwip_ioctl
                0xf802d0c4                lwip_fcntl
 .text          0xf802d190      0x200 C:/Users/admin/Documents/SOLID-IDE/Projects/cpptest/Release/exeGCC_SOLID/\libnet.a(def.o)
                0xf802d190                lwip_htons
                0xf802d19c                lwip_htonl
                0xf802d1a4                lwip_strnstr
                0xf802d230                lwip_stricmp
                0xf802d2a0                lwip_strnicmp
                0xf802d300                lwip_itoa
 .text          0xf802d390      0xc70 C:/Users/admin/Documents/SOLID-IDE/Projects/cpptest/Release/exeGCC_SOLID/\libnet.a(dns.o)
                0xf802dbb0                dns_init
                0xf802dbb4                dns_setserver
                0xf802dbec                dns_getserver
                0xf802dc08                dns_tmr
                0xf802dc30                dns_gethostbyname_addrtype
                0xf802dfe4                dns_gethostbyname
 .text          0xf802e000      0x330 C:/Users/admin/Documents/SOLID-IDE/Projects/cpptest/Release/exeGCC_SOLID/\libnet.a(inet_chksum.o)
                0xf802e000                lwip_standard_chksum
                0xf802e0bc                inet_chksum_pseudo
                0xf802e194                ip_chksum_pseudo
                0xf802e198                inet_chksum_pseudo_partial
                0xf802e298                ip_chksum_pseudo_partial
                0xf802e29c                inet_chksum
                0xf802e2b0                inet_chksum_pbuf
 .text          0xf802e330        0x0 C:/Users/admin/Documents/SOLID-IDE/Projects/cpptest/Release/exeGCC_SOLID/\libnet.a(ip.o)
 .text          0xf802e330     0x20c4 C:/Users/admin/Documents/SOLID-IDE/Projects/cpptest/Release/exeGCC_SOLID/\libnet.a(dhcp.o)
                0xf802f720                dhcp_set_struct
                0xf802f744                dhcp_cleanup
                0xf802f76c                dhcp_inform
                0xf802f8bc                dhcp_network_changed
                0xf802f920                dhcp_arp_reply
                0xf802fac0                dhcp_renew
                0xf802fcc0                dhcp_release
                0xf802fe98                dhcp_coarse_tmr
                0xf80301a8                dhcp_fine_tmr
                0xf8030290                dhcp_stop
                0xf8030300                dhcp_start
                0xf80303c8                dhcp_supplied_address
 .text.unlikely
                0xf80303f4      0x130 C:/Users/admin/Documents/SOLID-IDE/Projects/cpptest/Release/exeGCC_SOLID/\libnet.a(dhcp.o)
 .text          0xf8030524      0xd74 C:/Users/admin/Documents/SOLID-IDE/Projects/cpptest/Release/exeGCC_SOLID/\libnet.a(etharp.o)
                0xf8030a70                etharp_tmr
                0xf8030b48                etharp_add_static_entry
                0xf8030b7c                etharp_remove_static_entry
                0xf8030bc0                etharp_cleanup_netif
                0xf8030c0c                etharp_find_addr
                0xf8030c8c                etharp_get_entry
                0xf8030cf4                etharp_input
                0xf8030e4c                etharp_query
                0xf8031094                etharp_output
                0xf8031254                etharp_request
 .text          0xf8031298      0x38c C:/Users/admin/Documents/SOLID-IDE/Projects/cpptest/Release/exeGCC_SOLID/\libnet.a(icmp.o)
                0xf8031390                icmp_input
                0xf8031604                icmp_dest_unreach
                0xf8031614                icmp_time_exceeded
 .text          0xf8031624       0x4c C:/Users/admin/Documents/SOLID-IDE/Projects/cpptest/Release/exeGCC_SOLID/\libnet.a(impl_net_stack_errno.o)
                0xf8031624                IMPL_NET_STACK_strerror
 .text          0xf8031670       0x4c C:/Users/admin/Documents/SOLID-IDE/Projects/cpptest/Release/exeGCC_SOLID/\libnet.a(err.o)
                0xf8031670                err_to_errno
                0xf8031694                lwip_strerr
 .text          0xf80316bc      0xecc C:/ProgramData/KMC/SOLID/SDK/2.0/solid-os/rtos/toppers_asp3/lib/armv7aLaiv/GR__\libkernel.a(dataqueue.o)
                0xf80316bc                _kernel_initialize_dataqueue
                0xf80317f0                _kernel_enqueue_data
                0xf803182c                _kernel_force_enqueue_data
                0xf8031874                _kernel_dequeue_data
                0xf80318b4                _kernel_send_data
                0xf803199c                _kernel_force_send_data
                0xf8031a70                _kernel_receive_data
                0xf8031bd8                snd_dtq
                0xf8031cf0                psnd_dtq
                0xf8031da0                tsnd_dtq
                0xf8031eec                fsnd_dtq
                0xf8031fa8                rcv_dtq
                0xf8032104                prcv_dtq
                0xf80321b4                trcv_dtq
                0xf8032338                ini_dtq
                0xf80323f8                ref_dtq
 .text.unlikely
                0xf8032588       0x44 C:/ProgramData/KMC/SOLID/SDK/2.0/solid-os/rtos/toppers_asp3/lib/armv7aLaiv/GR__\libkernel.a(dataqueue.o)
 .text          0xf80325cc      0x684 C:/ProgramData/KMC/SOLID/SDK/2.0/solid-os/rtos/toppers_asp3/lib/armv7aLaiv/GR__\libkernel.a(interrupt.o)
                0xf80325cc                _kernel_initialize_isr
                0xf80328cc                _kernel_call_isr
                0xf8032928                _kernel_initialize_interrupt
                0xf8032a44                dis_int
                0xf8032ab4                ena_int
                0xf8032b24                chg_ipm
                0xf8032c00                get_ipm
 .text          0xf8032c50      0x25c C:/ProgramData/KMC/SOLID/SDK/2.0/solid-os/rtos/toppers_asp3/lib/armv7aLaiv/GR__\libkernel.a(tSysLog.o)
                0xf8032c54                syslog_wri_log
                0xf8032d24                syslog_rea_log
                0xf8032dac                syslog_msk_log
                0xf8032de0                syslog_ref_log
                0xf8032e30                syslog_fls_log
 .text          0xf8032eac      0x1ec C:/ProgramData/KMC/SOLID/SDK/2.0/solid-os/rtos/toppers_asp3/lib/armv7aLaiv/GR__\libkernel.a(vasyslog.o)
                0xf8032eac                syslog
 .text          0xf8033098      0x5ac C:/ProgramData/KMC/SOLID/SDK/2.0/solid-os/rtos/toppers_asp3/lib/armv7aLaiv/GR__\libkernel.a(semaphore.o)
                0xf8033098                _kernel_initialize_semaphore
                0xf80330e8                sig_sem
                0xf8033218                wai_sem
                0xf8033304                pol_sem
                0xf8033384                twai_sem
                0xf803349c                ini_sem
                0xf8033544                ref_sem
 .text          0xf8033644      0x148 C:/ProgramData/KMC/SOLID/SDK/2.0/solid-os/rtos/toppers_asp3/lib/armv7aLaiv/GR__\libkernel.a(startup.o)
                0xf8033644                sta_ker
                0xf80336b0                ext_ker
                0xf80336d8                _kernel_exit_kernel
                0xf8033720                _kernel_initialize_kmm
                0xf8033750                _kernel_kernel_malloc
                0xf8033778                _kernel_kernel_free
 .text          0xf803378c      0x430 C:/ProgramData/KMC/SOLID/SDK/2.0/solid-os/rtos/toppers_asp3/lib/armv7aLaiv/GR__\libkernel.a(sys_manage.o)
                0xf803378c                rot_rdq
                0xf8033844                get_tid
                0xf80338a0                get_lod
                0xf8033938                get_nth
                0xf8033a00                loc_cpu
                0xf8033a18                unl_cpu
                0xf8033a30                dis_dsp
                0xf8033a7c                ena_dsp
                0xf8033b28                sns_ctx
                0xf8033b40                sns_loc
                0xf8033b4c                sns_dsp
                0xf8033b64                sns_dpn
                0xf8033ba4                sns_ker
 .text          0xf8033bbc      0x8e0 C:/ProgramData/KMC/SOLID/SDK/2.0/solid-os/rtos/toppers_asp3/lib/armv7aLaiv/GR__\libkernel.a(task.o)
                0xf8033bbc                _kernel_search_schedtsk
                0xf8033be0                _kernel_make_runnable
                0xf8033c60                _kernel_make_non_runnable
                0xf8033de0                _kernel_make_dormant
                0xf8033e0c                _kernel_make_active
                0xf8033e6c                _kernel_initialize_task
                0xf80340b8                _kernel_change_priority
                0xf80342c4                _kernel_rotate_ready_queue
                0xf803437c                _kernel_task_terminate
 .text          0xf803449c        0x0 C:/ProgramData/KMC/SOLID/SDK/2.0/solid-os/rtos/toppers_asp3/lib/armv7aLaiv/GR__\libkernel.a(taskhook.o)
 .text          0xf803449c      0x58c C:/ProgramData/KMC/SOLID/SDK/2.0/solid-os/rtos/toppers_asp3/lib/armv7aLaiv/GR__\libkernel.a(task_manage.o)
                0xf803449c                act_tsk
                0xf80345b0                can_act
                0xf8034640                get_tst
                0xf8034720                chg_pri
                0xf803493c                get_pri
                0xf80349d8                get_inf
 .text          0xf8034a28      0x830 C:/ProgramData/KMC/SOLID/SDK/2.0/solid-os/rtos/toppers_asp3/lib/armv7aLaiv/GR__\libkernel.a(time_event.o)
                0xf8034a28                _kernel_initialize_tmevt
                0xf8034afc                _kernel_tmevt_up
                0xf8034b94                _kernel_tmevt_down
                0xf8034c40                _kernel_update_current_evttim
                0xf8034cc8                _kernel_set_hrt_event
                0xf8034d48                _kernel_tmevtb_register
                0xf8034df4                _kernel_tmevtb_enqueue
                0xf8034ef8                _kernel_tmevtb_dequeue
                0xf8035014                _kernel_check_adjtim
                0xf80350b4                _kernel_tmevt_lefttim
                0xf8035104                _kernel_signal_time
 .text          0xf8035258      0x568 C:/ProgramData/KMC/SOLID/SDK/2.0/solid-os/rtos/toppers_asp3/lib/armv7aLaiv/GR__\libkernel.a(wait.o)
                0xf8035258                _kernel_wait_tmout
                0xf803531c                _kernel_make_wait_tmout
                0xf80353cc                _kernel_wait_complete
                0xf803547c                _kernel_wait_tmout_ok
                0xf8035524                _kernel_wobj_make_wait
                0xf80355dc                _kernel_wobj_make_wait_tmout
                0xf80356a0                _kernel_init_wait_queue
 .text          0xf80357c0       0x40 C:/ProgramData/KMC/SOLID/SDK/2.0/solid-os/rtos/toppers_asp3/lib/armv7aLaiv/GR__\libkernel.a(solid_rtos_registerapi.o)
                0xf80357c0                SOLID_RTOS_RegisterAPIs
 .text          0xf8035800       0x14 C:/ProgramData/KMC/SOLID/SDK/2.0/solid-os/rtos/toppers_asp3/lib/armv7aLaiv/GR__\libkernel.a(target_fput_log.o)
                0xf8035800                target_fput_log
                0xf8035804                tSysLog_eSysLog_write
 .text          0xf8035814      0x27c C:/ProgramData/KMC/SOLID/SDK/2.0/solid-os/rtos/toppers_asp3/lib/armv7aLaiv/GR__\libkernel.a(target_intc_impl.o)
                0xf8035944                target_intc_setup
                0xf80359a0                target_config_int
                0xf8035a30                target_set_ipm
                0xf8035a48                target_get_ipm
                0xf8035a68                target_disable_int
                0xf8035a7c                target_enable_int
 .text          0xf8035a90      0x108 C:/ProgramData/KMC/SOLID/SDK/2.0/solid-os/rtos/toppers_asp3/lib/armv7aLaiv/GR__\libkernel.a(target_timer_impl.o)
                0xf8035ad0                target_hrt_get_current
                0xf8035ae0                target_hrt_set_event
                0xf8035b28                target_hrt_raise_event
                0xf8035b30                _kernel_target_hrt_initialize
                0xf8035b58                _kernel_target_hrt_terminate
                0xf8035b5c                target_hrt_get_config
                0xf8035b94                sil_dly_nse
 .text          0xf8035b98      0x17c C:/ProgramData/KMC/SOLID/SDK/2.0/solid-os/rtos/toppers_asp3/lib/armv7aLaiv/GR__\libkernel.a(kmc_evttracker_rtos.o)
                0xf8035b98                __kmc_log_taskstat
                0xf8035bc8                __kmc_log_dsp_enter
                0xf8035c44                __kmc_log_alm_enter
                0xf8035c78                __kmc_log_alm_leave
                0xf8035cac                __kmc_log_cyc_enter
                0xf8035ce0                __kmc_log_cyc_leave
 .text          0xf8035d14      0x354 C:/ProgramData/KMC/SOLID/SDK/2.0/solid-os/rtos/toppers_asp3/lib/armv7aLaiv/GR__\libkernel.a(rtos_prof.o)
                0xf8035d24                RTOS_PROF_update_stack
                0xf8035dd4                RTOS_PROF_get_stack_usage
                0xf8035e30                RTOS_PROF_get_max_stack_usage
                0xf8035e8c                RTOS_PROF_enum_stack_usage
                0xf8035f3c                RTOS_PROF_enum_max_stack_usage
                0xf8035fec                RTOS_PROF_set_stack_threshold
                0xf8035ffc                RTOS_check_stack_overflow
 .text          0xf8036068      0x148 C:/ProgramData/KMC/SOLID/SDK/2.0/solid-os/rtos/toppers_asp3/lib/armv7aLaiv/GR__\libkernel.a(core_support.o)
                0xf8036068                _kernel_dispatch
                0xf8036094                _kernel_start_dispatch
                0xf80360bc                _kernel_exit_and_dispatch
                0xf80360c4                dispatcher_0
                0xf80360c4                dispatcher
                0xf8036100                _kernel_call_exit_kernel
                0xf8036110                _kernel_start_r
                0xf8036128                _kernel_solid_iret
 .text          0xf80361b0       0x34 C:/ProgramData/KMC/SOLID/SDK/2.0/solid-os/rtos/toppers_asp3/lib/armv7aLaiv/GR__\libkernel.a(kernel_cfg_intl.o)
                0xf80361b0                _kernel_initialize_object
 .text          0xf80361e4      0x3f8 C:/ProgramData/KMC/SOLID/SDK/2.0/solid-os/rtos/toppers_asp3/lib/armv7aLaiv/GR__\libkernel.a(alarm.o)
                0xf80361e4                _kernel_call_alarm
                0xf803637c                _kernel_initialize_alarm
                0xf80363d8                sta_alm
                0xf803649c                stp_alm
                0xf8036528                ref_alm
 .text          0xf80365dc      0x2f4 C:/ProgramData/KMC/SOLID/SDK/2.0/solid-os/rtos/toppers_asp3/lib/armv7aLaiv/GR__\libkernel.a(core_kernel_impl.o)
                0xf80365dc                _kernel_core_initialize
                0xf80365f0                _kernel_core_terminate
                0xf80365f4                _kernel_xlog_sys
                0xf80366b0                _kernel_xlog_fsr
                0xf8036734                _kernel_default_int_handler
                0xf8036768                _kernel_default_exc_handler
 .text          0xf80368d0      0x2f4 C:/ProgramData/KMC/SOLID/SDK/2.0/solid-os/rtos/toppers_asp3/lib/armv7aLaiv/GR__\libkernel.a(cyclic.o)
                0xf80368d0                _kernel_call_cyclic
                0xf8036924                _kernel_initialize_cyclic
                0xf80369b4                sta_cyc
                0xf8036a70                stp_cyc
                0xf8036b10                ref_cyc
 .text          0xf8036bc4      0x86c C:/ProgramData/KMC/SOLID/SDK/2.0/solid-os/rtos/toppers_asp3/lib/armv7aLaiv/GR__\libkernel.a(eventflag.o)
                0xf8036bc4                _kernel_initialize_eventflag
                0xf8036c14                _kernel_check_flg_cond
                0xf8036c6c                set_flg
                0xf8036d80                clr_flg
                0xf8036df8                wai_flg
                0xf8036f9c                pol_flg
                0xf80370b0                twai_flg
                0xf8037288                ini_flg
                0xf8037330                ref_flg
 .text          0xf8037430       0x6c C:/ProgramData/KMC/SOLID/SDK/2.0/solid-os/rtos/toppers_asp3/lib/armv7aLaiv/GR__\libkernel.a(exception.o)
                0xf8037430                xsns_dpn
 .text          0xf803749c      0x870 C:/ProgramData/KMC/SOLID/SDK/2.0/solid-os/rtos/toppers_asp3/lib/armv7aLaiv/GR__\libkernel.a(mempfix.o)
                0xf803749c                _kernel_initialize_mempfix
                0xf8037678                _kernel_get_mpf_block
                0xf80376dc                get_mpf
                0xf80377d4                pget_mpf
                0xf803786c                tget_mpf
                0xf803799c                rel_mpf
                0xf8037b44                ini_mpf
                0xf8037c04                ref_mpf
 .text          0xf8037d0c      0x398 C:/ProgramData/KMC/SOLID/SDK/2.0/solid-os/rtos/toppers_asp3/lib/armv7aLaiv/GR__\libkernel.a(log_output.o)
                0xf8037e2c                syslog_printf
                0xf8038034                syslog_print
                0xf8038070                syslog_lostmsg
 .text          0xf80380a4      0xc08 C:/ProgramData/KMC/SOLID/SDK/2.0/solid-os/rtos/toppers_asp3/lib/armv7aLaiv/GR__\libkernel.a(mutex.o)
                0xf80380a4                _kernel_mutex_check_ceilpri
                0xf8038138                _kernel_mutex_scan_ceilmtx
                0xf8038178                _kernel_initialize_mutex
                0xf803820c                mutex_calc_priority
                0xf8038260                _kernel_mutex_drop_priority
                0xf80382ec                _kernel_mutex_acquire
                0xf8038344                _kernel_mutex_release
                0xf80384b0                _kernel_mutex_release_all
                0xf8038548                loc_mtx
                0xf80386c4                ploc_mtx
                0xf80387f8                tloc_mtx
                0xf80389b0                unl_mtx
                0xf8038aa4                ini_mtx
                0xf8038b78                ref_mtx
 .text          0xf8038cac      0xdd0 C:/ProgramData/KMC/SOLID/SDK/2.0/solid-os/rtos/toppers_asp3/lib/armv7aLaiv/GR__\libkernel.a(pridataq.o)
                0xf8038cac                _kernel_initialize_pridataq
                0xf8038de8                _kernel_enqueue_pridata
                0xf8038e68                _kernel_dequeue_pridata
                0xf8038ea4                _kernel_send_pridata
                0xf8038f70                _kernel_receive_pridata
                0xf80390d4                snd_pdq
                0xf8039210                psnd_pdq
                0xf80392e4                tsnd_pdq
                0xf8039454                rcv_pdq
                0xf80395c8                prcv_pdq
                0xf803967c                trcv_pdq
                0xf8039818                ini_pdq
                0xf80398e0                ref_pdq
 .text.unlikely
                0xf8039a7c       0x44 C:/ProgramData/KMC/SOLID/SDK/2.0/solid-os/rtos/toppers_asp3/lib/armv7aLaiv/GR__\libkernel.a(pridataq.o)
 .text          0xf8039ac0      0x414 C:/ProgramData/KMC/SOLID/SDK/2.0/solid-os/rtos/toppers_asp3/lib/armv7aLaiv/GR__\libkernel.a(task_refer.o)
                0xf8039ac0                ref_tsk
 .text          0xf8039ed4      0x7f8 C:/ProgramData/KMC/SOLID/SDK/2.0/solid-os/rtos/toppers_asp3/lib/armv7aLaiv/GR__\libkernel.a(task_sync.o)
                0xf8039ed4                slp_tsk
                0xf8039f90                tslp_tsk
                0xf803a070                wup_tsk
                0xf803a18c                can_wup
                0xf803a228                rel_wai
                0xf803a3ac                sus_tsk
                0xf803a4f8                rsm_tsk
                0xf803a5e4                dly_tsk
 .text          0xf803a6cc      0x3b4 C:/ProgramData/KMC/SOLID/SDK/2.0/solid-os/rtos/toppers_asp3/lib/armv7aLaiv/GR__\libkernel.a(task_term.o)
                0xf803a6cc                ext_tsk
                0xf803a76c                ras_ter
                0xf803a8c0                dis_ter
                0xf803a90c                ena_ter
                0xf803a988                sns_ter
                0xf803a9ac                ter_tsk
 .text          0xf803aa80      0x1e0 C:/ProgramData/KMC/SOLID/SDK/2.0/solid-os/rtos/toppers_asp3/lib/armv7aLaiv/GR__\libkernel.a(time_manage.o)
                0xf803aa80                set_tim
                0xf803aaf0                get_tim
                0xf803ab60                adj_tim
                0xf803ac38                fch_hrt
 .text          0xf803ac60       0x28 C:/Users/admin/Documents/SOLID-IDE/Projects/cpptest/Release/exeGCC_SOLID/\libbsp.a(impl_cs_event.o)
                0xf803ac60                IMPL_CS_EventNotify
 .text          0xf803ac88      0x44c C:/Users/admin/Documents/SOLID-IDE/Projects/cpptest/Release/exeGCC_SOLID/\libbsp.a(impl_dmac.o)
                0xf803acdc                IMPL_DMAC_Init
                0xf803ad80                IMPL_DMAC_Use
                0xf803adf0                IMPL_DMAC_UnUse
                0xf803ae1c                IMPL_DMAC_StartTransfer
                0xf803b018                IMPL_DMAC_AbortTransfer
                0xf803b078                IMPL_DMAC_GetConfigIdx
 .text          0xf803b0d4       0x18 C:/Users/admin/Documents/SOLID-IDE/Projects/cpptest/Release/exeGCC_SOLID/\libbsp.a(impl_iores.o)
                0xf803b0d4                IMPL_IORES_GetConfig
 .text          0xf803b0ec       0xf8 C:/Users/admin/Documents/SOLID-IDE/Projects/cpptest/Release/exeGCC_SOLID/\libbsp.a(impl_log.o)
                0xf803b0ec                IMPL_LOG_Init
                0xf803b1ac                IMPL_LOG_Putc
 .text          0xf803b1e4     0x1228 C:/Users/admin/Documents/SOLID-IDE/Projects/cpptest/Release/exeGCC_SOLID/\libbsp.a(impl_net_dev_ether.o)
                0xf803bff0                IMPL_NET_DEV_init
 .text          0xf803c40c      0x4c4 C:/Users/admin/Documents/SOLID-IDE/Projects/cpptest/Release/exeGCC_SOLID/\libbsp.a(impl_net_dev_get_macaddr.o)
                0xf803c468                IMPL_NET_DEV_get_macaddr
 .text          0xf803c8d0        0xc C:/Users/admin/Documents/SOLID-IDE/Projects/cpptest/Release/exeGCC_SOLID/\libbsp.a(impl_net_dev_getconfig.o)
                0xf803c8d0                IMPL_NET_DEV_get_netconfig
 .text          0xf803c8dc      0x134 C:/Users/admin/Documents/SOLID-IDE/Projects/cpptest/Release/exeGCC_SOLID/\libbsp.a(impl_rtc.o)
                0xf803c8dc                IMPL_RTC_Init
                0xf803c910                IMPL_RTC_ReadTime
                0xf803c990                IMPL_RTC_SetTime
 .text          0xf803ca10      0x1ac C:/Users/admin/Documents/SOLID-IDE/Projects/cpptest/Release/exeGCC_SOLID/\libbsp.a(impl_timer.o)
                0xf803ca10                IMPL_TIMER_Init
                0xf803ca6c                IMPL_TIMER_GetTimerTick
                0xf803ca80                IMPL_TIMER_SetTimer
                0xf803cab8                IMPL_TIMER_ClearInterrupt
                0xf803cabc                IMPL_TIMER_Suspend
                0xf803cad8                IMPL_TIMER_Resume
                0xf803caf4                IMPL_GLOBAL_TICK_Init
                0xf803cb6c                IMPL_GLOBAL_TICK_GetCurrent
                0xf803cb84                IMPL_GLOBAL_TICK_Suspend
                0xf803cba0                IMPL_GLOBAL_TICK_Resume
 .text          0xf803cbbc      0xd9c C:/Users/admin/Documents/SOLID-IDE/Projects/cpptest/Release/exeGCC_SOLID/\libbsp.a(rtc.o)
                0xf803d098                R_RTC_Init
                0xf803d0b4                R_RTC_Open
                0xf803d104                R_RTC_Close
                0xf803d154                R_RTC_SetCnt
                0xf803d2dc                R_RTC_GetCnt
                0xf803d3e0                R_RTC_SetAlarm
                0xf803d71c                R_RTC_GetAlarm
 .text          0xf803d958      0x1b0 C:/Users/admin/Documents/SOLID-IDE/Projects/cpptest/Release/exeGCC_SOLID/\libbsp.a(rtc_userdef.o)
                0xf803d958                Userdef_RTC_Init
 .text          0xf803db08      0x124 C:/Users/admin/Documents/SOLID-IDE/Projects/cpptest/Release/exeGCC_SOLID/\libbsp.a(bsp_globals.o)
                0xf803db08                IMPL_SYSTEM_IO_Initialize
 .text          0xf803dc2c       0xf8 C:/Users/admin/Documents/SOLID-IDE/Projects/cpptest/Release/exeGCC_SOLID/\libbsp.a(rza_io_regrw.o)
                0xf803dc2c                RZA_IO_RegWrite_8
                0xf803dc58                RZA_IO_RegWrite_16
                0xf803dc84                RZA_IO_RegWrite_32
                0xf803dcac                RZA_IO_RegRead_8
                0xf803dcd4                RZA_IO_RegRead_16
                0xf803dcfc                RZA_IO_RegRead_32
 .text          0xf803dd24        0x0 C:/GCC4/ARM/s002/lib/armv7aLaiv\libstdc++.a(class_type_info.o)