Archive member included to satisfy reference by file (symbol)

C:/ProgramData/KMC/SOLID/SDK/2.0/solid-os/core/lib/armv7aLaiv/CD_\libsolid_cs.a(solid_cs_asm.o)
                              (solid_start)
C:/ProgramData/KMC/SOLID/SDK/2.0/solid-os/core/lib/armv7aLaiv/CD_\libsolid_cs.a(solid_cs_main.o)
                              C:/ProgramData/KMC/SOLID/SDK/2.0/solid-os/core/lib/armv7aLaiv/CD_\libsolid_cs.a(solid_cs_asm.o) (solid_cs_main)
C:/ProgramData/KMC/SOLID/SDK/2.0/solid-os/core/lib/armv7aLaiv/CD_\libsolid_cs.a(kmc_trace_mem_dummy.o)
                              C:/ProgramData/KMC/SOLID/SDK/2.0/solid-os/core/lib/armv7aLaiv/CD_\libsolid_cs.a(solid_cs_main.o) (SOLID_kmc_trace_init)
C:/ProgramData/KMC/SOLID/SDK/2.0/solid-os/core/lib/armv7aLaiv/CD_\libsolid_cs.a(solid_cs_event.o)
                              C:/ProgramData/KMC/SOLID/SDK/2.0/solid-os/core/lib/armv7aLaiv/CD_\libsolid_cs.a(solid_cs_main.o) (SOLID_CS_EventNotify)
C:/ProgramData/KMC/SOLID/SDK/2.0/solid-os/core/lib/armv7aLaiv/CD_\libsolid_cs.a(solid_debugger.o)
                              C:/ProgramData/KMC/SOLID/SDK/2.0/solid-os/core/lib/armv7aLaiv/CD_\libsolid_cs.a(solid_cs_event.o) (SOLID_DBG_EventNotify)
C:/ProgramData/KMC/SOLID/SDK/2.0/solid-os/core/lib/armv7aLaiv/CD_\libsolid_cs.a(solid_dmac.o)
                              C:/ProgramData/KMC/SOLID/SDK/2.0/solid-os/core/lib/armv7aLaiv/CD_\libsolid_cs.a(solid_cs_main.o) (SOLID_DMAC_Init)
C:/ProgramData/KMC/SOLID/SDK/2.0/solid-os/core/lib/armv7aLaiv/CD_\libsolid_cs.a(solid_exception.o)
                              C:/ProgramData/KMC/SOLID/SDK/2.0/solid-os/core/lib/armv7aLaiv/CD_\libsolid_cs.a(solid_cs_main.o) (SOLID_Exception_Init)
C:/ProgramData/KMC/SOLID/SDK/2.0/solid-os/core/lib/armv7aLaiv/CD_\libsolid_cs.a(solid_fs_base.o)
                              C:/ProgramData/KMC/SOLID/SDK/2.0/solid-os/core/lib/armv7aLaiv/CD_\libsolid_cs.a(solid_cs_main.o) (SOLID_FS_Init)
C:/ProgramData/KMC/SOLID/SDK/2.0/solid-os/core/lib/armv7aLaiv/CD_\libsolid_cs.a(solid_fs_mem.o)
                              C:/ProgramData/KMC/SOLID/SDK/2.0/solid-os/core/lib/armv7aLaiv/CD_\libsolid_cs.a(solid_cs_main.o) (SOLID_FS_MEM_Init)
C:/ProgramData/KMC/SOLID/SDK/2.0/solid-os/core/lib/armv7aLaiv/CD_\libsolid_cs.a(solid_fs_vlink.o)
                              C:/ProgramData/KMC/SOLID/SDK/2.0/solid-os/core/lib/armv7aLaiv/CD_\libsolid_cs.a(solid_cs_main.o) (SOLID_FS_VLink_Init)
C:/ProgramData/KMC/SOLID/SDK/2.0/solid-os/core/lib/armv7aLaiv/CD_\libsolid_cs.a(solid_intc.o)
                              C:/ProgramData/KMC/SOLID/SDK/2.0/solid-os/core/lib/armv7aLaiv/CD_\libsolid_cs.a(solid_cs_main.o) (SOLID_INTC_Init)
C:/ProgramData/KMC/SOLID/SDK/2.0/solid-os/core/lib/armv7aLaiv/CD_\libsolid_cs.a(solid_iores.o)
                              C:/ProgramData/KMC/SOLID/SDK/2.0/solid-os/core/lib/armv7aLaiv/CD_\libsolid_cs.a(solid_intc.o) (SOLID_IORES_GetInfo)
C:/ProgramData/KMC/SOLID/SDK/2.0/solid-os/core/lib/armv7aLaiv/CD_\libsolid_cs.a(solid_loader.o)
                              C:/ProgramData/KMC/SOLID/SDK/2.0/solid-os/core/lib/armv7aLaiv/CD_\libsolid_cs.a(solid_cs_main.o) (SOLID_LDR_Init)
C:/ProgramData/KMC/SOLID/SDK/2.0/solid-os/core/lib/armv7aLaiv/CD_\libsolid_cs.a(solid_loader_fixed.o)
                              C:/ProgramData/KMC/SOLID/SDK/2.0/solid-os/core/lib/armv7aLaiv/CD_\libsolid_cs.a(solid_loader.o) (SOLID_LDR_FixedSymbol_Init)
C:/ProgramData/KMC/SOLID/SDK/2.0/solid-os/core/lib/armv7aLaiv/CD_\libsolid_cs.a(solid_log.o)
                              C:/ProgramData/KMC/SOLID/SDK/2.0/solid-os/core/lib/armv7aLaiv/CD_\libsolid_cs.a(solid_cs_main.o) (SOLID_LOG_Init)
C:/ProgramData/KMC/SOLID/SDK/2.0/solid-os/core/lib/armv7aLaiv/CD_\libsolid_cs.a(solid_malloc.o)
                              C:/ProgramData/KMC/SOLID/SDK/2.0/solid-os/core/lib/armv7aLaiv/CD_\libsolid_cs.a(solid_dmac.o) (SOLID_free)
C:/ProgramData/KMC/SOLID/SDK/2.0/solid-os/core/lib/armv7aLaiv/CD_\libsolid_cs.a(solid_mem.o)
                              C:/ProgramData/KMC/SOLID/SDK/2.0/solid-os/core/lib/armv7aLaiv/CD_\libsolid_cs.a(solid_loader.o) (SOLID_MEM_Alloc)
C:/ProgramData/KMC/SOLID/SDK/2.0/solid-os/core/lib/armv7aLaiv/CD_\libsolid_cs.a(solid_mem_cache.o)
                              C:/ProgramData/KMC/SOLID/SDK/2.0/solid-os/core/lib/armv7aLaiv/CD_\libsolid_cs.a(solid_mem.o) (_ZN3kmg5solid5CACHE10InvDStrictEmj)
C:/ProgramData/KMC/SOLID/SDK/2.0/solid-os/core/lib/armv7aLaiv/CD_\libsolid_cs.a(solid_mutex.o)
                              C:/ProgramData/KMC/SOLID/SDK/2.0/solid-os/core/lib/armv7aLaiv/CD_\libsolid_cs.a(solid_log.o) (SOLID_EnterCriticalSection)
C:/ProgramData/KMC/SOLID/SDK/2.0/solid-os/core/lib/armv7aLaiv/CD_\libsolid_cs.a(solid_rtc.o)
                              C:/ProgramData/KMC/SOLID/SDK/2.0/solid-os/core/lib/armv7aLaiv/CD_\libsolid_cs.a(solid_loader_fixed.o) (SOLID_RTC_ReadTime)
C:/ProgramData/KMC/SOLID/SDK/2.0/solid-os/core/lib/armv7aLaiv/CD_\libsolid_cs.a(solid_timer.o)
[...]
Memory Configuration

Name             Origin             Length             Attributes
*default*        0x00000000         0xffffffff

Linker script and memory map

LOAD C:/Users/admin/Documents/SOLID-IDE/Projects/lwip_server/Debug_clang/exeClang_SOLID/lwip_server/lwip_server_all.o
START GROUP
LOAD C:/ProgramData/KMC/SOLID/SDK/2.0/solid-os/core/lib/armv7aLaiv/CD_\libsolid_cs.a
LOAD C:/ProgramData/KMC/SOLID/SDK/2.0/solid-os/net/lwIP/lib/armv7aLaiv/CD_\libnet.a
LOAD C:/ProgramData/KMC/SOLID/SDK/2.0/solid-os/rtos/toppers_asp3/lib/armv7aLaiv/CD__\libkernel.a
LOAD C:/Users/admin/Documents/SOLID-IDE/Projects/lwip_server/Debug_clang/exeClang_SOLID/\libbsp.a
LOAD C:/Users/admin/Documents/SOLID-IDE/Projects/lwip_server/Debug_clang/exeClang_SOLID/\libjcu.a
LOAD C:/Users/admin/Documents/SOLID-IDE/Projects/lwip_server/Debug_clang/exeClang_SOLID/\liblcd.a
LOAD C:/Users/admin/Documents/SOLID-IDE/Projects/lwip_server/Debug_clang/exeClang_SOLID/\libospl.a
LOAD C:/Users/admin/Documents/SOLID-IDE/Projects/lwip_server/Debug_clang/exeClang_SOLID/\libriic.a
LOAD C:/Users/admin/Documents/SOLID-IDE/Projects/lwip_server/Debug_clang/exeClang_SOLID/\libvdc5.a
END GROUP
LOAD C:/GCC4/ARM/s002/lib/armv7aLaiv\libcompiler_rt.a
LOAD C:/GCC4/ARM/s002/lib/armv7aLaiv\libstdc++.a
LOAD C:/GCC4/ARM/s002/lib/armv7aLaiv\libm.a
START GROUP
LOAD C:/GCC4/ARM/s002/lib/armv7aLaiv/libgcc.a
LOAD C:/GCC4/ARM/s002/lib/armv7aLaiv/libc.a
END GROUP
                0xf8000000                _smm_AddressSanitizer_MonitoringAddress = 0xf8000000
                0x00800000                _smm_AddressSanitizer_MonitoringSize = 0x800000
                0x20600000                _smm_AddressSanitizer_ShadowMemoryPhysicalAddress = 0x20600000
                0x40000000                _smm_AddressSanitizer_ShadowMemoryVirtualAddress = 0x40000000
                0x21000000                _smm_AddressSanitizer_ShadowMemoryOffset = 0x21000000
                0x20100000                _smm_RAM_PhysicalAddress = 0x20100000
                0x00180000                _smm_RAM_Size = 0x180000
                0x20280000                _smm_TRACE_POINT_PhysicalAddress = 0x20280000
                0xf5000000                _smm_TRACE_POINT_VirtualAddress = 0xf5000000
                0x00100000                _smm_TRACE_POINT_Size = 0x100000
                0x20380000                _smm_JPEG_PhysicalAddress = 0x20380000
                0xf6000000                _smm_JPEG_VirtualAddress = 0xf6000000
                0x00018000                _smm_JPEG_Size = 0x18000
                0x20398000                _smm_JPEG_READ_BUF_PhysicalAddress = 0x20398000
                0xf6018000                _smm_JPEG_READ_BUF_VirtualAddress = 0xf6018000
                0x000e8000                _smm_JPEG_READ_BUF_Size = 0xe8000
                0x20480000                _smm_FRAME_PhysicalAddress = 0x20480000
                0xf6100000                _smm_FRAME_VirtualAddress = 0xf6100000
                0x00180000                _smm_FRAME_Size = 0x180000
                0x20700000                _smm_MEMFS_PhysicalAddress = 0x20700000
                0xf7000000                _smm_MEMFS_VirtualAddress = 0xf7000000
                0x00100000                _smm_MEMFS_Size = 0x100000
                0x20800000                _smm_SOLID_PhysicalAddress = 0x20800000
                0xf8000000                _smm_SOLID_VirtualAddress = 0xf8000000
                0x00200000                _smm_SOLID_Size = 0x200000
                0xe8000000                _smm_SLV3_PhysicalAddress = 0xe8000000
                0xf0000000                _smm_SLV3_VirtualAddress = 0xf0000000
                0x00020000                _smm_SLV3_Size = 0x20000
                0xe8030000                _smm_SLV2_PhysicalAddress = 0xe8030000
                0xf0030000                _smm_SLV2_VirtualAddress = 0xf0030000
                0x00020000                _smm_SLV2_Size = 0x20000
                0xe8100000                _smm_SLV5_PhysicalAddress = 0xe8100000
                0xf0100000                _smm_SLV5_VirtualAddress = 0xf0100000
                0x00040000                _smm_SLV5_Size = 0x40000
                0xe8200000                _smm_SLV4_PhysicalAddress = 0xe8200000
                0xf0200000                _smm_SLV4_VirtualAddress = 0xf0200000
                0x00015800                _smm_SLV4_Size = 0x15800
                0xf0000000                _smm_CA9_PhysicalAddress = 0xf0000000
                0xf1000000                _smm_CA9_VirtualAddress = 0xf1000000
                0x00002000                _smm_CA9_Size = 0x2000
                0xfc000000                _smm_SLV6_PhysicalAddress = 0xfc000000
                0xf1100000                _smm_SLV6_VirtualAddress = 0xf1100000
                0x00080000                _smm_SLV6_Size = 0x80000
                0xfcfe0000                _smm_SLV1_PhysicalAddress = 0xfcfe0000
                0xf1200000                _smm_SLV1_VirtualAddress = 0xf1200000
                0x00010000                _smm_SLV1_Size = 0x10000
                0xfcff0000                _smm_SLV0_PhysicalAddress = 0xfcff0000
                0xf1210000                _smm_SLV0_VirtualAddress = 0xf1210000
                0x00010000                _smm_SLV0_Size = 0x10000
                0xfa000000                _smm_IOAREA_VirtualAddress = 0xfa000000
                0x01000000                _smm_IOAREA_Size = 0x1000000
                0xf8300000                _smm_OSSTACK_VirtualAddress = 0xf8300000
                0x00300000                _smm_OSSTACK_Size = 0x300000
                0xf8700000                _smm_SOLID_HEAP_VirtualAddress = 0xf8700000
                0x00080000                _smm_SOLID_HEAP_Size = 0x80000
                0xf8000000                . = _smm_SOLID_VirtualAddress
                0xf8000000                _solid_start = .
                0xf8010000                . = (. + 0x10000)

.text           0xf8010000    0x77c5c
                0xf8010000                _solid_text_start = .
 *(.head)
 .head          0xf8010000       0xa0 C:/ProgramData/KMC/SOLID/SDK/2.0/solid-os/core/lib/armv7aLaiv/CD_\libsolid_cs.a(solid_cs_asm.o)
                0xf8010000                solid_header
 *(.solid_vector)
 .solid_vector  0xf80100a0      0x1f8 C:/ProgramData/KMC/SOLID/SDK/2.0/solid-os/core/lib/armv7aLaiv/CD_\libsolid_cs.a(solid_cs_asm.o)
                0xf80100a0                solid_vector
                0xf801028c                exit
 *(.text .stub .text.* .gnu.linkonce.t.*)
 .text          0xf8010298      0x224 C:/Users/admin/Documents/SOLID-IDE/Projects/lwip_server/Debug_clang/exeClang_SOLID/lwip_server/lwip_server_all.o
                0xf8010298                IMPL_MEM_GetConfig
                0xf80102fc                _kernel_call_inirtn
                0xf8010320                _kernel_call_terrtn
                0xf8010324                root_task
 .text          0xf80104bc       0x90 C:/ProgramData/KMC/SOLID/SDK/2.0/solid-os/core/lib/armv7aLaiv/CD_\libsolid_cs.a(solid_cs_asm.o)
                0xf80104bc                solid_start
 .text          0xf801054c      0x2b0 C:/ProgramData/KMC/SOLID/SDK/2.0/solid-os/core/lib/armv7aLaiv/CD_\libsolid_cs.a(solid_cs_main.o)
                0xf801054c                _kmc_cpp_ctors
                0xf80105b8                _kmc_cpp_dtors
                0xf8010654                solid_cs_main
 .text          0xf80107fc        0x4 C:/ProgramData/KMC/SOLID/SDK/2.0/solid-os/core/lib/armv7aLaiv/CD_\libsolid_cs.a(kmc_trace_mem_dummy.o)
                0xf80107fc                SOLID_kmc_trace_init
 .text          0xf8010800      0x448 C:/ProgramData/KMC/SOLID/SDK/2.0/solid-os/core/lib/armv7aLaiv/CD_\libsolid_cs.a(solid_cs_event.o)
                0xf8010800                SOLID_CS_EventNotify
                0xf8010b6c                SOLID_CS_InitError
 .text          0xf8010c48       0xd0 C:/ProgramData/KMC/SOLID/SDK/2.0/solid-os/core/lib/armv7aLaiv/CD_\libsolid_cs.a(solid_debugger.o)
                0xf8010c48                SOLID_DBG_IsInDebugger
                0xf8010c64                SOLID_DBG_EventNotify
 .text          0xf8010d18     0x1920 C:/ProgramData/KMC/SOLID/SDK/2.0/solid-os/core/lib/armv7aLaiv/CD_\libsolid_cs.a(solid_dmac.o)
                0xf8010d18                _ZN3kmg5solid4dmac7ChannelD2Ev
                0xf8010d18                _ZN3kmg5solid4dmac7ChannelD1Ev
                0xf8010d4c                _ZN3kmg5solid4dmac7Channel16ClearTransactionEv
                0xf8010e30                _ZN3kmg5solid4dmac7Channel4InitEi
                0xf8010e80                _ZN3kmg5solid4dmac7Channel5AllocEv
                0xf8010fa0                _ZN3kmg5solid4dmac7Channel4FreeEv
                0xf8011088                _ZN3kmg5solid4dmac7Channel11GetBufStateEPi
                0xf80110f0                _ZN3kmg5solid4dmac7Channel11SetBufStateEi
                0xf8011164                _ZN3kmg5solid4dmac7Channel14AddTransactionEP24_SOLID_DMAC_TRANSACTION_
                0xf8011338                _ZN3kmg5solid4dmac7Channel10ClearTrashEv
                0xf801139c                _ZN3kmg5solid4dmac7Channel14GetTransactionEPP24_SOLID_DMAC_TRANSACTION_
                0xf8011404                _ZN3kmg5solid4dmac7Channel5StartEv
                0xf80115e8                SOLID_DMAC_MaintBuffer
                0xf8011734                _ZN3kmg5solid4dmac7Channel5AbortEv
                0xf80117f4                _ZN3kmg5solid4dmac7Channel11SetCallbackEPFvPviiP24_SOLID_DMAC_TRANSACTION_ES3_
                0xf8011858                _ZN3kmg5solid4dmac7Channel6NotifyEi
                0xf8011bb0                _ZN3kmg5solid4dmac7Channel5TrashEP24_SOLID_DMAC_TRANSACTION_
                0xf8011c7c                _ZN3kmg5solid4dmac10Controller4InitEv
                0xf8011e2c                _ZN3kmg5solid4dmac10Controller7GetInfoEv
                0xf8011e7c                _ZN3kmg5solid4dmac10Controller10GetChannelEi
                0xf8011efc                SOLID_DMAC_Init
                0xf8011f10                SOLID_DMAC_GetInfo
                0xf8011f7c                SOLID_DMAC_Alloc
                0xf8011fec                SOLID_DMAC_Free
                0xf801205c                SOLID_DMAC_SetBufState
                0xf80120cc                SOLID_DMAC_GetBufState
                0xf801213c                SOLID_DMAC_AddTransaction
                0xf80121d0                SOLID_DMAC_GetTransaction
                0xf8012264                SOLID_DMAC_ClearTransaction
                0xf80122f8                SOLID_DMAC_Start
                0xf801238c                SOLID_DMAC_Abort
                0xf8012420                SOLID_DMAC_IsFinished
                0xf80124b4                SOLID_DMAC_SetCallback
                0xf8012558                SOLID_DMAC_Notify
                0xf80125b8                SOLID_DMAC_GetConfigIdx
 .text._ZN3kmg5solid4dmac10ControllerC2Ev
                0xf8012638       0x2c C:/ProgramData/KMC/SOLID/SDK/2.0/solid-os/core/lib/armv7aLaiv/CD_\libsolid_cs.a(solid_dmac.o)
                0xf8012638                _ZN3kmg5solid4dmac10ControllerC2Ev
 .text._ZN3kmg5solid4dmac10ControllerD2Ev
                0xf8012664       0x1c C:/ProgramData/KMC/SOLID/SDK/2.0/solid-os/core/lib/armv7aLaiv/CD_\libsolid_cs.a(solid_dmac.o)
                0xf8012664                _ZN3kmg5solid4dmac10ControllerD2Ev
 .text._ZN3kmg5solid4dmac7ChannelnaEjRKSt9nothrow_t
                0xf8012680       0x30 C:/ProgramData/KMC/SOLID/SDK/2.0/solid-os/core/lib/armv7aLaiv/CD_\libsolid_cs.a(solid_dmac.o)
                0xf8012680                _ZN3kmg5solid4dmac7ChannelnaEjRKSt9nothrow_t
 .text._ZN3kmg5solid4dmac7ChannelC2Ev
                0xf80126b0       0x1c C:/ProgramData/KMC/SOLID/SDK/2.0/solid-os/core/lib/armv7aLaiv/CD_\libsolid_cs.a(solid_dmac.o)
                0xf80126b0                _ZN3kmg5solid4dmac7ChannelC2Ev
 .text._ZN3kmg5solid4dmac7Channel6IsUsedEv
                0xf80126cc       0x28 C:/ProgramData/KMC/SOLID/SDK/2.0/solid-os/core/lib/armv7aLaiv/CD_\libsolid_cs.a(solid_dmac.o)
                0xf80126cc                _ZN3kmg5solid4dmac7Channel6IsUsedEv
 .text._ZN3kmg5solid4dmac7Channel10IsFinishedEv
                0xf80126f4       0x28 C:/ProgramData/KMC/SOLID/SDK/2.0/solid-os/core/lib/armv7aLaiv/CD_\libsolid_cs.a(solid_dmac.o)
                0xf80126f4                _ZN3kmg5solid4dmac7Channel10IsFinishedEv
 .text._ZN3kmg5solid4dmac10ControllerD0Ev
                0xf801271c       0x30 C:/ProgramData/KMC/SOLID/SDK/2.0/solid-os/core/lib/armv7aLaiv/CD_\libsolid_cs.a(solid_dmac.o)
                0xf801271c                _ZN3kmg5solid4dmac10ControllerD0Ev
 .text          0xf801274c      0x218 C:/ProgramData/KMC/SOLID/SDK/2.0/solid-os/core/lib/armv7aLaiv/CD_\libsolid_cs.a(solid_exception.o)
                0xf801274c                SOLID_Exception_Init
                0xf80127b8                SOLID_Register_Stack_Check
 .text          0xf8012964     0x227c C:/ProgramData/KMC/SOLID/SDK/2.0/solid-os/core/lib/armv7aLaiv/CD_\libsolid_cs.a(solid_fs_base.o)
                0xf8012964                _ZN5solid2fs7FileSys4InitEv
                0xf8012988                _ZN5solid2fs7FileSys8RegisterEP18_SOLID_FS_HANDLER_
                0xf8012b50                _ZN5solid2fs7FileSys10UnRegisterEP18_SOLID_FS_HANDLER_
                0xf8012c34                _ZN5solid2fs7FileSys11FindHandlerEPKc
                0xf8012cd4                _ZN5solid2fs7FileSys11EnumHandlerEPKcP18_SOLID_FS_HANDLER_
                0xf8012de8                _ZN5solid2fs13sysfs_opendirEPKcPPv
                0xf8012f2c                _ZN5solid2fs14sysfs_closedirEPv
                0xf8012f74                _ZN5solid2fs13sysfs_readdirEPvP6dirent
                0xf80130b8                _ZN5solid2fs10sysfs_InitEv
                0xf8013154                _ZN5solid2fs11DescStocker4InitEv
                0xf8013180                _ZN5solid2fs11DescStocker9AllocDescEi
                0xf8013220                _ZN5solid2fs11DescStocker8FreeDescEi
                0xf8013290                _ZN5solid2fs11DescStocker7GetDescEi
                0xf801333c                SOLID_FS_Init
                0xf8013360                SOLID_FS_Register
                0xf801339c                SOLID_FS_UnRegister
                0xf80133d8                SOLID_FS_Open
                0xf80135f4                SOLID_FS_Lseek
                0xf801394c                SOLID_FS_Close
                0xf8013a4c                SOLID_FS_Read
                0xf8013bd4                SOLID_FS_Write
                0xf8013d5c                SOLID_FS_Sync
                0xf8013e44                SOLID_FS_Ftell
                0xf8013f4c                SOLID_FS_Feof
                0xf8014054                SOLID_FS_Fsize
                0xf801415c                SOLID_FS_Truncate
                0xf8014244                SOLID_FS_OpenDir
                0xf80143ec                SOLID_FS_CloseDir
                0xf80144ec                SOLID_FS_ReadDir
                0xf80145f4                SOLID_FS_Stat
                0xf80146e0                SOLID_FS_Unlink
                0xf80147a8                SOLID_FS_Rename
                0xf8014944                SOLID_FS_Chmod
                0xf8014a20                SOLID_FS_Utime
                0xf8014b08                SOLID_FS_Mkdir
 .text._ZN5solid2fs7FileSysC2Ev
                0xf8014be0       0x1c C:/ProgramData/KMC/SOLID/SDK/2.0/solid-os/core/lib/armv7aLaiv/CD_\libsolid_cs.a(solid_fs_base.o)
                0xf8014be0                _ZN5solid2fs7FileSysC2Ev
 .text._ZN5solid2fs7FileSysD2Ev
                0xf8014bfc       0x1c C:/ProgramData/KMC/SOLID/SDK/2.0/solid-os/core/lib/armv7aLaiv/CD_\libsolid_cs.a(solid_fs_base.o)
                0xf8014bfc                _ZN5solid2fs7FileSysD2Ev
 .text._ZN5solid2fs11DescStockerC2Ev
                0xf8014c18       0x1c C:/ProgramData/KMC/SOLID/SDK/2.0/solid-os/core/lib/armv7aLaiv/CD_\libsolid_cs.a(solid_fs_base.o)
                0xf8014c18                _ZN5solid2fs11DescStockerC2Ev
 .text._ZN5solid2fs11DescStockerD2Ev
                0xf8014c34       0x1c C:/ProgramData/KMC/SOLID/SDK/2.0/solid-os/core/lib/armv7aLaiv/CD_\libsolid_cs.a(solid_fs_base.o)
                0xf8014c34                _ZN5solid2fs11DescStockerD2Ev
 .text          0xf8014c50      0x540 C:/ProgramData/KMC/SOLID/SDK/2.0/solid-os/core/lib/armv7aLaiv/CD_\libsolid_cs.a(solid_fs_mem.o)
                0xf8014c50                SOLID_FS_MEM_Init
 .text          0xf8015190      0x7e4 C:/ProgramData/KMC/SOLID/SDK/2.0/solid-os/core/lib/armv7aLaiv/CD_\libsolid_cs.a(solid_fs_vlink.o)
                0xf8015190                SOLID_FS_VLink_Init
 .text          0xf8015974     0x1f80 C:/ProgramData/KMC/SOLID/SDK/2.0/solid-os/core/lib/armv7aLaiv/CD_\libsolid_cs.a(solid_intc.o)
                0xf8015974                _ZN3kmg5solid19InterruptController4InitEv
                0xf8015de4                _ZN3kmg5solid19InterruptController7CheckIOEv
                0xf8015ed4                _ZN3kmg5solid19InterruptController9NotifyIrqEPvP19_SOLID_CPU_CONTEXT_
                0xf8015f1c                _ZN3kmg5solid19InterruptController6EnableEb
                0xf8015fb0                _ZN3kmg5solid19InterruptController15SetPriorityMaskEi
                0xf8016004                _ZN3kmg5solid19InterruptController6SetBPREi
                0xf8016048                _ZN3kmg5solid19InterruptController10GetArchVerEv
                0xf801607c                _ZN3kmg5solid19InterruptController15GetPriorityMaskEv
                0xf80160ac                _ZN3kmg5solid19InterruptController8RegisterEP20_SOLID_INTC_HANDLER_i
                0xf8016248                _ZN3kmg5solid19InterruptController15SetPriorityImplEii
                0xf80162a0                _ZN3kmg5solid19InterruptController16SetTargetProcessEic
                0xf8016334                _ZN3kmg5solid19InterruptController13SetConfigImplEii
                0xf80163ec                _ZN3kmg5solid19InterruptController8RegisterEP20_SOLID_INTC_HANDLER_
                0xf8016428                _ZN3kmg5solid19InterruptController10UnRegisterEP20_SOLID_INTC_HANDLER_
                0xf80164dc                _ZN3kmg5solid19InterruptController10DisableIntEi
                0xf8016558                _ZN3kmg5solid19InterruptController7CallSGIEim
                0xf8016614                _ZN3kmg5solid19InterruptController10ProcessIrqEP19_SOLID_CPU_CONTEXT_
                0xf80167ac                _ZN3kmg5solid19InterruptController9EnableIntEi
                0xf8016828                _ZN3kmg5solid19InterruptController11SetPriorityEii
                0xf80168f8                _ZN3kmg5solid19InterruptController11GetPriorityEiPi
                0xf80169b0                _ZN3kmg5solid19InterruptController15GetPriorityImplEi
                0xf80169f0                _ZN3kmg5solid19InterruptController20SetTargetProcessImplEii
                0xf8016a48                _ZN3kmg5solid19InterruptController16GetTargetProcessEiPc
                0xf8016af0                _ZN3kmg5solid19InterruptController20GetTargetProcessImplEi
                0xf8016b30                _ZN3kmg5solid19InterruptController6GetBPREv
                0xf8016b60                _ZN3kmg5solid19InterruptController9SetConfigEii
                0xf8016bf4                _ZN3kmg5solid19InterruptController9GetConfigEiPi
                0xf8016c9c                _ZN3kmg5solid19InterruptController13GetConfigImplEi
                0xf8016d18                _ZN3kmg5solid19InterruptController9IsEnabledEi
                0xf8016d90                _ZN3kmg5solid19InterruptController9IsPendingEi
                0xf8016e08                _ZN3kmg5solid19InterruptController8IsActiveEi
                0xf8016e80                _ZN3kmg5solid19InterruptController7DisableEi
                0xf8016f30                _ZN3kmg5solid19InterruptController6EnableEi
                0xf8016fe0                _ZN3kmg5solid19InterruptController9GetStatusEiPm
                0xf8017100                _ZN3kmg5solid19InterruptController7SetHookEP17_SOLID_INTC_HOOK_S3_
                0xf8017154                _ZN3kmg5solid19InterruptController12ClearPendingEi
                0xf80172a0                SOLID_INTC_Init
                0xf80172b4                SOLID_INTC_Register
                0xf80172f0                SOLID_INTC_UnRegister
                0xf801732c                SOLID_INTC_CallSGI
                0xf8017378                SOLID_INTC_Disable
                0xf80173b4                SOLID_INTC_Enable
                0xf80173f0                SOLID_INTC_GetStatus
                0xf801743c                SOLID_INTC_SetPriorityMask
                0xf8017484                SOLID_INTC_GetPriorityMask
                0xf80174bc                SOLID_INTC_GetPriorityLevel
                0xf80174d0                SOLID_INTC_GetMinIntNo
                0xf80174e4                SOLID_INTC_GetMaxIntNo
                0xf80174f8                SOLID_INTC_GetIntPriority
                0xf8017544                SOLID_INTC_SetIntPriority
                0xf8017590                SOLID_INTC_GetIntConfig
                0xf80175dc                SOLID_INTC_SetIntConfig
                0xf8017628                SOLID_INTC_ClearPending
                0xf8017664                SOLID_INTC_SetHook
                0xf80176b0                test_unlock_cpu
                0xf80176dc                test_restore_cpu
                0xf80176fc                MyIntCallBack
                0xf80177cc                SOLID_INTC_Test
 .text._ZN3kmg5solid19InterruptControllerC2Ev
                0xf80178f4       0x1c C:/ProgramData/KMC/SOLID/SDK/2.0/solid-os/core/lib/armv7aLaiv/CD_\libsolid_cs.a(solid_intc.o)
                0xf80178f4                _ZN3kmg5solid19InterruptControllerC2Ev
 .text._ZN3kmg5solid19InterruptControllerD2Ev
                0xf8017910       0x1c C:/ProgramData/KMC/SOLID/SDK/2.0/solid-os/core/lib/armv7aLaiv/CD_\libsolid_cs.a(solid_intc.o)
                0xf8017910                _ZN3kmg5solid19InterruptControllerD2Ev
 .text._ZNK3kmg5solid19InterruptController16GetPriorityShiftEv
                0xf801792c       0x24 C:/ProgramData/KMC/SOLID/SDK/2.0/solid-os/core/lib/armv7aLaiv/CD_\libsolid_cs.a(solid_intc.o)
                0xf801792c                _ZNK3kmg5solid19InterruptController16GetPriorityShiftEv
 .text._ZNK3kmg5solid19InterruptController16GetPriorityLevelEv
                0xf8017950       0x24 C:/ProgramData/KMC/SOLID/SDK/2.0/solid-os/core/lib/armv7aLaiv/CD_\libsolid_cs.a(solid_intc.o)
                0xf8017950                _ZNK3kmg5solid19InterruptController16GetPriorityLevelEv
 .text._ZNK3kmg5solid19InterruptController11GetMinIntNoEv
                0xf8017974       0x24 C:/ProgramData/KMC/SOLID/SDK/2.0/solid-os/core/lib/armv7aLaiv/CD_\libsolid_cs.a(solid_intc.o)
                0xf8017974                _ZNK3kmg5solid19InterruptController11GetMinIntNoEv
 .text._ZNK3kmg5solid19InterruptController11GetMaxIntNoEv
                0xf8017998       0x24 C:/ProgramData/KMC/SOLID/SDK/2.0/solid-os/core/lib/armv7aLaiv/CD_\libsolid_cs.a(solid_intc.o)
                0xf8017998                _ZNK3kmg5solid19InterruptController11GetMaxIntNoEv
 .text          0xf80179bc      0xf6c C:/ProgramData/KMC/SOLID/SDK/2.0/solid-os/core/lib/armv7aLaiv/CD_\libsolid_cs.a(solid_iores.o)
                0xf8017a00                _ZN3kmg5solid5iores9IOManagerC2Ev
                0xf8017a00                _ZN3kmg5solid5iores9IOManagerC1Ev
                0xf8017a2c                _ZN3kmg5solid5iores9IOManagerD1Ev
                0xf8017a2c                _ZN3kmg5solid5iores9IOManagerD2Ev
                0xf8017b14                _ZN3kmg5solid5iores9IOManagerD0Ev
                0xf8017b4c                _ZN3kmg5solid5iores9IOManager4InitEv
                0xf8017bb0                _ZN3kmg5solid5iores9IOManager8RegisterEP21_SOLID_IORES_REGINFO_b
                0xf8017d58                _ZN3kmg5solid5iores9IOManager8FindNodeEPKc
                0xf8017e44                _ZN3kmg5solid5iores9IOManager7FindMapEmjb
                0xf8018208                _ZN3kmg5solid5iores9IOManager8CalcHashEPKc
                0xf8018334                _ZN3kmg5solid5iores9IOManager3UseEPKc
                0xf801849c                _ZN3kmg5solid5iores9IOManager5UnuseEPKc
                0xf8018568                _ZN3kmg5solid5iores9IOManager9CheckInfoEPKc
                0xf80185d0                _ZN3kmg5solid5iores9IOManager7GetInfoEPKcP18_SOLID_IORES_INFO_
                0xf8018714                SOLID_IORES_Init
                0xf80187d8                SOLID_IORES_Use
                0xf8018814                SOLID_IORES_Register
                0xf8018858                SOLID_IORES_CheckInfo
                0xf8018894                SOLID_IORES_Unuse
                0xf80188d0                SOLID_IORES_GetInfo
 .text          0xf8018928     0x4294 C:/ProgramData/KMC/SOLID/SDK/2.0/solid-os/core/lib/armv7aLaiv/CD_\libsolid_cs.a(solid_loader.o)
                0xf8018928                _ZN3kmg5solid3elf8InitHeapEv
                0xf8018950                _ZN3kmg5solid3elf15DuplicateStringEPKc
                0xf80189f0                _ZN3kmg5solid3elf10FreeStringEPKc
                0xf8018ab0                _ZNK3kmg5solid3elf10LinkObject7GetNextEv
                0xf8018ad0                _ZN3kmg5solid3elf10LinkObject7GetFromEi
                0xf8018b68                _ZN3kmg5solid3elf10LinkObject7AddTailEPS2_
                0xf8018bc8                _ZN3kmg5solid3elf10LinkObject6RemoveEPS2_
                0xf8018c44                _ZN3kmg5solid3elf7SectionC2EPNS1_9ELFObjectE
                0xf8018c44                _ZN3kmg5solid3elf7SectionC1EPNS1_9ELFObjectE
                0xf8018ca0                _ZN3kmg5solid3elf7SectionD1Ev
                0xf8018ca0                _ZN3kmg5solid3elf7SectionD2Ev
                0xf8018ccc                _ZN3kmg5solid3elf7SectionD0Ev
                0xf8018d04                _ZN3kmg5solid3elf7Section4ReadEij
                0xf8018de4                _ZN3kmg5solid3elf7Section4LoadEi
                0xf80191e0                _ZN3kmg5solid3elf9ELFObject10NotifyNoteEPKcm
                0xf8019250                _ZN3kmg5solid3elf9ELFObject10NotifyNoteEPKcS4_
                0xf80192c4                _ZN3kmg5solid3elf7Section10SetMemAttrEv
                0xf80193d0                _ZN3kmg5solid3elf7Section10GetMemAttrEv
                0xf801946c                _ZN3kmg5solid3elf7Section10GetAlignedERmRj
                0xf8019510                _ZN3kmg5solid3elf7Section6UnloadEv
                0xf8019598                _ZN3kmg5solid3elf7Section8DoImportEi
                0xf8019924                _ZN3kmg5solid3elf9ELFObject10GetSectionEi
                0xf801995c                _ZN3kmg5solid3elf7Section8GetEntryEimPv
                0xf80199c4                _ZN3kmg5solid3elf7Section10ReadStringEimPvj
                0xf8019a98                _ZN3kmg5solid3elf13SymbolManager7GetAddrEPKcPmPb
                0xf8019b80                _ZN3kmg5solid3elf9ELFObject20RegisterRelocateInfoEPNS1_12RelocateInfoE
                0xf8019bf8                _ZN3kmg5solid3elf12RelocateInfo10DoRelocateEmPNS1_9ELFObjectE
                0xf801a1ac                _ZN3kmg5solid3elf7Section8DoExportEi
                0xf801a368                _ZN3kmg5solid3elf13SymbolManager9AddSymbolEPKcmb
                0xf801a4d0                _ZN3kmg5solid3elf7Section12ReadFileDataEimPvj
                0xf801a61c                _ZN3kmg5solid3elf7Section9IsInSpaceEm
                0xf801a6c0                _ZN3kmg5solid3elf7SegmentC2EPNS1_9ELFObjectE
                0xf801a6c0                _ZN3kmg5solid3elf7SegmentC1EPNS1_9ELFObjectE
                0xf801a71c                _ZN3kmg5solid3elf7SegmentD1Ev
                0xf801a71c                _ZN3kmg5solid3elf7SegmentD2Ev
                0xf801a748                _ZN3kmg5solid3elf7SegmentD0Ev
                0xf801a780                _ZN3kmg5solid3elf7Segment4ReadEij
                0xf801a860                _ZN3kmg5solid3elf7Segment4LoadEi
                0xf801aaa0                _ZN3kmg5solid3elf7Segment6UnloadEv
                0xf801ab28                _ZN3kmg5solid3elf7Segment10GetMemAttrEv
                0xf801abb0                _ZN3kmg5solid3elf7Segment10GetAlignedERmRj
                0xf801ac40                _ZN3kmg5solid3elf9ELFObjectC2EPKc
                0xf801ac40                _ZN3kmg5solid3elf9ELFObjectC1EPKc
                0xf801acb8                _ZN3kmg5solid3elf9ELFObjectD1Ev
                0xf801acb8                _ZN3kmg5solid3elf9ELFObjectD2Ev
                0xf801ad80                _ZN3kmg5solid3elf9ELFObjectD0Ev
                0xf801adb8                _ZNK3kmg5solid3elf9ELFObject7GetNameEv
                0xf801add8                _ZNK3kmg5solid3elf9ELFObject7GetPathEv
                0xf801adf8                _ZNK3kmg5solid3elf9ELFObject10GetObjPathEv
                0xf801ae4c                _ZN3kmg5solid3elf9ELFObject4LoadEPKc
                0xf801b4a8                _ZN3kmg5solid3elf9ELFObject22CheckOverlappedSectionEv
                0xf801b5e8                _ZN3kmg5solid3elf9ELFObject10SetMemAttrEv
                0xf801b66c                _ZN3kmg5solid3elf9ELFObject22CheckOverlappedSegmentEv
                0xf801b7ac                _ZN3kmg5solid3elf9ELFObject6UnloadEv
                0xf801b8ac                _ZN3kmg5solid3elf9ELFObject7CanExecEPm
                0xf801b978                _ZN3kmg5solid3elf9ELFObject18GetUnresolvedCountEv
                0xf801b9dc                _ZN3kmg5solid3elf9ELFObject21CheckUnresolvedSymbolEv
                0xf801bb54                _ZN3kmg5solid3elf9ELFObject13IsSameSectionEmm
                0xf801bbf4                _ZN3kmg5solid3elf11LoadManager4InitEv
                0xf801bc18                _ZN3kmg5solid3elf11LoadManager4LoadEPKcS4_
                0xf801bdfc                _ZN3kmg5solid3elf11LoadManager10FindObjectEPKc
                0xf801be8c                _ZN3kmg5solid3elf11LoadManager21CheckUnresolvedSymbolEv
                0xf801bee0                _ZN3kmg5solid3elf11LoadManager6UnLoadEPKc
                0xf801c028                _ZN3kmg5solid3elf11LoadManager7CanExecEPKcPm
                0xf801c0c8                _ZN3kmg5solid3elf11LoadManager15CheckUnresolvedEv
                0xf801c134                _ZN3kmg5solid3elf12RelocateInfoC2EiimPKc
                0xf801c134                _ZN3kmg5solid3elf12RelocateInfoC1EiimPKc
                0xf801c1c8                _ZN3kmg5solid3elf12RelocateInfoD1Ev
                0xf801c1c8                _ZN3kmg5solid3elf12RelocateInfoD2Ev
                0xf801c214                _ZN3kmg5solid3elf12RelocateInfoD0Ev
                0xf801c24c                _ZN3kmg5solid3elf12RelocateInfo14CheckVeneerARMEmPNS1_9ELFObjectEi
                0xf801c39c                _ZN3kmg5solid3elf12RelocateInfo17CheckVeneerThumb2EmPNS1_9ELFObjectEi
                0xf801c598                _ZN3kmg5solid3elf6SymbolC1EPKcmb
                0xf801c598                _ZN3kmg5solid3elf6SymbolC2EPKcmb
                0xf801c664                _ZN3kmg5solid3elf6Symbol8CalcHashEPKc
                0xf801c6f4                _ZN3kmg5solid3elf6SymbolD1Ev
                0xf801c6f4                _ZN3kmg5solid3elf6SymbolD2Ev
                0xf801c758                _ZN3kmg5solid3elf6SymbolD0Ev
                0xf801c790                _ZN3kmg5solid3elf6Symbol11CheckNotifyEv
                0xf801c7e4                _ZN3kmg5solid3elf13SymbolManager4InitEv
                0xf801c810                _ZN3kmg5solid3elf13SymbolManager10FindSymbolEPKc
                0xf801c8e0                _ZN3kmg5solid3elf13SymbolManager9DelSymbolEPKc
                0xf801c9f4                SOLID_LDR_Init
                0xf801ca1c                SOLID_LDR_GetAddr
                0xf801ca70                SOLID_LDR_LoadFile
                0xf801cabc                SOLID_LDR_CanExec
                0xf801cb08                SOLID_LDR_UnLoad
                0xf801cb44                SOLID_LDR_RegisterSymbol
                0xf801cb98                SOLID_LDR_CheckUnresolved
 .text._ZN3kmg5solid3elf13SymbolManagerC2Ev
                0xf801cbbc       0x1c C:/ProgramData/KMC/SOLID/SDK/2.0/solid-os/core/lib/armv7aLaiv/CD_\libsolid_cs.a(solid_loader.o)
                0xf801cbbc                _ZN3kmg5solid3elf13SymbolManagerC2Ev
 .text._ZN3kmg5solid3elf13SymbolManagerD2Ev
                0xf801cbd8       0x1c C:/ProgramData/KMC/SOLID/SDK/2.0/solid-os/core/lib/armv7aLaiv/CD_\libsolid_cs.a(solid_loader.o)
                0xf801cbd8                _ZN3kmg5solid3elf13SymbolManagerD2Ev
 .text._ZN3kmg5solid3elf11LoadManagerC2Ev
                0xf801cbf4       0x2c C:/ProgramData/KMC/SOLID/SDK/2.0/solid-os/core/lib/armv7aLaiv/CD_\libsolid_cs.a(solid_loader.o)
                0xf801cbf4                _ZN3kmg5solid3elf11LoadManagerC2Ev
 .text._ZN3kmg5solid3elf11LoadManagerD2Ev
                0xf801cc20       0x1c C:/ProgramData/KMC/SOLID/SDK/2.0/solid-os/core/lib/armv7aLaiv/CD_\libsolid_cs.a(solid_loader.o)
                0xf801cc20                _ZN3kmg5solid3elf11LoadManagerD2Ev
 .text._ZN3kmg5solid3elf10LinkObjectC2Ev
                0xf801cc3c       0x34 C:/ProgramData/KMC/SOLID/SDK/2.0/solid-os/core/lib/armv7aLaiv/CD_\libsolid_cs.a(solid_loader.o)
                0xf801cc3c                _ZN3kmg5solid3elf10LinkObjectC2Ev
 .text._ZN3kmg5solid3elf7SectiondlEPv
                0xf801cc70       0x34 C:/ProgramData/KMC/SOLID/SDK/2.0/solid-os/core/lib/armv7aLaiv/CD_\libsolid_cs.a(solid_loader.o)
                0xf801cc70                _ZN3kmg5solid3elf7SectiondlEPv
 .text._ZN3kmg5solid3elf12RelocateInfonwEjRKSt9nothrow_t
                0xf801cca4       0x3c C:/ProgramData/KMC/SOLID/SDK/2.0/solid-os/core/lib/armv7aLaiv/CD_\libsolid_cs.a(solid_loader.o)
                0xf801cca4                _ZN3kmg5solid3elf12RelocateInfonwEjRKSt9nothrow_t
 .text._ZN3kmg5solid3elf7SegmentdlEPv
                0xf801cce0       0x34 C:/ProgramData/KMC/SOLID/SDK/2.0/solid-os/core/lib/armv7aLaiv/CD_\libsolid_cs.a(solid_loader.o)
                0xf801cce0                _ZN3kmg5solid3elf7SegmentdlEPv
 .text._ZN3kmg5solid3elf9ELFObjectdlEPv
                0xf801cd14       0x34 C:/ProgramData/KMC/SOLID/SDK/2.0/solid-os/core/lib/armv7aLaiv/CD_\libsolid_cs.a(solid_loader.o)
                0xf801cd14                _ZN3kmg5solid3elf9ELFObjectdlEPv
 .text._ZN3kmg5solid3elf7SectionnwEjRKSt9nothrow_t
                0xf801cd48       0x3c C:/ProgramData/KMC/SOLID/SDK/2.0/solid-os/core/lib/armv7aLaiv/CD_\libsolid_cs.a(solid_loader.o)
                0xf801cd48                _ZN3kmg5solid3elf7SectionnwEjRKSt9nothrow_t
 .text._ZN3kmg5solid3elf10LinkObject7SetNextEPS2_
                0xf801cd84       0x30 C:/ProgramData/KMC/SOLID/SDK/2.0/solid-os/core/lib/armv7aLaiv/CD_\libsolid_cs.a(solid_loader.o)
                0xf801cd84                _ZN3kmg5solid3elf10LinkObject7SetNextEPS2_
 .text._ZN3kmg5solid3elf7SegmentnwEjRKSt9nothrow_t
                0xf801cdb4       0x3c C:/ProgramData/KMC/SOLID/SDK/2.0/solid-os/core/lib/armv7aLaiv/CD_\libsolid_cs.a(solid_loader.o)
                0xf801cdb4                _ZN3kmg5solid3elf7SegmentnwEjRKSt9nothrow_t
 .text._ZN3kmg5solid3elf12RelocateInfo7GetNameEv
                0xf801cdf0       0x20 C:/ProgramData/KMC/SOLID/SDK/2.0/solid-os/core/lib/armv7aLaiv/CD_\libsolid_cs.a(solid_loader.o)
                0xf801cdf0                _ZN3kmg5solid3elf12RelocateInfo7GetNameEv
 .text._ZN3kmg5solid3elf9ELFObjectnwEjRKSt9nothrow_t
                0xf801ce10       0x3c C:/ProgramData/KMC/SOLID/SDK/2.0/solid-os/core/lib/armv7aLaiv/CD_\libsolid_cs.a(solid_loader.o)
                0xf801ce10                _ZN3kmg5solid3elf9ELFObjectnwEjRKSt9nothrow_t
 .text._ZN3kmg5solid3elf12RelocateInfodlEPv
                0xf801ce4c       0x34 C:/ProgramData/KMC/SOLID/SDK/2.0/solid-os/core/lib/armv7aLaiv/CD_\libsolid_cs.a(solid_loader.o)
                0xf801ce4c                _ZN3kmg5solid3elf12RelocateInfodlEPv
 .text._ZN3kmg5solid3elf6SymboldlEPv
                0xf801ce80       0x34 C:/ProgramData/KMC/SOLID/SDK/2.0/solid-os/core/lib/armv7aLaiv/CD_\libsolid_cs.a(solid_loader.o)
                0xf801ce80                _ZN3kmg5solid3elf6SymboldlEPv
 .text._ZN3kmg5solid3elf6Symbol10GetAddressEv
                0xf801ceb4       0x20 C:/ProgramData/KMC/SOLID/SDK/2.0/solid-os/core/lib/armv7aLaiv/CD_\libsolid_cs.a(solid_loader.o)
                0xf801ceb4                _ZN3kmg5solid3elf6Symbol10GetAddressEv
 .text._ZN3kmg5solid3elf6Symbol13ChangeAddressEm
                0xf801ced4       0x30 C:/ProgramData/KMC/SOLID/SDK/2.0/solid-os/core/lib/armv7aLaiv/CD_\libsolid_cs.a(solid_loader.o)
                0xf801ced4                _ZN3kmg5solid3elf6Symbol13ChangeAddressEm
 .text._ZN3kmg5solid3elf6SymbolnwEjRKSt9nothrow_t
                0xf801cf04       0x3c C:/ProgramData/KMC/SOLID/SDK/2.0/solid-os/core/lib/armv7aLaiv/CD_\libsolid_cs.a(solid_loader.o)
                0xf801cf04                _ZN3kmg5solid3elf6SymbolnwEjRKSt9nothrow_t
 .text._ZN3kmg5solid3elf6Symbol7GetHashEv
                0xf801cf40       0x20 C:/ProgramData/KMC/SOLID/SDK/2.0/solid-os/core/lib/armv7aLaiv/CD_\libsolid_cs.a(solid_loader.o)
                0xf801cf40                _ZN3kmg5solid3elf6Symbol7GetHashEv
 .text._ZN3kmg5solid3elf6Symbol7GetNameEv
                0xf801cf60       0x20 C:/ProgramData/KMC/SOLID/SDK/2.0/solid-os/core/lib/armv7aLaiv/CD_\libsolid_cs.a(solid_loader.o)
                0xf801cf60                _ZN3kmg5solid3elf6Symbol7GetNameEv
 .text._ZN3kmg5solid3elf11LoadManagerD0Ev
                0xf801cf80       0x30 C:/ProgramData/KMC/SOLID/SDK/2.0/solid-os/core/lib/armv7aLaiv/CD_\libsolid_cs.a(solid_loader.o)
                0xf801cf80                _ZN3kmg5solid3elf11LoadManagerD0Ev
 .text._ZN3kmg5solid3elf10LinkObjectD2Ev
                0xf801cfb0       0x1c C:/ProgramData/KMC/SOLID/SDK/2.0/solid-os/core/lib/armv7aLaiv/CD_\libsolid_cs.a(solid_loader.o)
                0xf801cfb0                _ZN3kmg5solid3elf10LinkObjectD2Ev
 .text._ZN3kmg5solid3elf10LinkObjectD0Ev
                0xf801cfcc       0x30 C:/ProgramData/KMC/SOLID/SDK/2.0/solid-os/core/lib/armv7aLaiv/CD_\libsolid_cs.a(solid_loader.o)
                0xf801cfcc                _ZN3kmg5solid3elf10LinkObjectD0Ev
 .text._ZN3kmg5solid3elf10LinkObjectdlEPv
                0xf801cffc       0x34 C:/ProgramData/KMC/SOLID/SDK/2.0/solid-os/core/lib/armv7aLaiv/CD_\libsolid_cs.a(solid_loader.o)
                0xf801cffc                _ZN3kmg5solid3elf10LinkObjectdlEPv
 .text          0xf801d030       0x5c C:/ProgramData/KMC/SOLID/SDK/2.0/solid-os/core/lib/armv7aLaiv/CD_\libsolid_cs.a(solid_loader_fixed.o)
                0xf801d030                SOLID_LDR_FixedSymbol_Init
 .text          0xf801d08c      0x474 C:/ProgramData/KMC/SOLID/SDK/2.0/solid-os/core/lib/armv7aLaiv/CD_\libsolid_cs.a(solid_log.o)
                0xf801d08c                SOLID_LOG_Init
                0xf801d0a8                SOLID_LOG_SetMode
                0xf801d30c                SOLID_LOG_PutChar
                0xf801d350                SOLID_LOG_puts
                0xf801d3a4                SOLID_LOG_write
                0xf801d3f8                SOLID_LOG_printf
                0xf801d44c                SOLID_LOG_vprintf
 .text          0xf801d500      0x8b0 C:/ProgramData/KMC/SOLID/SDK/2.0/solid-os/core/lib/armv7aLaiv/CD_\libsolid_cs.a(solid_malloc.o)
                0xf801d500                SOLID_init_memory_pool
                0xf801d5b8                SOLID_malloc
                0xf801d644                SOLID_free
                0xf801d69c                SOLID_realloc
                0xf801d738                SOLID_calloc
                0xf801d7d4                SOLID_mallinfo
                0xf801d9d0                SOLID_heap_create
                0xf801da40                SOLID_heap_destroy
                0xf801da90                SOLID_heap_alloc
                0xf801db28                SOLID_heap_align
                0xf801dbe0                SOLID_heap_free
                0xf801dc60                SOLID_heap_mallinfo
 .text          0xf801ddb0     0x2210 C:/ProgramData/KMC/SOLID/SDK/2.0/solid-os/core/lib/armv7aLaiv/CD_\libsolid_cs.a(solid_mem.o)
                0xf801df54                _ZN3kmg5solid7Align4KERmRj
                0xf801dff0                _ZN3kmg5solid9MemoryMap4InitEv
                0xf801e060                _ZN3kmg5solid9MemoryMap7AddAreaEmjmPKc
                0xf801e1cc                _ZN3kmg5solid9MemoryMap9AllocAreaEmPKcb
                0xf801e450                _ZN3kmg5solid9MemoryMap9FindPAIdxEPKc
                0xf801e500                _ZN3kmg5solid9MemoryMap13ReserveVAAreaEmjPKc
                0xf801e620                _ZN3kmg5solid9MemoryMap11GetAreaInfoEPKcRmRj
                0xf801e6f4                _ZN3kmg5solid9MemoryMap9FindVAIdxEPKc
                0xf801e7a4                _ZN3kmg5solid9MemoryMap8FindAreaEmPPKc
                0xf801e8c4                _ZN3kmg5solid9MemoryMap12InitHeapAreaEv
                0xf801ea2c                _ZN3kmg5solid9MemoryMap9AllocHeapEjPm
                0xf801eb3c                _ZN3kmg5solid9MemoryMap8FreeHeapEm
                0xf801ebc8                SOLID_MEM_Init
                0xf801ee48                SOLID_MEM_Init_L2C
                0xf801ee5c                SOLID_MEM_Alloc
                0xf801ef94                SOLID_MEM_AllocFlat
                0xf801f06c                SOLID_MEM_IsFlat
                0xf801f158                SOLID_MEM_VA2PA
                0xf801f1bc                SOLID_MEM_Realloc
                0xf801f2c4                SOLID_MEM_Free
                0xf801f3d4                SOLID_MEM_Map
                0xf801f43c                SOLID_MEM_Unmap
                0xf801f490                SOLID_MEM_IsValid
                0xf801f4dc                SOLID_MEM_GetAttr
                0xf801f540                SOLID_MEM_SetAttr
                0xf801f59c                SOLID_MEM_GetAddress
                0xf801f5f8                SOLID_MEM_GetAreaName
                0xf801f644                SOLID_MEM_CACHE_InvalidateCode
                0xf801f690                SOLID_MEM_CACHE_InvalidateCodeStrict
                0xf801f6dc                SOLID_MEM_CACHE_Invalidate
                0xf801f728                SOLID_MEM_CACHE_InvalidateStrict
                0xf801f774                SOLID_MEM_CACHE_Clean
                0xf801f7c0                SOLID_MEM_CACHE_CleanStrict
                0xf801f80c                SOLID_MEM_CACHE_CleanAll
                0xf801f820                SOLID_MEM_CACHE_Flush
                0xf801f86c                SOLID_MEM_CACHE_FlushStrict
                0xf801f8b8                SOLID_MEM_CACHE_FlushAll
                0xf801f8cc                SOLID_MEM_AllocIO
                0xf801fa14                SOLID_MEM_FreeIO
                0xf801fa8c                SOLID_MEM_CheckIO
                0xf801fb88                SOLID_MEM_AllocHeap
                0xf801fbd4                SOLID_MEM_FreeHeap
                0xf801fc10                SOLID_MEM_SetStackMode
                0xf801fc54                SOLID_MEM_AllocStack
                0xf801fca0                SOLID_MEM_FreeStack
                0xf801fcdc                SOLID_MEM_AllocPA
                0xf801fd38                SOLID_MEM_RamAccessTest
 .text._ZN3kmg5solid5CACHEC2Ev
                0xf801ffc0       0x1c C:/ProgramData/KMC/SOLID/SDK/2.0/solid-os/core/lib/armv7aLaiv/CD_\libsolid_cs.a(solid_mem.o)
                0xf801ffc0                _ZN3kmg5solid5CACHEC2Ev
 .text._ZN3kmg5solid5CACHED2Ev
                0xf801ffdc       0x1c C:/ProgramData/KMC/SOLID/SDK/2.0/solid-os/core/lib/armv7aLaiv/CD_\libsolid_cs.a(solid_mem.o)
                0xf801ffdc                _ZN3kmg5solid5CACHED2Ev
 .text._ZN3kmg5solid3MMUC2Ev
                0xf801fff8       0x1c C:/ProgramData/KMC/SOLID/SDK/2.0/solid-os/core/lib/armv7aLaiv/CD_\libsolid_cs.a(solid_mem.o)
                0xf801fff8                _ZN3kmg5solid3MMUC2Ev
 .text._ZN3kmg5solid3MMUD2Ev
                0xf8020014       0x1c C:/ProgramData/KMC/SOLID/SDK/2.0/solid-os/core/lib/armv7aLaiv/CD_\libsolid_cs.a(solid_mem.o)
                0xf8020014                _ZN3kmg5solid3MMUD2Ev
 .text._ZN3kmg5solid10MemManagerImEC2Ev
                0xf8020030       0x2c C:/ProgramData/KMC/SOLID/SDK/2.0/solid-os/core/lib/armv7aLaiv/CD_\libsolid_cs.a(solid_mem.o)
                0xf8020030                _ZN3kmg5solid10MemManagerImEC2Ev
 .text._ZN3kmg5solid10MemManagerImED2Ev
                0xf802005c       0x1c C:/ProgramData/KMC/SOLID/SDK/2.0/solid-os/core/lib/armv7aLaiv/CD_\libsolid_cs.a(solid_mem.o)
                0xf802005c                _ZN3kmg5solid10MemManagerImED2Ev
 .text._ZN3kmg5solid12StackManagerImEC2Ev
                0xf8020078       0x40 C:/ProgramData/KMC/SOLID/SDK/2.0/solid-os/core/lib/armv7aLaiv/CD_\libsolid_cs.a(solid_mem.o)
                0xf8020078                _ZN3kmg5solid12StackManagerImEC2Ev
 .text._ZN3kmg5solid12StackManagerImED2Ev
                0xf80200b8       0x2c C:/ProgramData/KMC/SOLID/SDK/2.0/solid-os/core/lib/armv7aLaiv/CD_\libsolid_cs.a(solid_mem.o)
                0xf80200b8                _ZN3kmg5solid12StackManagerImED2Ev
 .text._ZN3kmg5solid9MemoryMapC2Ev
                0xf80200e4       0x1c C:/ProgramData/KMC/SOLID/SDK/2.0/solid-os/core/lib/armv7aLaiv/CD_\libsolid_cs.a(solid_mem.o)
                0xf80200e4                _ZN3kmg5solid9MemoryMapC2Ev
 .text._ZN3kmg5solid9MemoryMapD2Ev
                0xf8020100       0x1c C:/ProgramData/KMC/SOLID/SDK/2.0/solid-os/core/lib/armv7aLaiv/CD_\libsolid_cs.a(solid_mem.o)
                0xf8020100                _ZN3kmg5solid9MemoryMapD2Ev
 .text._ZN3kmg5solid10MemManagerImE11AddFreeAreaEmj
                0xf802011c       0x9c C:/ProgramData/KMC/SOLID/SDK/2.0/solid-os/core/lib/armv7aLaiv/CD_\libsolid_cs.a(solid_mem.o)
                0xf802011c                _ZN3kmg5solid10MemManagerImE11AddFreeAreaEmj
 .text._ZN3kmg5solid10MemManagerImE10RemoveAreaEmj
                0xf80201b8       0xf4 C:/ProgramData/KMC/SOLID/SDK/2.0/solid-os/core/lib/armv7aLaiv/CD_\libsolid_cs.a(solid_mem.o)
                0xf80201b8                _ZN3kmg5solid10MemManagerImE10RemoveAreaEmj
 .text._ZN3kmg5solid10MemManagerImE5AllocEjPmPjb
                0xf80202ac      0x24c C:/ProgramData/KMC/SOLID/SDK/2.0/solid-os/core/lib/armv7aLaiv/CD_\libsolid_cs.a(solid_mem.o)
                0xf80202ac                _ZN3kmg5solid10MemManagerImE5AllocEjPmPjb
 .text._ZN3kmg5solid10MemManagerImE4FreeEmPj
                0xf80204f8       0xe4 C:/ProgramData/KMC/SOLID/SDK/2.0/solid-os/core/lib/armv7aLaiv/CD_\libsolid_cs.a(solid_mem.o)
                0xf80204f8                _ZN3kmg5solid10MemManagerImE4FreeEmPj
 .text._ZN3kmg5solid10MemManagerImE4InitEv
                0xf80205dc       0xcc C:/ProgramData/KMC/SOLID/SDK/2.0/solid-os/core/lib/armv7aLaiv/CD_\libsolid_cs.a(solid_mem.o)
                0xf80205dc                _ZN3kmg5solid10MemManagerImE4InitEv
 .text._ZN3kmg5solid12StackManagerImE4InitEv
                0xf80206a8       0x48 C:/ProgramData/KMC/SOLID/SDK/2.0/solid-os/core/lib/armv7aLaiv/CD_\libsolid_cs.a(solid_mem.o)
                0xf80206a8                _ZN3kmg5solid12StackManagerImE4InitEv
 .text._ZN3kmg5solid10MemManagerImE7GetUsedEv
                0xf80206f0       0x20 C:/ProgramData/KMC/SOLID/SDK/2.0/solid-os/core/lib/armv7aLaiv/CD_\libsolid_cs.a(solid_mem.o)
                0xf80206f0                _ZN3kmg5solid10MemManagerImE7GetUsedEv
 .text._ZN3kmg5solid12StackManagerImE7SetModeEb
                0xf8020710       0x74 C:/ProgramData/KMC/SOLID/SDK/2.0/solid-os/core/lib/armv7aLaiv/CD_\libsolid_cs.a(solid_mem.o)
                0xf8020710                _ZN3kmg5solid12StackManagerImE7SetModeEb
 .text._ZN3kmg5solid12StackManagerImE5AllocEjPm
                0xf8020784      0x1c4 C:/ProgramData/KMC/SOLID/SDK/2.0/solid-os/core/lib/armv7aLaiv/CD_\libsolid_cs.a(solid_mem.o)
                0xf8020784                _ZN3kmg5solid12StackManagerImE5AllocEjPm
 .text._ZN3kmg5solid12StackManagerImE4FreeEm
                0xf8020948      0x15c C:/ProgramData/KMC/SOLID/SDK/2.0/solid-os/core/lib/armv7aLaiv/CD_\libsolid_cs.a(solid_mem.o)
                0xf8020948                _ZN3kmg5solid12StackManagerImE4FreeEm
 .text._ZN3kmg5solid10MemManagerImE12AllocAlignedEjmPm
                0xf8020aa4      0x298 C:/ProgramData/KMC/SOLID/SDK/2.0/solid-os/core/lib/armv7aLaiv/CD_\libsolid_cs.a(solid_mem.o)
                0xf8020aa4                _ZN3kmg5solid10MemManagerImE12AllocAlignedEjmPm
 .text._ZN3kmg5solid10MemManagerImED0Ev
                0xf8020d3c       0x30 C:/ProgramData/KMC/SOLID/SDK/2.0/solid-os/core/lib/armv7aLaiv/CD_\libsolid_cs.a(solid_mem.o)
                0xf8020d3c                _ZN3kmg5solid10MemManagerImED0Ev
 .text._ZN3kmg5solid12StackManagerImED0Ev
                0xf8020d6c       0x30 C:/ProgramData/KMC/SOLID/SDK/2.0/solid-os/core/lib/armv7aLaiv/CD_\libsolid_cs.a(solid_mem.o)
                0xf8020d6c                _ZN3kmg5solid12StackManagerImED0Ev
 .text._ZN3kmg5solid10MemManagerImE10AllocChunkEv
                0xf8020d9c       0x64 C:/ProgramData/KMC/SOLID/SDK/2.0/solid-os/core/lib/armv7aLaiv/CD_\libsolid_cs.a(solid_mem.o)
                0xf8020d9c                _ZN3kmg5solid10MemManagerImE10AllocChunkEv
 .text._ZN3kmg5solid10MemManagerImE8AddChunkERPNS0_15SOLID_MEM_CHUNKImEES5_b
                0xf8020e00      0x18c C:/ProgramData/KMC/SOLID/SDK/2.0/solid-os/core/lib/armv7aLaiv/CD_\libsolid_cs.a(solid_mem.o)
                0xf8020e00                _ZN3kmg5solid10MemManagerImE8AddChunkERPNS0_15SOLID_MEM_CHUNKImEES5_b
 .text._ZN3kmg5solid10MemManagerImE9FreeChunkEPNS0_15SOLID_MEM_CHUNKImEE
                0xf8020f8c       0x9c C:/ProgramData/KMC/SOLID/SDK/2.0/solid-os/core/lib/armv7aLaiv/CD_\libsolid_cs.a(solid_mem.o)
                0xf8020f8c                _ZN3kmg5solid10MemManagerImE9FreeChunkEPNS0_15SOLID_MEM_CHUNKImEE
 .text._ZN3kmg5solid10MemManagerImE11RemoveChunkERPNS0_15SOLID_MEM_CHUNKImEES5_S5_
                0xf8021028       0x78 C:/ProgramData/KMC/SOLID/SDK/2.0/solid-os/core/lib/armv7aLaiv/CD_\libsolid_cs.a(solid_mem.o)
                0xf8021028                _ZN3kmg5solid10MemManagerImE11RemoveChunkERPNS0_15SOLID_MEM_CHUNKImEES5_S5_
 .text._ZN3kmg5solid12StackManagerImE8IsInUsedEmj
                0xf80210a0      0x148 C:/ProgramData/KMC/SOLID/SDK/2.0/solid-os/core/lib/armv7aLaiv/CD_\libsolid_cs.a(solid_mem.o)
                0xf80210a0                _ZN3kmg5solid12StackManagerImE8IsInUsedEmj
 .text          0xf80211e8     0x136c C:/ProgramData/KMC/SOLID/SDK/2.0/solid-os/core/lib/armv7aLaiv/CD_\libsolid_cs.a(solid_mem_cache.o)
                0xf80211e8                _ZN3kmg5solid5CACHE4InitEv
                0xf802149c                _ZN3kmg5solid5CACHE12EnableCachesEb
                0xf8021508                _ZN3kmg5solid5CACHE7InitL2CEv
                0xf8021560                _ZN3kmg5solid5CACHE7Init2ndEv
                0xf8021578                _ZN3kmg5solid5CACHE4InvIEv
                0xf80216e0                _ZN3kmg5solid5CACHE4InvIEmj
                0xf8021750                _ZN3kmg5solid5CACHE10InvIStrictEmj
                0xf802189c                _ZN3kmg5solid5CACHE4InvDEmj
                0xf8021a50                _ZN3kmg5solid5CACHE5FlushEmj
                0xf8021ac0                _ZN3kmg5solid5CACHE10InvDStrictEmj
                0xf8021d30                _ZN3kmg5solid5CACHE5CleanEv
                0xf8021f5c                _ZN3kmg5solid5CACHE5CleanEmj
                0xf8021fcc                _ZN3kmg5solid5CACHE11CleanStrictEmj
                0xf8022174                _ZN3kmg5solid5CACHE5FlushEv
                0xf802229c                _ZN3kmg5solid5CACHE11FlushStrictEmj
 .text          0xf8022554      0x198 C:/ProgramData/KMC/SOLID/SDK/2.0/solid-os/core/lib/armv7aLaiv/CD_\libsolid_cs.a(solid_mutex.o)
                0xf8022554                SOLID_InitializeCriticalSection
                0xf8022598                SOLID_EnterCriticalSection
                0xf8022608                SOLID_TryEnterCriticalSection
                0xf802265c                SOLID_LeaveCriticalSection
 .text          0xf80226ec      0x1ac C:/ProgramData/KMC/SOLID/SDK/2.0/solid-os/core/lib/armv7aLaiv/CD_\libsolid_cs.a(solid_rtc.o)
                0xf80226ec                SOLID_RTC_Init
                0xf8022708                SOLID_RTC_ReadTime
                0xf802275c                SOLID_RTC_SetTime
 .text          0xf8022898     0x1754 C:/ProgramData/KMC/SOLID/SDK/2.0/solid-os/core/lib/armv7aLaiv/CD_\libsolid_cs.a(solid_timer.o)
                0xf80228d4                _ZN3kmg5solid9TickCount4InitEP17_IMPL_TIMER_INFO_
                0xf802294c                _ZN3kmg5solid9TickCount14GetCurrentTickEv
                0xf8022990                _ZN3kmg5solid9TickCount12CalcNextTickEm
                0xf80229f0                _ZN3kmg5solid9TickCount6ToTickEm
                0xf8022a54                _ZN3kmg5solid9TickCount6ToUsecEy
                0xf8022ac4                _ZN3kmg5solid9TickCount10UpdateTickEv
                0xf8022b28                _ZN3kmg5solid9TickCount7SuspendEv
                0xf8022b40                _ZN3kmg5solid9TickCount6ResumeEv
                0xf8022b94                _ZN3kmg5solid5Timer12CallBackFuncEPvP19_SOLID_CPU_CONTEXT_
                0xf8022bd4                _ZN3kmg5solid5Timer11NotifyTimerEP19_SOLID_CPU_CONTEXT_
                0xf8022e90                _ZN3kmg5solid5Timer4InitEv
                0xf802353c                SOLID_TIMER_GetCurrentTick
                0xf8023550                SOLID_TIMER_WaitNsec
                0xf8023650                _ZN3kmg5solid5Timer7ToTicksEy
                0xf80236c4                _ZN3kmg5solid5Timer8SetTimerEy
                0xf8023848                _ZN3kmg5solid5Timer10SetMaxTimeEv
                0xf8023888                _ZN3kmg5solid5Timer8RegisterEP21_SOLID_TIMER_HANDLER_
                0xf80239d8                _ZN3kmg5solid5Timer8AddQueueEP21_SOLID_TIMER_HANDLER_
                0xf8023b78                _ZN3kmg5solid5Timer10UnRegisterEP21_SOLID_TIMER_HANDLER_
                0xf8023d24                _ZN3kmg5solid5Timer7SuspendEv
                0xf8023d60                _ZN3kmg5solid5Timer6ResumeEv
                0xf8023da0                SOLID_TIMER_Init
                0xf8023db4                SOLID_TIMER_ToUsec
                0xf8023e04                SOLID_TIMER_RegisterTimer
                0xf8023e40                SOLID_TIMER_UnRegisterTimer
                0xf8023e7c                SOLID_TIMER_GetTicksPerSec
                0xf8023e90                SOLID_TIMER_GetMaxTicks
                0xf8023f58                SOLID_TIMER_GetMaxTimerTime
                0xf8023fb4                SOLID_TIMER_Suspend
                0xf8023fc8                SOLID_TIMER_Resume
 .text._ZN3kmg5solid9TickCountC2Ev
                0xf8023fec       0x1c C:/ProgramData/KMC/SOLID/SDK/2.0/solid-os/core/lib/armv7aLaiv/CD_\libsolid_cs.a(solid_timer.o)
                0xf8023fec                _ZN3kmg5solid9TickCountC2Ev
 .text._ZN3kmg5solid9TickCountD2Ev
                0xf8024008       0x1c C:/ProgramData/KMC/SOLID/SDK/2.0/solid-os/core/lib/armv7aLaiv/CD_\libsolid_cs.a(solid_timer.o)
                0xf8024008                _ZN3kmg5solid9TickCountD2Ev
 .text._ZN3kmg5solid5TimerC2Ev
                0xf8024024       0x1c C:/ProgramData/KMC/SOLID/SDK/2.0/solid-os/core/lib/armv7aLaiv/CD_\libsolid_cs.a(solid_timer.o)
                0xf8024024                _ZN3kmg5solid5TimerC2Ev
 .text._ZN3kmg5solid5TimerD2Ev
                0xf8024040       0x1c C:/ProgramData/KMC/SOLID/SDK/2.0/solid-os/core/lib/armv7aLaiv/CD_\libsolid_cs.a(solid_timer.o)
                0xf8024040                _ZN3kmg5solid5TimerD2Ev
 .text._ZNK3kmg5solid9TickCount14GetTicksPerSecEv
                0xf802405c       0x20 C:/ProgramData/KMC/SOLID/SDK/2.0/solid-os/core/lib/armv7aLaiv/CD_\libsolid_cs.a(solid_timer.o)
                0xf802405c                _ZNK3kmg5solid9TickCount14GetTicksPerSecEv
 .text._ZNK3kmg5solid5Timer14GetTicksPerSecEv
                0xf802407c       0x20 C:/ProgramData/KMC/SOLID/SDK/2.0/solid-os/core/lib/armv7aLaiv/CD_\libsolid_cs.a(solid_timer.o)
                0xf802407c                _ZNK3kmg5solid5Timer14GetTicksPerSecEv
 .text._ZNK3kmg5solid5Timer11GetMaxTicksEv
                0xf802409c       0x20 C:/ProgramData/KMC/SOLID/SDK/2.0/solid-os/core/lib/armv7aLaiv/CD_\libsolid_cs.a(solid_timer.o)
                0xf802409c                _ZNK3kmg5solid5Timer11GetMaxTicksEv
 .text          0xf80240bc      0x720 C:/ProgramData/KMC/SOLID/SDK/2.0/solid-os/core/lib/armv7aLaiv/CD_\libsolid_cs.a(solid_vector.o)
                0xf80240bc                SOLID_VECTOR_Init
                0xf8024184                SOLID_VECTOR_Register
                0xf8024218                SOLID_VECTOR_UnRegister
                0xf8024330                SOLID_VECTOR_Notify
                0xf80243f8                SOLID_VECTOR_IsInInterrupt
                0xf8024410                SOLID_SVC_Register
                0xf80246d0                SOLID_SVC_UnRegister
 .text          0xf80247dc      0x2a4 C:/ProgramData/KMC/SOLID/SDK/2.0/solid-os/core/lib/armv7aLaiv/CD_\libsolid_cs.a(solid_vlink.o)
                0xf80247dc                SOLID_VLINK_IsAvailable
                0xf802481c                SOLID_VLINK_WriteConsole
                0xf8024854                SOLID_VLINK_Init
                0xf8024924                SOLID_VLINK_GetCwd
 .text          0xf8024a80     0x1d0c C:/ProgramData/KMC/SOLID/SDK/2.0/solid-os/core/lib/armv7aLaiv/CD_\libsolid_cs.a(solid_mem_mmu.o)
                0xf8024a80                _ZN3kmg5solid3MMU4InitEv
                0xf8024e34                _ZN3kmg5solid3MMU11Free2ndPageEi
                0xf8024ea8                _ZN3kmg5solid3MMU5UnmapEmjb
                0xf80250c0                _ZN3kmg5solid3MMU9IsSectionEi
                0xf8025108                _ZN3kmg5solid3MMU6IsPageEi
                0xf8025148                _ZN3kmg5solid3MMU6ExpandEi
                0xf80252f8                _ZN3kmg5solid3MMU15Allocate2ndPageEv
                0xf80253dc                _ZN3kmg5solid3MMU6ReductEi
                0xf8025450                _ZN3kmg5solid3MMU13Get2ndPageIdxEi
                0xf80254d4                _ZN3kmg5solid3MMU3MapEmjmb
                0xf80257c4                _ZN3kmg5solid3MMU7IsValidEmj
                0xf80259cc                _ZN3kmg5solid3MMU9IsInvalidEmj
                0xf8025bd4                _ZN3kmg5solid3MMU9CheckAreaEmRbRjj
                0xf8025eb4                _ZN3kmg5solid3MMU5VA2PAEmPm
                0xf8025fe8                _ZN3kmg5solid3MMU7GetAttrEmPi
                0xf8026224                _ZN3kmg5solid3MMU7SetAttrEmi
                0xf80264dc                _ZN3kmg5solid3MMU7SetAttrEmji
 .text          0xf802678c      0x4e8 C:/ProgramData/KMC/SOLID/SDK/2.0/solid-os/core/lib/armv7aLaiv/CD_\libsolid_cs.a(kmc_evttracker_core.o)
                0xf802678c                __kmc_toppers_event_log_init
                0xf802695c                __kmc_toppers_event_logI
                0xf8026ae0                __kmc_toppers_event_set_int_mask
                0xf8026b08                __kmc_toppers_event_clear_int_mask
                0xf8026b30                __kmc_log_inh_enter
                0xf8026c00                __kmc_log_inh_leave
 .text          0xf8026c74     0x9488 C:/ProgramData/KMC/SOLID/SDK/2.0/solid-os/core/lib/armv7aLaiv/CD_\libsolid_cs.a(dlmalloc.o)
                0xf8026c74                create_mspace
                0xf8027028                create_mspace_with_base
                0xf802714c                mspace_track_large_chunks
                0xf80271b4                destroy_mspace
                0xf8027278                mspace_malloc
                0xf802943c                mspace_free
                0xf802b130                mspace_calloc
                0xf802b228                mspace_realloc
                0xf802be9c                mspace_realloc_in_place
                0xf802bf98                mspace_memalign
                0xf802c3d4                mspace_independent_calloc
                0xf802c874                mspace_independent_comalloc
                0xf802c8dc                mspace_bulk_free
                0xf802cb30                mspace_inspect_all
                0xf802cdd4                mspace_trim
                0xf802ce20                mspace_malloc_stats
                0xf802d0bc                mspace_footprint
                0xf802d0f4                mspace_max_footprint
                0xf802d12c                mspace_footprint_limit
                0xf802d194                mspace_set_footprint_limit
                0xf802d244                mspace_mallinfo
                0xf802d518                mspace_usable_size
                0xf802d59c                mspace_mallopt
 .text          0xf80300fc       0x30 C:/ProgramData/KMC/SOLID/SDK/2.0/solid-os/core/lib/armv7aLaiv/CD_\libsolid_cs.a(solid_asan.o)
                0xf80300fc                SOLID_ASAN_Enabled
                0xf8030108                SOLID_ASAN_RegisterReporter
 .text          0xf803012c        0x0 C:/ProgramData/KMC/SOLID/SDK/2.0/solid-os/core/lib/armv7aLaiv/CD_\libsolid_cs.a(solid_cs_args.o)
 .text          0xf803012c     0x2d70 C:/ProgramData/KMC/SOLID/SDK/2.0/solid-os/core/lib/armv7aLaiv/CD_\libsolid_cs.a(tasan.o)
                0xf803012c                asan_report_error
                0xf8030314                asan_report
                0xf8030394                asan_enabled
                0xf80303a4                __asan_report_load1_noabort
                0xf80303d8                __asan_report_load2_noabort
                0xf803040c                __asan_report_load4_noabort
                0xf8030440                __asan_report_load8_noabort
                0xf8030474                __asan_report_load16_noabort
                0xf80304a8                __asan_report_store1_noabort
                0xf80304d8                __asan_report_store2_noabort
                0xf8030514                __asan_report_store4_noabort
                0xf8030550                __asan_report_store8_noabort
                0xf803058c                __asan_report_store16_noabort
                0xf80305c8                asan_check_double_free
                0xf80307ec                __asan_load1
                0xf80308e4                __asan_load1_noabort
                0xf80309dc                __asan_store1
                0xf8030ad0                __asan_store1_noabort
                0xf8030bc4                __asan_load2
                0xf8030cbc                __asan_load2_noabort
                0xf8030db4                __asan_store2
                0xf8030eac                __asan_store2_noabort
                0xf8030fa4                __asan_load4
                0xf803109c                __asan_load4_noabort
                0xf8031194                __asan_store4
                0xf803128c                __asan_store4_noabort
                0xf8031384                __asan_load8
                0xf803147c                __asan_load8_noabort
                0xf8031574                __asan_store8
                0xf803166c                __asan_store8_noabort
                0xf8031764                __asan_load16
                0xf803185c                __asan_load16_noabort
                0xf8031954                __asan_store16
                0xf8031a4c                __asan_store16_noabort
                0xf8031b44                __asan_loadN
                0xf8031c48                __asan_loadN_noalign
                0xf8031d4c                __asan_loadN_noabort
                0xf8031e50                __asan_storeN
                0xf8031f54                __asan_storeN_noalign
                0xf8032058                __asan_storeN_noabort
                0xf803215c                asan_poison_shadow
                0xf8032240                asan_unpoison_shadow
                0xf8032314                __asan_register_globals
                0xf8032420                __asan_unregister_globals
                0xf8032444                tasan_init
                0xf8032504                __asan_handle_no_return
                0xf8032508                __asan_init_v5
                0xf803250c                __asan_init
                0xf8032510                __asan_version_mismatch_check_v8
                0xf8032514                __asan_before_dynamic_init
                0xf803252c                __asan_after_dynamic_init
                0xf8032530                asan_set_report_handler
 .text          0xf8032e9c     0x1198 C:/ProgramData/KMC/SOLID/SDK/2.0/solid-os/net/lwIP/lib/armv7aLaiv/CD_\libnet.a(sys_arch.o)
                0xf8032eb4                sys_init
                0xf8032eb8                sys_setup_OSresource
                0xf8033120                sys_start_daemon
                0xf8033198                sys_thread_new
                0xf8033304                lwip_daemon_thread
                0xf80333dc                sys_arch_protect
                0xf8033400                sys_arch_unprotect
                0xf8033424                sys_sem_new
                0xf8033598                sys_sem_signal
                0xf803364c                sys_arch_sem_wait
                0xf80337cc                sys_now
                0xf80337e8                sys_sem_free
                0xf8033818                sys_sem_valid
                0xf80338c4                sys_sem_set_invalid
                0xf80338e8                sys_mbox_new
                0xf80339c0                sys_mbox_post
                0xf8033a84                sys_mbox_trypost
                0xf8033b74                sys_arch_mbox_fetch
                0xf8033d28                sys_arch_mbox_tryfetch
                0xf8033df8                sys_mbox_free
                0xf8033e28                sys_mbox_valid
                0xf8033ed4                sys_mbox_set_invalid
                0xf8033ef8                lwip_thread_task
 .text          0xf8034034     0x4f7c C:/ProgramData/KMC/SOLID/SDK/2.0/solid-os/net/lwIP/lib/armv7aLaiv/CD_\libnet.a(sockets.o)
                0xf8034034                lwip_socket_thread_init
                0xf8034038                lwip_socket_thread_cleanup
                0xf803403c                lwip_accept
                0xf8034c70                lwip_bind
                0xf8034e5c                lwip_close
                0xf8034fa8                lwip_connect
                0xf8035258                lwip_listen
                0xf803543c                lwip_recvfrom
                0xf8035ac8                lwip_read
                0xf8035b20                lwip_recv
                0xf8035b84                lwip_send
                0xf8035d14                lwip_sendto
                0xf8035fe8                lwip_sendmsg
                0xf8036664                lwip_socket
                0xf8036834                lwip_write
                0xf8036880                lwip_writev
                0xf80368f8                lwip_select
                0xf8037714                lwip_shutdown
                0xf803793c                lwip_getpeername
                0xf8037b34                lwip_getsockname
                0xf8037b80                lwip_getsockopt
                0xf8038548                lwip_setsockopt
                0xf8038c70                lwip_ioctl
                0xf8038de4                lwip_fcntl
 .text          0xf8038fb0      0x74c C:/ProgramData/KMC/SOLID/SDK/2.0/solid-os/net/lwIP/lib/armv7aLaiv/CD_\libnet.a(tcpip.o)
                0xf8038fb0                tcpip_inpkt
                0xf80390a4                tcpip_input
                0xf803911c                tcpip_callback_with_block
                0xf803922c                tcpip_send_msg_wait_sem
                0xf8039298                tcpip_api_call
                0xf80392f8                tcpip_callbackmsg_new
                0xf803937c                tcpip_callbackmsg_delete
                0xf80393b4                tcpip_trycallback
                0xf8039404                tcpip_init
                0xf8039644                pbuf_free_callback
                0xf80396b8                mem_free_callback
 .text          0xf80396fc      0x4f0 C:/ProgramData/KMC/SOLID/SDK/2.0/solid-os/net/lwIP/lib/armv7aLaiv/CD_\libnet.a(def.o)
                0xf80396fc                lwip_htons
                0xf803971c                lwip_htonl
                0xf8039750                lwip_strnstr
                0xf8039878                lwip_stricmp
                0xf803996c                lwip_strnicmp
                0xf8039aa4                lwip_itoa
 .text          0xf8039bec       0x44 C:/ProgramData/KMC/SOLID/SDK/2.0/solid-os/net/lwIP/lib/armv7aLaiv/CD_\libnet.a(init.o)
                0xf8039bec                lwip_init
 .text          0xf8039c30      0xee8 C:/ProgramData/KMC/SOLID/SDK/2.0/solid-os/net/lwIP/lib/armv7aLaiv/CD_\libnet.a(ip4.o)
                0xf8039c30                ip4_route
                0xf8039e5c                ip4_input
                0xf803a5c0                ip4_output_if
                0xf803a69c                ip4_output_if_src
                0xf803aa28                ip4_output
 .text          0xf803ab18      0x914 C:/ProgramData/KMC/SOLID/SDK/2.0/solid-os/net/lwIP/lib/armv7aLaiv/CD_\libnet.a(ip4_addr.o)
                0xf803ab18                ip4_addr_isbroadcast_u32
                0xf803ac14                ip4_addr_netmask_valid
                0xf803acdc                ipaddr_addr
                0xf803ad30                ip4addr_aton
                0xf803b220                ip4addr_ntoa
                0xf803b258                ip4addr_ntoa_r
 .text          0xf803b42c     0x155c C:/ProgramData/KMC/SOLID/SDK/2.0/solid-os/net/lwIP/lib/armv7aLaiv/CD_\libnet.a(ip4_frag.o)
                0xf803b42c                ip_reass_tmr
                0xf803b708                ip4_reass
                0xf803c450                ip4_frag
 .text          0xf803c988      0xddc C:/ProgramData/KMC/SOLID/SDK/2.0/solid-os/net/lwIP/lib/armv7aLaiv/CD_\libnet.a(mem.o)
                0xf803c988                mem_init
                0xf803ca58                mem_free
                0xf803ce34                mem_trim
                0xf803d264                mem_malloc
                0xf803d6f8                mem_calloc
 .text          0xf803d764      0x49c C:/ProgramData/KMC/SOLID/SDK/2.0/solid-os/net/lwIP/lib/armv7aLaiv/CD_\libnet.a(memp.o)
                0xf803d764                memp_init_pool
                0xf803d834                memp_init
                0xf803d8ac                memp_malloc_pool
                0xf803da18                memp_malloc
                0xf803da80                memp_free_pool
                0xf803db8c                memp_free
 .text          0xf803dc00      0x9f8 C:/ProgramData/KMC/SOLID/SDK/2.0/solid-os/net/lwIP/lib/armv7aLaiv/CD_\libnet.a(netif.o)
                0xf803dc00                netif_init
                0xf803dc04                netif_input
                0xf803dc6c                netif_add
                0xf803de04                netif_set_addr
                0xf803deb8                netif_set_ipaddr
                0xf803dfd4                netif_set_netmask
                0xf803e038                netif_set_gw
                0xf803e09c                netif_remove
                0xf803e228                netif_set_down
                0xf803e2b8                netif_set_default
                0xf803e300                netif_find
                0xf803e470                netif_set_up
                0xf803e504                netif_set_status_callback
                0xf803e548                netif_set_link_up
                0xf803e5b8                netif_set_link_down
 .text          0xf803e5f8     0x23f0 C:/ProgramData/KMC/SOLID/SDK/2.0/solid-os/net/lwIP/lib/armv7aLaiv/CD_\libnet.a(pbuf.o)
                0xf803e5f8                pbuf_alloc
                0xf803ec08                pbuf_free
                0xf803ee58                pbuf_alloced_custom
                0xf803f010                pbuf_realloc
                0xf803f260                pbuf_header
                0xf803f4fc                pbuf_header_force
                0xf803f538                pbuf_clen
                0xf803f58c                pbuf_ref
                0xf803f604                pbuf_cat
                0xf803f70c                pbuf_chain
                0xf803f750                pbuf_dechain
                0xf803f874                pbuf_copy
                0xf803fb5c                pbuf_copy_partial
                0xf803fd64                pbuf_split_64k
                0xf803ff30                pbuf_skip
                0xf8040054                pbuf_take
                0xf804024c                pbuf_take_at
                0xf80403b4                pbuf_coalesce
                0xf8040478                pbuf_get_at
                0xf80404dc                pbuf_try_get_at
                0xf804056c                pbuf_put_at
                0xf80405f4                pbuf_memcmp
                0xf8040774                pbuf_memfind
                0xf8040864                pbuf_strstr
 .text          0xf80409e8       0x18 C:/ProgramData/KMC/SOLID/SDK/2.0/solid-os/net/lwIP/lib/armv7aLaiv/CD_\libnet.a(stats.o)
                0xf80409e8                stats_init
 .text          0xf8040a00     0x36dc C:/ProgramData/KMC/SOLID/SDK/2.0/solid-os/net/lwIP/lib/armv7aLaiv/CD_\libnet.a(tcp.o)
                0xf8040a00                tcp_init
                0xf8040a04                tcp_tmr
                0xf8040a38                tcp_fasttmr
                0xf8040bd0                tcp_slowtmr
                0xf804167c                tcp_close
                0xf8041aa8                tcp_shutdown
                0xf8041be4                tcp_abandon
                0xf8041ec4                tcp_pcb_remove
                0xf8042088                tcp_segs_free
                0xf80420d8                tcp_abort
                0xf8042104                tcp_bind
                0xf80424c0                tcp_listen_with_backlog
                0xf80424fc                tcp_listen_with_backlog_and_err
                0xf80427a8                tcp_update_rcv_ann_wnd
                0xf80428bc                tcp_recved
                0xf80429f0                tcp_connect
                0xf8042ddc                tcp_next_iss
                0xf8042e18                tcp_eff_send_mss_impl
                0xf8042ed8                tcp_pcb_purge
                0xf8043198                tcp_process_refused_data
                0xf80433cc                tcp_txnow
                0xf8043438                tcp_recv_null
                0xf80434dc                tcp_seg_free
                0xf8043540                tcp_setprio
                0xf8043570                tcp_seg_copy
                0xf80435e8                tcp_alloc
                0xf8043b70                tcp_new
                0xf8043b80                tcp_new_ip_type
                0xf8043bac                tcp_arg
                0xf8043bf0                tcp_recv
                0xf8043c54                tcp_sent
                0xf8043cb8                tcp_err
                0xf8043d1c                tcp_accept
                0xf8043d7c                tcp_poll
                0xf8043de8                tcp_netif_ip_addr_changed
                0xf8043f94                tcp_debug_state_str
 .text          0xf80440dc     0x4594 C:/ProgramData/KMC/SOLID/SDK/2.0/solid-os/net/lwIP/lib/armv7aLaiv/CD_\libnet.a(tcp_in.o)
                0xf80440dc                tcp_input
                0xf8046554                tcp_trigger_input_pcb_close
 .text          0xf8048670     0x2fd0 C:/ProgramData/KMC/SOLID/SDK/2.0/solid-os/net/lwIP/lib/armv7aLaiv/CD_\libnet.a(tcp_out.o)
                0xf8048670                tcp_send_fin
                0xf804875c                tcp_enqueue_flags
                0xf8048b0c                tcp_write
                0xf8049e14                tcp_send_empty_ack
                0xf804a158                tcp_output
                0xf804ac90                tcp_rst
                0xf804ae54                tcp_rexmit_rto
                0xf804af54                tcp_rexmit
                0xf804b0a8                tcp_rexmit_fast
                0xf804b1b0                tcp_keepalive
                0xf804b334                tcp_zero_window_probe
 .text          0xf804b640      0x834 C:/ProgramData/KMC/SOLID/SDK/2.0/solid-os/net/lwIP/lib/armv7aLaiv/CD_\libnet.a(timeouts.o)
                0xf804b640                tcp_timer_needed
                0xf804b6b8                sys_timeout
                0xf804b9d0                sys_timeouts_init
                0xf804ba90                sys_untimeout
                0xf804bbcc                sys_restart_timeouts
                0xf804bbe4                sys_timeouts_mbox_fetch
 .text          0xf804be74     0x1388 C:/ProgramData/KMC/SOLID/SDK/2.0/solid-os/net/lwIP/lib/armv7aLaiv/CD_\libnet.a(udp.o)
                0xf804be74                udp_init
                0xf804be78                udp_input
                0xf804c4ac                udp_send
                0xf804c510                udp_sendto
                0xf804c610                udp_sendto_if
                0xf804c73c                udp_sendto_if_src
                0xf804ca3c                udp_bind
                0xf804cd98                udp_connect
                0xf804cf34                udp_disconnect
                0xf804cf70                udp_recv
                0xf804cfbc                udp_remove
                0xf804d094                udp_new
                0xf804d0fc                udp_new_ip_type
                0xf804d124                udp_netif_ip_addr_changed
 .text          0xf804d1fc      0x3f4 C:/ProgramData/KMC/SOLID/SDK/2.0/solid-os/net/lwIP/lib/armv7aLaiv/CD_\libnet.a(ethernet.o)
                0xf804d1fc                ethernet_input
                0xf804d4b4                ethernet_output
 .text          0xf804d5f0      0x508 C:/ProgramData/KMC/SOLID/SDK/2.0/solid-os/net/lwIP/lib/armv7aLaiv/CD_\libnet.a(solid_net_if.o)
                0xf804d5f0                SOLID_NET_start_network
                0xf804d69c                SOLID_NET_IF_Init
                0xf804d7ac                SOLID_NET_IF_GetAdapter
                0xf804d7cc                SOLID_NET_IF_Test
 .text          0xf804daf8       0x5c C:/ProgramData/KMC/SOLID/SDK/2.0/solid-os/net/lwIP/lib/armv7aLaiv/CD_\libnet.a(solid_net_registerapi.o)
                0xf804daf8                SOLID_NET_RegisterAPIs
 .text          0xf804db54      0x908 C:/ProgramData/KMC/SOLID/SDK/2.0/solid-os/net/lwIP/lib/armv7aLaiv/CD_\libnet.a(impl_net_stack.o)
                0xf804db54                IMPL_NET_STACK_Init
                0xf804db58                IMPL_NET_STACK_Start
                0xf804db90                IMPL_NET_STACK_AddInterface
                0xf804e110                IMPL_NET_STACK_InputPacket
                0xf804e1c4                IMPL_NET_STACK_DriveProcess
                0xf804e1c8                IMPL_NET_STACK_SetLinkUp
                0xf804e218                IMPL_NET_STACK_SetLinkDown
                0xf804e450                IMPL_NET_STACK_GetPacketBufferOps
 .text          0xf804e45c       0xa4 C:/ProgramData/KMC/SOLID/SDK/2.0/solid-os/net/lwIP/lib/armv7aLaiv/CD_\libnet.a(impl_net_stack_errno.o)
                0xf804e45c                IMPL_NET_STACK_strerror
 .text          0xf804e500      0x25c C:/ProgramData/KMC/SOLID/SDK/2.0/solid-os/net/lwIP/lib/armv7aLaiv/CD_\libnet.a(ethernetif.o)
                0xf804e500                ethernetif_init
 .text          0xf804e75c     0x120c C:/ProgramData/KMC/SOLID/SDK/2.0/solid-os/net/lwIP/lib/armv7aLaiv/CD_\libnet.a(api_lib.o)
                0xf804e75c                netconn_new_with_proto_and_callback
                0xf804e934                netconn_delete
                0xf804e9c4                netconn_getaddr
                0xf804eab4                netconn_bind
                0xf804eb68                netconn_connect
                0xf804ec1c                netconn_disconnect
                0xf804ec88                netconn_listen_with_backlog
                0xf804ed00                netconn_accept
                0xf804eecc                netconn_recv_tcp_pbuf
                0xf804f2c4                netconn_recv
                0xf804f43c                netconn_sendto
                0xf804f4f4                netconn_send
                0xf804f57c                netconn_write_partly
                0xf804f72c                netconn_close
                0xf804f7e0                netconn_shutdown
                0xf804f844                netconn_gethostbyname
 .text          0xf804f968     0x3a64 C:/ProgramData/KMC/SOLID/SDK/2.0/solid-os/net/lwIP/lib/armv7aLaiv/CD_\libnet.a(api_msg.o)
                0xf804f968                lwip_netconn_do_newconn
                0xf804fb94                netconn_alloc
                0xf804fd0c                netconn_free
                0xf804fdb4                lwip_netconn_do_delconn
                0xf8050964                lwip_netconn_do_bind
                0xf8050ad8                lwip_netconn_do_connect
                0xf80510c4                lwip_netconn_do_disconnect
                0xf8051190                lwip_netconn_do_listen
                0xf805170c                lwip_netconn_do_send
                0xf8051890                lwip_netconn_do_recv
                0xf80519d0                lwip_netconn_do_write
                0xf80522ec                lwip_netconn_do_getaddr
                0xf8052564                lwip_netconn_do_close
                0xf80527d0                lwip_netconn_do_gethostbyname
 .text          0xf80533cc       0xcc C:/ProgramData/KMC/SOLID/SDK/2.0/solid-os/net/lwIP/lib/armv7aLaiv/CD_\libnet.a(err.o)
                0xf80533cc                err_to_errno
                0xf8053430                lwip_strerr
 .text          0xf8053498      0x5b8 C:/ProgramData/KMC/SOLID/SDK/2.0/solid-os/net/lwIP/lib/armv7aLaiv/CD_\libnet.a(netbuf.o)
                0xf8053498                netbuf_new
                0xf80534e4                netbuf_delete
                0xf805355c                netbuf_alloc
                0xf8053658                netbuf_free
                0xf80536d0                netbuf_ref
                0xf80537e0                netbuf_chain
                0xf8053870                netbuf_data
                0xf8053968                netbuf_next
                0xf8053a0c                netbuf_first
 .text          0xf8053a50      0x768 C:/ProgramData/KMC/SOLID/SDK/2.0/solid-os/net/lwIP/lib/armv7aLaiv/CD_\libnet.a(netdb.o)
                0xf8053a50                lwip_gethostbyname
                0xf8053b54                lwip_gethostbyname_r
                0xf8053d70                lwip_freeaddrinfo
                0xf8053dc4                lwip_getaddrinfo
 .text          0xf80541b8     0x1ac4 C:/ProgramData/KMC/SOLID/SDK/2.0/solid-os/net/lwIP/lib/armv7aLaiv/CD_\libnet.a(dns.o)
                0xf80541b8                dns_init
                0xf80541d4                dns_setserver
                0xf8054258                dns_getserver
                0xf80542ac                dns_tmr
                0xf8054308                dns_gethostbyname
                0xf8054368                dns_gethostbyname_addrtype
 .text          0xf8055c7c      0x874 C:/ProgramData/KMC/SOLID/SDK/2.0/solid-os/net/lwIP/lib/armv7aLaiv/CD_\libnet.a(inet_chksum.o)
                0xf8055c7c                lwip_standard_chksum
                0xf8055dc4                inet_chksum_pseudo
                0xf8055ffc                ip_chksum_pseudo
                0xf8056068                inet_chksum_pseudo_partial
                0xf8056340                ip_chksum_pseudo_partial
                0xf80563c0                inet_chksum
                0xf80563fc                inet_chksum_pbuf
 .text          0xf80564f0        0x0 C:/ProgramData/KMC/SOLID/SDK/2.0/solid-os/net/lwIP/lib/armv7aLaiv/CD_\libnet.a(ip.o)
 .text          0xf80564f0     0x3a64 C:/ProgramData/KMC/SOLID/SDK/2.0/solid-os/net/lwIP/lib/armv7aLaiv/CD_\libnet.a(dhcp.o)
                0xf80564f0                dhcp_coarse_tmr
                0xf8056664                dhcp_release
                0xf8056c3c                dhcp_fine_tmr
                0xf8056e84                dhcp_set_struct
                0xf8056f1c                dhcp_cleanup
                0xf8056f84                dhcp_start
                0xf8057330                dhcp_stop
                0xf80573e4                dhcp_inform
                0xf8057cd4                dhcp_network_changed
                0xf8057fb8                dhcp_arp_reply
                0xf8058208                dhcp_renew
                0xf805845c                dhcp_supplied_address
 .text          0xf8059f54     0x1d94 C:/ProgramData/KMC/SOLID/SDK/2.0/solid-os/net/lwIP/lib/armv7aLaiv/CD_\libnet.a(etharp.o)
                0xf8059f54                etharp_tmr
                0xf805a24c                etharp_request
                0xf805a290                etharp_add_static_entry
                0xf805a588                etharp_remove_static_entry
                0xf805aad8                etharp_cleanup_netif
                0xf805ab84                etharp_find_addr
                0xf805acb8                etharp_get_entry
                0xf805adec                etharp_input
                0xf805b2a0                etharp_output
                0xf805b7b4                etharp_query
 .text          0xf805bce8      0x808 C:/ProgramData/KMC/SOLID/SDK/2.0/solid-os/net/lwIP/lib/armv7aLaiv/CD_\libnet.a(icmp.o)
                0xf805bce8                icmp_input
                0xf805c2a0                icmp_dest_unreach
                0xf805c4a8                icmp_time_exceeded
 .text          0xf805c4f0     0x16ac C:/ProgramData/KMC/SOLID/SDK/2.0/solid-os/rtos/toppers_asp3/lib/armv7aLaiv/CD__\libkernel.a(dataqueue.o)
                0xf805c508                _kernel_initialize_dataqueue
                0xf805c770                _kernel_enqueue_data
                0xf805c7f8                _kernel_force_enqueue_data
                0xf805c8b0                _kernel_dequeue_data
                0xf805c93c                _kernel_send_data
                0xf805cb1c                _kernel_force_send_data
                0xf805cb98                _kernel_receive_data
                0xf805cc8c                snd_dtq
                0xf805ce6c                psnd_dtq
                0xf805cf94                tsnd_dtq
                0xf805d1b4                fsnd_dtq
                0xf805d2e8                rcv_dtq
                0xf805d578                prcv_dtq
                0xf805d698                trcv_dtq
                0xf805d900                ini_dtq
                0xf805da1c                ref_dtq
 .text          0xf805db9c      0xba8 C:/ProgramData/KMC/SOLID/SDK/2.0/solid-os/rtos/toppers_asp3/lib/armv7aLaiv/CD__\libkernel.a(interrupt.o)
                0xf805dbb4                _kernel_initialize_isr
                0xf805e158                _kernel_call_isr
                0xf805e224                _kernel_initialize_interrupt
                0xf805e364                dis_int
                0xf805e444                ena_int
                0xf805e518                chg_ipm
                0xf805e6c0                get_ipm
 .text          0xf805e744      0x470 C:/ProgramData/KMC/SOLID/SDK/2.0/solid-os/rtos/toppers_asp3/lib/armv7aLaiv/CD__\libkernel.a(vasyslog.o)
                0xf805e75c                syslog
 .text          0xf805ebb4      0xae4 C:/ProgramData/KMC/SOLID/SDK/2.0/solid-os/rtos/toppers_asp3/lib/armv7aLaiv/CD__\libkernel.a(semaphore.o)
                0xf805ebcc                _kernel_initialize_semaphore
                0xf805ec88                sig_sem
                0xf805ef58                wai_sem
                0xf805f0c4                pol_sem
                0xf805f1b8                twai_sem
                0xf805f3a4                ini_sem
                0xf805f4a8                ref_sem
 .text          0xf805f698      0x274 C:/ProgramData/KMC/SOLID/SDK/2.0/solid-os/rtos/toppers_asp3/lib/armv7aLaiv/CD__\libkernel.a(startup.o)
                0xf805f6b0                sta_ker
                0xf805f700                _kernel_initialize_kmm
                0xf805f73c                ext_ker
                0xf805f794                _kernel_exit_kernel
                0xf805f858                _kernel_kernel_malloc
                0xf805f8b8                _kernel_kernel_free
 .text          0xf805f90c      0x850 C:/ProgramData/KMC/SOLID/SDK/2.0/solid-os/rtos/toppers_asp3/lib/armv7aLaiv/CD__\libkernel.a(sys_manage.o)
                0xf805f924                rot_rdq
                0xf805fa90                get_tid
                0xf805fb4c                get_lod
                0xf805fc98                get_nth
                0xf805fe2c                loc_cpu
                0xf805fe60                unl_cpu
                0xf805fe94                dis_dsp
                0xf805ff08                ena_dsp
                0xf806003c                sns_ctx
                0xf8060060                sns_loc
                0xf8060084                sns_dsp
                0xf80600b0                sns_dpn
                0xf8060120                sns_ker
 .text          0xf806015c      0xeac C:/ProgramData/KMC/SOLID/SDK/2.0/solid-os/rtos/toppers_asp3/lib/armv7aLaiv/CD__\libkernel.a(task.o)
                0xf8060174                _kernel_initialize_task
                0xf80604a4                _kernel_make_dormant
                0xf8060524                _kernel_make_active
                0xf80605ac                _kernel_search_schedtsk
                0xf80605ec                _kernel_make_runnable
                0xf8060730                _kernel_make_non_runnable
                0xf80609dc                _kernel_change_priority
                0xf8060c7c                _kernel_rotate_ready_queue
                0xf8060dc4                _kernel_task_terminate
 .text          0xf8061008       0x18 C:/ProgramData/KMC/SOLID/SDK/2.0/solid-os/rtos/toppers_asp3/lib/armv7aLaiv/CD__\libkernel.a(taskhook.o)
 .text          0xf8061020      0xa38 C:/ProgramData/KMC/SOLID/SDK/2.0/solid-os/rtos/toppers_asp3/lib/armv7aLaiv/CD__\libkernel.a(task_manage.o)
                0xf8061038                act_tsk
                0xf8061220                can_act
                0xf8061324                get_tst
                0xf80614f4                chg_pri
                0xf8061810                get_pri
                0xf8061940                get_inf
 .text          0xf8061a58      0xc34 C:/ProgramData/KMC/SOLID/SDK/2.0/solid-os/rtos/toppers_asp3/lib/armv7aLaiv/CD__\libkernel.a(time_event.o)
                0xf8061a70                _kernel_initialize_tmevt
                0xf8061bb0                _kernel_tmevt_up
                0xf8061c74                _kernel_tmevt_down
                0xf8061d88                _kernel_update_current_evttim
                0xf8061e78                _kernel_set_hrt_event
                0xf8061f60                _kernel_tmevtb_register
                0xf8061fec                _kernel_tmevtb_enqueue
                0xf8062094                _kernel_tmevtb_dequeue
                0xf8062234                _kernel_check_adjtim
                0xf8062338                _kernel_tmevt_lefttim
                0xf80623b8                _kernel_signal_time
 .text          0xf806268c      0x848 C:/ProgramData/KMC/SOLID/SDK/2.0/solid-os/rtos/toppers_asp3/lib/armv7aLaiv/CD__\libkernel.a(wait.o)
                0xf80626a4                _kernel_make_wait_tmout
                0xf8062830                _kernel_wait_tmout
                0xf80628a0                _kernel_wait_complete
                0xf8062a2c                _kernel_wait_tmout_ok
                0xf8062a94                _kernel_wobj_make_wait
                0xf8062b9c                _kernel_wobj_make_wait_tmout
                0xf8062c10                _kernel_init_wait_queue
 .text          0xf8062ed4       0x68 C:/ProgramData/KMC/SOLID/SDK/2.0/solid-os/rtos/toppers_asp3/lib/armv7aLaiv/CD__\libkernel.a(solid_rtos_registerapi.o)
                0xf8062ed4                SOLID_RTOS_RegisterAPIs